Map {
  "0.0.0" => "A0%1sF0R si prepara a fondersi con A0%2sF3R!",
  "0.1.0" => "Sconfiggi A0%1sF2R per evitare che si fonda con A0%2sF3R!",
  "0.2.0" => "A0%1sF0R si prepara a fondersi con A0%2sF3R!",
  "0.3.0" => "A0%1sF0R appare per sorvegliare la fusione!",
  "0.4.0" => "A0%1sF0R si prepara a evocare dei demoni!",
  "0.5.0" => "A0%1sF0R si fonde con A0%2sF3R e diventa un gigante!",
  "0.6.0" => "Dopo la fusione con A0%1sF3R è ancora più forte!",
  "0.7.0" => "Dopo la fusione con A0%1sF3R è più forte!",
  "0.8.0" => "A0%1sF0R ha terminato la fusione e riprende la marcia!",
  "0.9.0" => "A0%1sF1R appaiono in vari punti!",
  "0.13.0" => "A0%1sF1R si ritirano!",
  "0.14.0" => "Hai sconfitto A0%1sF3R!",
  "0.15.0" => "A0%1sF0R ha fallito la fusione e si demoralizza!",
  "0.16.0" => "L'A0%1sF1R ha perso la battaglia!",
  "0.17.0" => "A0%1sF1R sono più forti grazie a un rifornimento magico!",
  "0.18.0" => "Se sconfiggi A0%1sF2R il nemico si indebolirà!",
  "0.19.0" => "Presto, sconfiggi A0%1sF2R!",
  "0.20.0" => "A0%2sF0R ha perso! A0%1sF1R ora sono più deboli!",
  "0.21.0" => "A0%1sF0R ha evocato A0%2sF2R!",
  "0.22.0" => "A0%1sF0R ha evocato ancora A0%2sF6R!",
  "0.23.0" => "Hai sconfitto A0%1sF2R!",
  "0.24.0" => "Sconfiggi A0%1sF3R restanti!",
  "0.25.0" => "A0%1sF0R si prepara alla fusione!",
  "0.26.0" => "A0%1sF0R recupererà le energie se riesce a fondersi!",
  "0.27.0" => "A0%1sF0R percepisce la battaglia e avanza!",
  "0.28.0" => "A0%1sF1R vanno verso A0%2sF2R!",
  "0.29.0" => "A0%1sF1R si mettono in marcia!",
  "0.30.0" => "La sconfitta di A0%2sF6R disorienta A0%1sF3R!",
  "0.31.0" => "A0%1sF1R si calmano e si rimettono in marcia!",
  "1.0.0" => "01",
  "1.1.0" => "02",
  "1.2.0" => "03",
  "1.3.0" => "04",
  "1.4.0" => "05",
  "1.5.0" => "06",
  "1.6.0" => "07",
  "1.7.0" => "08",
  "1.8.0" => "09",
  "1.9.0" => "10",
  "3.0.0" => "Sconfiggi A61000 nemiciR nel tempo limite!",
  "3.1.0" => "Sconfiggi tutti i A2capi ordaR!",
}