Map {
  "0.0.0" => "Une partie A0%1sF3R avance!",
  "0.1.0" => "A0%1sF5R et A0%2sF1R ont temporairement battu en retraite!",
  "0.2.0" => "A2DesR A0%1sF7R et A2desR A0%2sF7R ont rejoint le champ de bataille!",
  "0.3.0" => "A0%1sF4R a invoqué A0%2sF2R!",
  "0.4.0" => "A0%1sF4R se cache quelque part sur le champ de bataille!",
  "0.5.0" => "A0%1sF4R a un comportement suspect!",
  "0.7.0" => "A0%1sF4R se cache à proximité A2desR A0%2sF7R!",
  "0.8.0" => "A0%1sF4R se cache et concentre ses pouvoirs magiques!",
  "0.9.0" => "A0%1sF4R se prépare à invoquer des renforts ennemis cachés!",
  "0.10.0" => "A0%1sF4R se cache à un autre endroit!",
  "0.11.0" => "Vous avez trouvé A0%1sF0R!",
  "0.12.0" => "Vous avez vaincu A0%1sF0R!",
  "0.13.0" => "A2Des monstres cachésR sont apparus près A0%1sF3R!",
  "0.14.0" => "A0%1sF4R avance pour attaquer A0%2sF0R!",
  "0.15.0" => "A0%1sF5R a perdu la bataille!",
  "0.16.0" => "A0%1sF4R a invoqué A0%2sF2R!",
  "0.17.0" => "A0%1sF4R s'est renforcé et a récupéré toute son énergie vitale!",
  "0.18.0" => "A2Un convoi de bouteilles de magieR est arrivé sur le champ de bataille!",
  "0.19.0" => "Éliminez les ennemis cachés et trouvez A2les capitaines ennemisR!",
  "0.21.0" => "A0%1sF4R est de retour après avoir retrouvé son calme!",
  "0.22.0" => "Éliminez A0%1sF0R!",
  "0.23.0" => "A0%1sF6R a rejoint le champ de bataille!",
  "0.24.0" => "A0%1sF4R avance!",
  "0.27.0" => "A0%1sF4R se cache et se prépare à invoquer A2un monstre géantR!",
  "0.28.0" => "A0%1sF4R se cache et se prépare à invoquer A0%2sF2R!",
  "1.0.0" => "01",
  "1.1.0" => "02",
  "1.2.0" => "03",
  "1.3.0" => "04",
  "1.4.0" => "05",
  "1.5.0" => "06",
  "1.6.0" => "07",
  "1.7.0" => "08",
  "1.8.0" => "09",
  "1.9.0" => "10",
  "3.0.0" => "Éliminez tous A2lesR
A2capitaines ennemisR!",
}