Map {
  "0.1.0" => "A0%1sF1R have appeared on the battlefield!",
  "0.2.0" => "The A0%1sF1R have started a A2seed attackR on multiple locations!",
  "0.3.0" => "Defeat the A0%1sF3R, and stop the A2seed attackR!",
  "0.4.0" => "You defeated the A0%1sF5R, stopping the A2seed attackR!",
}