Map {
  "0.1.0" => "Du hast alle A2feindlichen HauptleuteR besiegt!",
  "0.2.0" => "Die Zeit ist um! Du hast verloren!",
  "0.3.0" => "Deine Lebensenergie ist zu gering - du hast verloren!",
  "0.4.0" => "A0%1sF1R haben Verstärkung erhalten!",
  "0.5.0" => "A0%1sF1R haben weitere Verstärkung erhalten!",
  "0.6.0" => "Feindliche A2FernkämpferR wurden auf dem Schlachtfeld gesichtet!",
  "0.7.0" => "Nimm dich vor A6FernangriffenR in Acht!",
  "0.8.0" => "Ein A2Force-Kristall-TransportsoldatR wurde auf dem Schlachtfeld gesichtet!",
  "0.9.0" => "Weitere feindliche A2FernkämpferR wurden gesichtet!",
  "0.10.0" => "Noch A65 FeindeR!",
  "0.11.0" => "Noch A610 FeindeR!",
  "0.12.0" => "Noch A620 FeindeR!",
  "0.13.0" => "Noch A64 FeindeR!",
  "0.14.0" => "Noch A63 FeindeR!",
  "0.15.0" => "Noch A62 FeindeR!",
  "0.16.0" => "Noch A61 FeindR!",
  "1.0.0" => "01",
  "1.1.0" => "02",
  "1.2.0" => "03",
  "1.3.0" => "04",
  "1.4.0" => "05",
  "1.5.0" => "06",
  "1.6.0" => "07",
  "1.7.0" => "08",
  "1.8.0" => "09",
  "1.9.0" => "10",
  "3.0.0" => "Besiege A610R A2feindliche
HauptleuteR!",
  "3.1.0" => "Besiege A620R A2feindliche
HauptleuteR!",
  "3.2.0" => "Besiege A630R A2feindliche
HauptleuteR!",
}