Map {
  "0.0.0" => "Defeat A0%1sF2R!",
  "0.1.0" => "A0%1sF0R appeared!",
  "0.2.0" => "The A6Twilight RealmR made A2ZantR's magic stronger!",
  "0.3.0" => "A2ZantR's magic made A1MidnaR weaker!",
  "0.4.0" => "Time has run out! The battle is lost!",
  "0.5.0" => "A0%1sF2R was defeated! The battle is won!",
  "0.6.0" => "A0%1sF0R is advancing!",
  "0.7.0" => "A2ZantR used the A6Twilight RealmR to weaken A1MidnaR!",
  "0.8.0" => "Dispelling the A6Twilight RealmR has further weakened A2ZantR!",
  "0.9.0" => "Dispelling the A6Twilight RealmR has weakened A2ZantR!",
  "0.10.0" => "A0%1sF0R's magic power has returned, restoring her real form!",
  "0.11.0" => "-",
  "0.12.0" => "A0%1sF0R was turned into an A2enemyR by A2ZantR's magic!",
  "0.13.0" => "Don't let A0%1sF5R flee!",
  "0.14.0" => "A0%1sF0R appeared from A0%2sF6R!",
  "0.15.0" => "Approach and recruit A5AgithaR!",
  "0.16.0" => "A0%1sF0R is advancing to recruit A5AgithaR!",
  "0.17.0" => "A5AgithaR allied herself with A0%1sF7R!",
  "0.18.0" => "A5AgithaR allied herself with A0%1sF7R!",
  "0.19.0" => "A0%1sF0R has fled!",
  "0.20.0" => "A0%1sF1R are advancing toward A0%2sF6R!",
  "0.21.0" => "A0%1sF0R is advancing toward A0%2sF6R!",
  "0.22.0" => "A0%1sF0R is advancing toward A0%2sF6R!",
  "0.23.0" => "The A0%1sF0R in the north-west started a A2fireball attackR on C1%2sF6R!",
  "0.24.0" => "A0%1sF1R have appeared!",
  "0.25.0" => "A0%1sF0R has fled! A0%2sF5R have been defeated!",
  "0.26.0" => "A0%1sF4R has fallen! A0%2sF5R have been defeated!",
  "0.27.0" => "A0%1sF2R has been captured!",
  "0.28.0" => "Dispel any remaining A6Twilight RealmsR!",
  "0.29.0" => "You dispelled the A6Twilight RealmR!",
  "0.30.0" => "Dispel the A6Twilight RealmR!",
  "0.31.0" => "A0%1sF4R has fallen! A A6Twilight RealmR appeared!",
  "0.32.0" => "A0%1sF0R is open!",
  "0.33.0" => "A0%1sF0R has approached A5AgithaR!",
  "0.34.0" => "A0%1sF0R has approached A5AgithaR!",
  "0.35.0" => "Approach A5AgithaR before A0%1sF1R do!",
  "0.36.0" => "A2ZantR's weakened magical state has improved A1MidnaR's morale!",
  "0.37.0" => "All A6Twilight RealmsR have been dispelled!",
  "0.38.0" => "A2ZantR's magic is dispelled! A1MidnaR is at full strength!",
  "0.39.0" => "A2ZantR's magic is weakened! A1MidnaR is growing stronger!",
  "0.40.0" => "Two A0%1sF1R have appeared!",
  "0.41.0" => "A2ZantR's weakened magical state has further improved A1MidnaR's morale!",
  "0.42.0" => "A2ZantR's diminished magical power is making A1MidnaR stronger!",
  "1.0.1" => "Hyrule Castle",
  "1.1.1" => "Castle Keep",
  "1.2.1" => "Northwest Keep",
  "1.3.1" => "Central Keep",
  "1.4.1" => "West Keep",
  "1.5.1" => "North Keep",
  "1.6.1" => "East Keep",
  "1.7.1" => "South Keep",
  "1.8.1" => "Goddess Fountain",
  "1.9.1" => "Mountain Clearing",
  "2.0.1" => "Hyrule Castle Gate",
  "2.1.1" => "Hyrule Castle Main Gate",
  "2.2.1" => "Hyrule Castle Eastern Gate",
  "2.3.1" => "Hyrule Castle Side Gate",
  "2.4.1" => "Castle Keep South Gate",
  "2.5.1" => "Castle Keep North Gate",
  "2.6.1" => "West Keep North Gate",
  "2.7.1" => "West Keep South Gate",
  "2.8.1" => "West Keep West Gate",
  "2.9.1" => "Northwest Outer Gate",
  "2.10.1" => "Cavern Entrance",
  "2.11.1" => "Central Keep North Gate",
  "2.12.1" => "Central Keep West Gate",
  "2.13.1" => "Central Keep East Gate",
  "2.14.1" => "Northwest Keep North Gate",
  "2.15.1" => "Northwest Keep East Gate",
  "2.16.1" => "North Keep South Gate",
  "2.17.1" => "North Keep East Gate",
  "2.18.1" => "East Keep North Gate",
  "2.19.1" => "East Keep South Gate",
  "2.20.1" => "South Keep North Gate",
  "2.21.1" => "South Keep West Gate",
  "2.22.1" => "Temple Entrance",
  "2.23.1" => "Temple Outer Gates",
  "2.24.1" => "Mountain Path Entrance",
  "2.25.1" => "Mountain Clearing Entrance",
  "2.26.1" => "Northwest Keep South Gate",
  "2.27.1" => "Northwest Keep Side Gate",
  "3.0.0" => "Capture A2Zant's keepsR and
dispel the A6Twilight RealmR!",
  "3.1.0" => "Defeat A2ZantR!",
}