Map {
  "1.0.0" => "Plaza sureste",
  "1.0.1" => "La plaza sureste",
  "1.0.2" => "La plaza sureste",
  "1.0.3" => "la plaza sureste",
  "1.0.4" => "la plaza sureste",
  "1.0.5" => "a la plaza sureste",
  "1.0.6" => "a la plaza sureste",
  "1.0.7" => "de la plaza sureste",
  "1.0.8" => "de la plaza sureste",
  "1.1.0" => "Plaza del palacio",
  "1.1.1" => "La plaza del palacio",
  "1.1.2" => "La plaza del palacio",
  "1.1.3" => "la plaza del palacio",
  "1.1.4" => "la plaza del palacio",
  "1.1.5" => "a la plaza del palacio",
  "1.1.6" => "a la plaza del palacio",
  "1.1.7" => "de la plaza del palacio",
  "1.1.8" => "de la plaza del palacio",
  "1.2.0" => "Fuente del hada",
  "1.2.1" => "La fuente del hada",
  "1.2.2" => "La fuente del hada",
  "1.2.3" => "la fuente del hada",
  "1.2.4" => "la fuente del hada",
  "1.2.5" => "a la fuente del hada",
  "1.2.6" => "a la fuente del hada",
  "1.2.7" => "de la fuente del hada",
  "1.2.8" => "de la fuente del hada",
  "1.3.0" => "Plaza suroeste",
  "1.3.1" => "La plaza suroeste",
  "1.3.2" => "La plaza suroeste",
  "1.3.3" => "la plaza suroeste",
  "1.3.4" => "la plaza suroeste",
  "1.3.5" => "a la plaza suroeste",
  "1.3.6" => "a la plaza suroeste",
  "1.3.7" => "de la plaza suroeste",
  "1.3.8" => "de la plaza suroeste",
  "1.4.0" => "Entrada al palacio",
  "1.4.1" => "La entrada al palacio",
  "1.4.2" => "La entrada al palacio",
  "1.4.3" => "la entrada al palacio",
  "1.4.4" => "la entrada al palacio",
  "1.4.5" => "a la entrada al palacio",
  "1.4.6" => "a la entrada al palacio",
  "1.4.7" => "de la entrada al palacio",
  "1.4.8" => "de la entrada al palacio",
  "1.5.0" => "Salida del palacio",
  "1.5.1" => "La salida del palacio",
  "1.5.2" => "La salida del palacio",
  "1.5.3" => "la salida del palacio",
  "1.5.4" => "la salida del palacio",
  "1.5.5" => "a la salida del palacio",
  "1.5.6" => "a la salida del palacio",
  "1.5.7" => "de la salida del palacio",
  "1.5.8" => "de la salida del palacio",
  "1.6.0" => "Plaza oeste",
  "1.6.1" => "La plaza oeste",
  "1.6.2" => "La plaza oeste",
  "1.6.3" => "la plaza oeste",
  "1.6.4" => "la plaza oeste",
  "1.6.5" => "a la plaza oeste",
  "1.6.6" => "a la plaza oeste",
  "1.6.7" => "de la plaza oeste",
  "1.6.8" => "de la plaza oeste",
  "1.7.0" => "Palacio del oeste",
  "1.7.1" => "El palacio del oeste",
  "1.7.2" => "El palacio del oeste",
  "1.7.3" => "el palacio del oeste",
  "1.7.4" => "el palacio del oeste",
  "1.7.5" => "al palacio del oeste",
  "1.7.6" => "al palacio del oeste",
  "1.7.7" => "del palacio del oeste",
  "1.7.8" => "del palacio del oeste",
  "1.8.0" => "Palacio del norte",
  "1.8.1" => "El palacio del norte",
  "1.8.2" => "El palacio del norte",
  "1.8.3" => "el palacio del norte",
  "1.8.4" => "el palacio del norte",
  "1.8.5" => "al palacio del norte",
  "1.8.6" => "al palacio del norte",
  "1.8.7" => "del palacio del norte",
  "1.8.8" => "del palacio del norte",
  "1.9.0" => "Sala del trono",
  "1.9.1" => "La sala del trono",
  "1.9.2" => "La sala del trono",
  "1.9.3" => "la sala del trono",
  "1.9.4" => "la sala del trono",
  "1.9.5" => "a la sala del trono",
  "1.9.6" => "a la sala del trono",
  "1.9.7" => "de la sala del trono",
  "1.9.8" => "de la sala del trono",
  "1.40.0" => "Bastión (extremo S)",
  "1.41.0" => "Bastión este (ciudad)",
  "1.42.0" => "Bastión de la efigie",
  "1.43.0" => "Bastión de la academia",
  "1.44.0" => "Bastión oeste (ciudad)",
  "1.45.0" => "Plaza en ruinas",
  "1.46.0" => "Fuerte del sur",
  "1.47.0" => "Fuerte del norte",
  "1.48.0" => "Fuente del hada",
  "1.49.0" => "Bastión (extremo N)",
  "2.0.0" => "la plaza sureste",
  "2.0.1" => "la plaza sureste",
  "2.0.2" => "la plaza sureste",
  "2.0.3" => "de la plaza sureste",
  "2.0.4" => "la plaza sureste",
  "2.0.5" => "la plaza sureste",
  "2.0.6" => "la plaza sureste",
  "2.0.7" => "la plaza sureste",
  "2.0.8" => "la plaza sureste",
  "2.1.0" => "la plaza sureste",
  "2.1.1" => "la plaza sureste",
  "2.1.2" => "la plaza sureste",
  "2.1.3" => "de la plaza sureste",
  "2.1.4" => "la plaza sureste",
  "2.1.5" => "la plaza sureste",
  "2.1.6" => "la plaza sureste",
  "2.1.7" => "la plaza sureste",
  "2.1.8" => "la plaza sureste",
  "2.2.0" => "la plaza del palacio",
  "2.2.1" => "la plaza del palacio",
  "2.2.2" => "la plaza del palacio",
  "2.2.3" => "de la plaza del palacio",
  "2.2.4" => "la plaza del palacio",
  "2.2.5" => "la plaza del palacio",
  "2.2.6" => "la plaza del palacio",
  "2.2.7" => "la plaza del palacio",
  "2.2.8" => "la plaza del palacio",
  "2.3.0" => "la plaza del palacio",
  "2.3.1" => "la plaza del palacio",
  "2.3.2" => "la plaza del palacio",
  "2.3.3" => "de la plaza del palacio",
  "2.3.4" => "la plaza del palacio",
  "2.3.5" => "la plaza del palacio",
  "2.3.6" => "la plaza del palacio",
  "2.3.7" => "la plaza del palacio",
  "2.3.8" => "la plaza del palacio",
  "2.4.0" => "la plaza del palacio",
  "2.4.1" => "la plaza del palacio",
  "2.4.2" => "la plaza del palacio",
  "2.4.3" => "de la plaza del palacio",
  "2.4.4" => "la plaza del palacio",
  "2.4.5" => "la plaza del palacio",
  "2.4.6" => "la plaza del palacio",
  "2.4.7" => "la plaza del palacio",
  "2.4.8" => "la plaza del palacio",
  "2.5.0" => "la fuente del hada",
  "2.5.1" => "la fuente del hada",
  "2.5.2" => "la fuente del hada",
  "2.5.3" => "de la fuente del hada",
  "2.5.4" => "la fuente del hada",
  "2.5.5" => "la fuente del hada",
  "2.5.6" => "la fuente del hada",
  "2.5.7" => "la fuente del hada",
  "2.5.8" => "la fuente del hada",
  "2.6.0" => "la plaza suroeste",
  "2.6.1" => "la plaza suroeste",
  "2.6.2" => "la plaza suroeste",
  "2.6.3" => "de la plaza suroeste",
  "2.6.4" => "la plaza suroeste",
  "2.6.5" => "la plaza suroeste",
  "2.6.6" => "la plaza suroeste",
  "2.6.7" => "la plaza suroeste",
  "2.6.8" => "la plaza suroeste",
  "2.7.0" => "la plaza suroeste",
  "2.7.1" => "la plaza suroeste",
  "2.7.2" => "la plaza suroeste",
  "2.7.3" => "de la plaza suroeste",
  "2.7.4" => "la plaza suroeste",
  "2.7.5" => "la plaza suroeste",
  "2.7.6" => "la plaza suroeste",
  "2.7.7" => "la plaza suroeste",
  "2.7.8" => "la plaza suroeste",
  "2.8.0" => "la entrada al palacio",
  "2.8.1" => "la entrada al palacio",
  "2.8.2" => "la entrada al palacio",
  "2.8.3" => "de la entrada al palacio",
  "2.8.4" => "la entrada al palacio",
  "2.8.5" => "la entrada al palacio",
  "2.8.6" => "la entrada al palacio",
  "2.8.7" => "la entrada al palacio",
  "2.8.8" => "la entrada al palacio",
  "2.9.0" => "la entrada al palacio",
  "2.9.1" => "la entrada al palacio",
  "2.9.2" => "la entrada al palacio",
  "2.9.3" => "de la entrada al palacio",
  "2.9.4" => "la entrada al palacio",
  "2.9.5" => "la entrada al palacio",
  "2.9.6" => "la entrada al palacio",
  "2.9.7" => "la entrada al palacio",
  "2.9.8" => "la entrada al palacio",
  "2.10.0" => "la entrada al palacio",
  "2.10.1" => "la entrada al palacio",
  "2.10.2" => "la entrada al palacio",
  "2.10.3" => "de la entrada al palacio",
  "2.10.4" => "la entrada al palacio",
  "2.10.5" => "la entrada al palacio",
  "2.10.6" => "la entrada al palacio",
  "2.10.7" => "la entrada al palacio",
  "2.10.8" => "la entrada al palacio",
  "2.11.0" => "la salida del palacio",
  "2.11.1" => "la salida del palacio",
  "2.11.2" => "la salida del palacio",
  "2.11.3" => "de la salida del palacio",
  "2.11.4" => "la salida del palacio",
  "2.11.5" => "la salida del palacio",
  "2.11.6" => "la salida del palacio",
  "2.11.7" => "la salida del palacio",
  "2.11.8" => "la salida del palacio",
  "2.12.0" => "la salida del palacio",
  "2.12.1" => "la salida del palacio",
  "2.12.2" => "la salida del palacio",
  "2.12.3" => "de la salida del palacio",
  "2.12.4" => "la salida del palacio",
  "2.12.5" => "la salida del palacio",
  "2.12.6" => "la salida del palacio",
  "2.12.7" => "la salida del palacio",
  "2.12.8" => "la salida del palacio",
  "2.13.0" => "la salida del palacio",
  "2.13.1" => "la salida del palacio",
  "2.13.2" => "la salida del palacio",
  "2.13.3" => "de la salida del palacio",
  "2.13.4" => "la salida del palacio",
  "2.13.5" => "la salida del palacio",
  "2.13.6" => "la salida del palacio",
  "2.13.7" => "la salida del palacio",
  "2.13.8" => "la salida del palacio",
  "2.14.0" => "la plaza oeste",
  "2.14.1" => "la plaza oeste",
  "2.14.2" => "la plaza oeste",
  "2.14.3" => "de la plaza oeste",
  "2.14.4" => "la plaza oeste",
  "2.14.5" => "la plaza oeste",
  "2.14.6" => "la plaza oeste",
  "2.14.7" => "la plaza oeste",
  "2.14.8" => "la plaza oeste",
  "2.15.0" => "la plaza oeste",
  "2.15.1" => "la plaza oeste",
  "2.15.2" => "la plaza oeste",
  "2.15.3" => "de la plaza oeste",
  "2.15.4" => "la plaza oeste",
  "2.15.5" => "la plaza oeste",
  "2.15.6" => "la plaza oeste",
  "2.15.7" => "la plaza oeste",
  "2.15.8" => "la plaza oeste",
  "2.16.0" => "el palacio del oeste",
  "2.16.1" => "el palacio del oeste",
  "2.16.2" => "el palacio del oeste",
  "2.16.3" => "del palacio del oeste",
  "2.16.4" => "el palacio del oeste",
  "2.16.5" => "el palacio del oeste",
  "2.16.6" => "el palacio del oeste",
  "2.16.7" => "el palacio del oeste",
  "2.16.8" => "el palacio del oeste",
  "2.17.0" => "el palacio del oeste",
  "2.17.1" => "el palacio del oeste",
  "2.17.2" => "el palacio del oeste",
  "2.17.3" => "del palacio del oeste",
  "2.17.4" => "el palacio del oeste",
  "2.17.5" => "el palacio del oeste",
  "2.17.6" => "el palacio del oeste",
  "2.17.7" => "el palacio del oeste",
  "2.17.8" => "el palacio del oeste",
  "2.18.0" => "el palacio del oeste",
  "2.18.1" => "el palacio del oeste",
  "2.18.2" => "el palacio del oeste",
  "2.18.3" => "del palacio del oeste",
  "2.18.4" => "el palacio del oeste",
  "2.18.5" => "el palacio del oeste",
  "2.18.6" => "el palacio del oeste",
  "2.18.7" => "el palacio del oeste",
  "2.18.8" => "el palacio del oeste",
  "2.19.0" => "el palacio del norte",
  "2.19.1" => "el palacio del norte",
  "2.19.2" => "el palacio del norte",
  "2.19.3" => "del palacio del norte",
  "2.19.4" => "el palacio del norte",
  "2.19.5" => "el palacio del norte",
  "2.19.6" => "el palacio del norte",
  "2.19.7" => "el palacio del norte",
  "2.19.8" => "el palacio del norte",
  "2.20.0" => "el palacio del norte",
  "2.20.1" => "el palacio del norte",
  "2.20.2" => "el palacio del norte",
  "2.20.3" => "del palacio del norte",
  "2.20.4" => "el palacio del norte",
  "2.20.5" => "el palacio del norte",
  "2.20.6" => "el palacio del norte",
  "2.20.7" => "el palacio del norte",
  "2.20.8" => "el palacio del norte",
  "2.21.0" => "la sala del trono",
  "2.21.1" => "la sala del trono",
  "2.21.2" => "la sala del trono",
  "2.21.3" => "de la sala del trono",
  "2.21.4" => "la sala del trono",
  "2.21.5" => "la sala del trono",
  "2.21.6" => "la sala del trono",
  "2.21.7" => "la sala del trono",
  "2.21.8" => "la sala del trono",
  "2.22.0" => "la sala del trono",
  "2.22.1" => "la sala del trono",
  "2.22.2" => "la sala del trono",
  "2.22.3" => "de la sala del trono",
  "2.22.4" => "la sala del trono",
  "2.22.5" => "la sala del trono",
  "2.22.6" => "la sala del trono",
  "2.22.7" => "la sala del trono",
  "2.22.8" => "la sala del trono",
  "2.23.0" => "el palacio",
  "2.23.1" => "el palacio",
  "2.23.2" => "el palacio",
  "2.23.3" => "del palacio",
  "2.23.4" => "el palacio",
  "2.23.5" => "el palacio",
  "2.23.6" => "el palacio",
  "2.23.7" => "el palacio",
  "2.23.8" => "el palacio",
  "2.24.0" => "la fuente del hada",
  "2.24.1" => "la fuente del hada",
  "2.24.2" => "la fuente del hada",
  "2.24.3" => "de la fuente del hada",
  "2.24.4" => "la fuente del hada",
  "2.24.5" => "la fuente del hada",
  "2.24.6" => "la fuente del hada",
  "2.24.7" => "la fuente del hada",
  "2.24.8" => "la fuente del hada",
  "2.40.0" => "el bastión del extremo sur",
  "2.41.0" => "el bastión del extremo sur",
  "2.42.0" => "el bastión central de la ciudad",
  "2.43.0" => "el bastión central de la ciudad",
  "2.44.0" => "el bastión de la efigie",
  "2.45.0" => "el bastión de la academia",
  "2.46.0" => "el bastión de la academia",
  "2.47.0" => "el bastión de la academia",
  "2.48.0" => "el bastión oeste de la ciudad",
  "2.49.0" => "el bastión oeste de la ciudad",
  "2.50.0" => "el bastión central",
  "2.51.0" => "el bastión central",
  "2.52.0" => "el bastión central",
  "2.53.0" => "el bastión sur de la z. rocosa",
  "2.54.0" => "el bastión sur de la z. rocosa",
  "2.55.0" => "el bastión norte de la z. rocosa",
  "2.56.0" => "el bastión norte de la z. rocosa",
  "2.57.0" => "la fuente del hada",
  "2.58.0" => "el bastión del extremo norte",
  "2.59.0" => "el bastión del extremo norte",
  "2.80.0" => "el bastión sur",
  "2.81.0" => "el bastión sur",
  "2.82.0" => "el bastión sur",
  "2.83.0" => "el bastión suroeste",
  "2.84.0" => "el bastión suroeste",
  "2.85.0" => "el fuerte oeste",
  "2.86.0" => "el fuerte oeste",
  "2.87.0" => "el fuerte oeste",
  "2.88.0" => "el fuerte este",
  "2.89.0" => "el fuerte este",
  "2.90.0" => "el fuerte este",
  "2.91.0" => "el bastión sureste",
  "2.92.0" => "el bastión sureste",
  "2.93.0" => "el bastión oeste",
  "2.94.0" => "el bastión oeste",
  "2.95.0" => "el bastión este",
  "2.96.0" => "el bastión este",
  "2.97.0" => "el bastión este",
  "2.98.0" => "el templo",
  "2.99.0" => "el templo",
  "2.100.0" => "el templo",
  "2.101.0" => "el templo",
  "2.102.0" => "la sala este del templo",
  "2.103.0" => "la sala este del templo",
  "2.104.0" => "la sala oeste del templo",
  "2.105.0" => "la sala oeste del templo",
  "2.106.0" => "la tierra del presidio",
  "2.107.0" => "el templo",
  "2.108.0" => "el templo",
}