Map {
  "0.0.0" => "A0%1sF0R wurde auf dem Schlachtfeld gesichtet!",
  "0.1.0" => "A0%1sF0R hat sich den A0%2sF7R angeschlossen!",
  "0.2.0" => "Besiege A2viele FeindeR und rekrutiere so A0%1sF6R!",
  "0.3.0" => "A0%1sF0R hat sich zurückgezogen!",
  "0.4.0" => "A0%1sF0R rückt gegen die A0%2sF7R vor!",
}