Map {
  "0.0.0" => "A2Enemy forcesR are starting an all-out attack!",
  "0.1.0" => "A2Enemy reinforcementsR appeared!",
  "0.2.0" => "A0%1sF0R reappeared!",
  "0.3.0" => "A6Magic Jar Transport TroopsR appeared!",
  "0.4.0" => "A0%1sF0R appeared!",
  "0.5.0" => "A0%1sF0R appeared, stronger than ever!",
  "0.6.0" => "A0%1sF0R and the others appeared!",
  "0.7.0" => "A0%1sF0R and the others appeared, stronger than ever!",
  "0.8.0" => "A A2Giant BossR appeared!",
  "0.9.0" => "A A2Giant BossR appeared, stronger than ever!",
  "0.10.0" => "A2Enemy troopsR appeared, stronger than ever!",
  "0.11.0" => "You pushed back the A2enemy troopsR!",
  "0.12.0" => "A faction of A2enemy forcesR is advancing!",
  "0.13.0" => "Defeating A0%1sF0R will make A2enemy reinforcementsR appear!",
  "0.14.0" => "Use Focus Spirit to defeat even more A2enemiesR!",
  "0.15.0" => "Defeating all A2Giant BossesR will make A2enemy reinforcementsR appear!",
  "0.16.0" => "Defeating all A2Giant BossesR will make A2enemy reinforcementsR appear!",
  "0.17.0" => "Defeating all the A0%1sF1R caused many A2enemiesR to appear!",
  "0.18.0" => "Defeating all the A2Giant BossesR caused many A2enemiesR to appear!",
  "0.19.0" => "A0%1sF6R is planning something! Act quickly!",
  "0.20.0" => "A0%1sF4R encouraged the A2enemy unitsR, making them stronger!",
  "0.21.0" => "You have foiled the A2enemyR plan!",
  "0.22.0" => "Defeating all the A0%1sF1R will make A2enemy reinforcementsR appear!",
  "0.23.0" => "Defeating all the A0%1sF1R will make A2low-level gruntsR appear!",
  "0.24.0" => "Defeating all the A0%1sF1R will make A2enemy reinforcementsR appear!",
  "0.25.0" => "A0%1sF4R encouraged the A2enemy unitsR, improving their morale!",
  "0.26.0" => "A2Several Giant BossesR have appeared!",
  "0.27.0" => "Defeating A0%1sF1R will make A2enemy reinforcementsR appear!",
  "0.28.0" => "Defeating all the A0%1sF1R caused many A2low-level gruntsR to appear!",
  "0.29.0" => "Defeating all the A0%1sF1R will make A2enemy reinforcementsR appear!",
  "0.30.0" => "The A2low-level gruntsR are confused! Their morale is suffering as a result!",
  "0.31.0" => "Two A0%1sF1R appeared!",
  "0.32.0" => "Defeating all the A0%1sF5R caused many A2enemiesR to appear!",
  "0.33.0" => "Defeating four A0%1sF5R caused many A2enemiesR to appear!",
  "0.34.0" => "Defeating five A0%1sF5R caused many A2enemiesR to appear!",
  "0.35.0" => "Powerful A6Magic Jar Transport TroopsR appeared!",
  "1.0.0" => "01",
  "1.1.0" => "02",
  "1.2.0" => "03",
  "1.3.0" => "04",
  "1.4.0" => "05",
  "1.5.0" => "06",
  "1.6.0" => "07",
  "1.7.0" => "08",
  "1.8.0" => "09",
  "1.9.0" => "10",
  "3.0.0" => "Defeat A2enemiesR until
time runs out!",
}