Map {
  "1.0.0.0" => "Woher kommen all diese Monster...?
Irgendetwas stimmt da nicht!",
  "1.0.1.0" => "Egal, wer sich hier einmischen möchte... Zeigt der
Verräterin Midna die Macht des Schattenkönigs!",
  "1.0.2.0" => "Sieht mir nach einem Kampf aus... Vielleicht kann
ich eine der Parteien auf meine Seite ziehen?",
  "1.0.3.0" => "Dieser Zanto scheint voller Gier zu sein, das macht
ihn leicht zu kontrollieren. Versucht es mit ihm.",
  "1.0.4.0" => "Wenn wir ihm diese Midna vom Leib schaffen,
wird er sich uns sicher anschließen.",
  "1.0.5.0" => "Noch mehr Feinde? Wie überaus lästig! Muss
ich mich wirklich darum auch noch kümmern?",
  "1.0.6.0" => "Sehe ich da Fremde in unserer erlauchten Mitte?
Unwillkommene Gäste werden umgehend entfernt...",
  "1.0.7.0" => "Wir haben Midnas Streitkräfte zurückgeschlagen.
Unser Hauptquartier sollte sicher sein.",
  "1.0.8.0" => "Lasst uns diese Midna vom Schlachtfeld fegen!",
  "1.0.9.0" => "Hab ich dich! Ich weiß nicht, wo ihr
herkommt, aber hier ist Schluss!",
  "1.0.10.0" => "Was für ein freches Gör... Aber sie ist clever.
Das könnte Schwierigkeiten bedeuten...",
  "1.0.11.0" => "Ich kenne euch zwar nicht, aber danke,
dass ihr euch um meine Feinde kümmert!",
  "1.0.12.0" => "Stellt die Angriffe auf Zantos Truppen ein!
Midna gewinnt die Oberhand!",
  "1.0.13.0" => "Ich habe den Thron an mich gebracht,
nur um jetzt unterzugehen?! Niemals!",
  "1.0.14.0" => "Der Feind gibt nach? Soll mir
recht sein... Auf sie mit Gebrüll!",
  "1.0.15.0" => "Midna zeigt die Zähne. Wir sollten das
hier besser schnell zu Ende bringen.",
  "1.0.16.0" => "Grrr... Es ist wohl an der Zeit,
sich zurückzuziehen...",
  "1.0.17.0" => "Was sagst du, Schattenkönig... Schließen wir
uns zusammen, um die Welt zu unterjochen?",
  "1.0.18.0" => "Pah. Diese Welt braucht nur einen Herrscher.
MICH.",
  "1.0.19.0" => "Nein, wie unhöflich... Ich hatte wirklich gehofft,
wir könnten Freunde werden. Schade, sehr schade.",
  "1.0.20.0" => "Fremde sind hier nicht willkommen.
Geht, solange ich euch lasse.",
  "1.0.21.0" => "Wenn du uns nicht freiwillig hilfst,
muss ich eben andere Saiten aufziehen...",
  "1.0.22.0" => "Hmpf, hier sollte ich erst mal vor ihnen
sicher sein... Argorok, halte sie auf!",
  "1.0.23.0" => "Ich für meinen Teil ziehe mich zurück.
Der Kampf hat meine Kräfte erschöpft.",
  "1.0.24.0" => "Jetzt ist mir das Käferchen entwischt...
Und verlaufen habe ich mich auch noch!",
  "1.0.25.0" => "Was für ein schöner Schlüssel! Sicher wird
mir niemand böse sein, wenn ich ihn nehme...",
  "1.0.26.0" => "Was macht dieses verschrobene Kind hier?
Ist das etwa der Schlüssel für diese Tore?",
  "1.0.27.0" => "Wenn wir ihr den Schlüssel abnehmen,
können wir uns vereinigen...",
  "1.0.28.0" => "Ich übernehme die Verteidigung
desss Hauptquartiersss!",
  "1.0.29.0" => "Ich lauere diesssem Zanto auf!",
  "1.0.30.0" => "Unmöglich!
Ihr habt Argorok besiegt!",
  "1.0.31.0" => "Iiiiiiek! Wer bist du?
Warum bist du so gemein?",
  "1.0.32.0" => "Oh, du willst nur diesen Schlüssel? Ich dachte, es
ginge um meine Käferchen... Hier, bitte sehr!",
  "1.0.33.0" => "Endlich können wir Zanto gefangennehmen!",
  "1.0.34.0" => "Lass mich auf der Stelle frei!",
  "1.0.35.0" => "Diese Feuerbälle dieses Ungetüms
bedrohen unser Hauptquartier!",
  "1.0.36.0" => "Lange hält unser Hauptquartier diesem
Bombardement nicht mehr stand...",
  "1.0.37.0" => "Diene mir, Zanto, und ich lasse dir dein Leben.
Ich lasse sogar deinen Palast stehen. Na?",
  "1.0.38.0" => "Widerstand scheint zwecklos zu sein.
Ich füge mich.",
  "1.0.39.0" => "Braver Junge. Du dienst jetzt mir.
Vergiss das niemals.",
  "1.0.40.0" => "Herrin... Ich kann nicht weiterkämpfen...",
  "1.0.41.0" => "Wir können so nicht kämpfen!
Alles umsonst...",
  "1.0.42.0" => "Das Hauptquartier ist gefallen.
Damit ist der Kampf vorbei...",
  "1.0.43.0" => "Ihr Narren! Ich bin ein König!
Und ihr glaubt, ich würde euch dienen?!",
  "1.0.44.0" => "Er ist geflohen...
All das für nichts...",
  "1.0.45.0" => "Wenn wir Zanto auf unsere Seite bekämen, würde
uns das sehr viel stärker machen. Ein neuer Versuch...",
  "1.0.46.0" => "Haltet Zanto auf!",
  "1.0.47.0" => "Zeit für den nächsten Streich...
Zum Angriff!",
  "1.0.48.0" => "Zanto ist aus seinem Palast gekommen!
Schnell, macht ihm den Garaus!",
  "1.0.49.0" => "Nicht schlecht, dass du bis hier durchgekommen
bist. Aber jetzt bekommst du es mit mir zu tun!",
  "1.0.50.0" => "Er darf nicht entkommen!
Wir müssen ihn hier und jetzt besiegen!",
  "1.0.51.0" => "Wenn wir die Festung einnehmen,
wird sich uns dieses Tor öffnen!",
  "1.0.52.0" => "Das Tor ist offen!
Deine Tage sind gezählt, Midna!",
  "1.0.53.0" => "Du entkommst mir nicht...",
  "1.0.54.0" => "Hmpf. Wir müssen Zeit gewinnen...",
  "1.0.55.0" => "Deine Unverschämtheit wird dir
nicht gut bekommen...",
  "1.0.56.0" => "Auf sssie!",
  "1.0.57.0" => "Das ist eine von Zantos Festungen!
Die sollten wir nicht angreifen!",
  "1.0.58.0" => "So langsam muss ich wohl meine
Trumpfkarte ausspielen... Voilà!",
  "1.0.59.0" => "Diessser Zanto hält unsss wohl für Feinde.
Wasss sssollen wir tun? Ihn aussslöschen?",
  "1.0.60.0" => "Löscht die Angreifer aus, aber lasst
seine Festungen vorerst in Ruhe.",
  "1.0.61.0" => "Hm... Zantos Truppen scheinen es auf
Volga abgesehen zu haben.",
  "1.0.62.0" => "Ihn zu verlieren wäre ein Schlag für uns.
Vielleicht sollten wir ihm helfen...",
  "1.0.63.0" => "Ihr Feiglinge! Ein Sieg durch Überzahl
ist unehrenhaft!",
  "1.0.64.0" => "Unssser Herr issst in Gefahr!
Wir müsssen ihm helfen!",
  "1.0.65.0" => "Ich komme nicht gegen diese Schwächlinge an...
Wie ist das möglich?!",
  "1.0.66.0" => "Großer Volga!
Jemand musss ihm beissstehen!",
  "1.0.67.0" => "Hört auf zu zischeln, ihr Echsen!
Ich habe ja verstanden!",
  "1.0.68.0" => "Ah...! Unssser Herr!",
  "1.0.69.0" => "Wir haben versssagt...",
  "1.0.70.0" => "Hmpf! Wir werden zurückgedrängt!
Zeit, in die Trickkiste zu greifen...",
  "1.0.71.0" => "Sie plant irgendetwas...
Wir müssen uns in Acht nehmen!",
  "1.0.72.0" => "Hahahaaa! Das wirst du schon bald
bereuen...",
  "1.0.73.0" => "Oho! Da will wohl jemand seine Grenzen
aufgezeigt bekommen!",
  "1.0.74.0" => "Midna, diese Närrin, ist aus dem Weg geräumt...
Niemand macht mir meinen Titel mehr streitig!",
  "1.0.75.0" => "Midna, diese Närrin, ist aus dem Weg geräumt...
Niemand macht mir meinen Titel mehr streitig!",
  "1.0.76.0" => "Wenn wir diesen Drachen vom Himmel holen,
verliert Zanto vielleicht seine Kampfeslust...",
  "1.0.77.0" => "So leicht wird er sich mir wohl nicht
unterwerfen... Aber schaden kann es nicht!",
  "1.0.78.0" => "Sie haben sich gegenseitig aufgerieben.
Holen wir uns ihr Hauptquartier!",
  "1.0.79.0" => "Ich werde diesem Ungetüm seine Flügel
ausreißen... Und ihr helft mir dabei!",
  "13.0.0.0" => "Die Gier dieses Möchtegern-Schattenkönig
macht ihn leicht zu kontrollieren...",
  "13.0.1.0" => "Besiegt Midna und zeigt Zanto unsere Stärke!
Dann wird sogar er mir folgen!",
  "13.0.2.0" => "Wir haben Midna zurückgeschlagen.
Unser Hauptquartier ist einstweilen gesichert.",
  "13.0.3.0" => "Wir werden Midna im Handumdrehen besiegen!",
  "13.0.4.0" => "Ha! Das ist fast schon zu einfach.",
  "13.0.5.0" => "Was soll das? Warum attackiert ihr Zantos
Truppen? So gewinnt Midna die Oberhand!",
  "13.0.6.0" => "Wir haben Zanto für sie besiegt, und sie ist kein
bisschen dankbar. Zeit für eine kleine Lektion...",
  "13.0.7.0" => "Mit dem Schlüssel des Görs könnten wir
uns treffen und Seite an Seite kämpfen...",
  "13.0.8.0" => "Schluss mit dem Geheule! Sieh lieber
zu, dass du Zanto erwischst!",
  "13.0.9.0" => "Hinterher! Schnappt Zanto, bevor er entkommt!",
  "13.0.10.0" => "Die Feuerbälle dieser Bestie sind eine
große Gefahr für unser Hauptquartier.",
  "13.0.11.0" => "Die Feuerbälle setzen unserem Hauptquartier
ziemlich zu. Lang geht das nicht mehr gut...",
  "13.0.12.0" => "Nächstes Mal werde ich es dir
nicht so leicht machen...",
  "13.0.13.0" => "Wir können nichts mehr tun...",
  "13.0.14.0" => "Wenn er entkommt, sind wir in Schwierigkeiten.
Wir müssen ihn hier und jetzt besiegen!",
  "13.0.15.0" => "Damit sollten wir etwas Zeit gewonnen haben...",
  "13.0.16.0" => "Dieses unverschämte kleine...
Fangt Midnas Truppen ab! Sofort!",
  "13.0.17.0" => "Das Tor ist verschlossen...? Wir müssen
die Festung erobern, um durchzubrechen!",
  "13.0.18.0" => "Ha! Das Tor ist auf!
Midna ist zum Greifen nah!",
  "13.0.19.0" => "Du entkommst mir nicht...",
  "13.0.20.0" => "Zanto hat den Palast verlassen!
Schnell, jetzt erwischen wir ihn!",
  "13.0.21.0" => "Was soll das werden? Das ist Zantos Festung!
Also lasst eure Finger davon!",
  "13.0.22.0" => "Da! Der magische Angriff hat gewirkt!
Der Drache fliegt jetzt deutlich niedriger!",
  "13.0.23.0" => "Schon drei Mal... Wie oft sollen wir das noch
wiederholen?",
  "13.0.24.0" => "Der Angriff mit meinem Magiekreis hat nichts
bewirkt... Was können wir nur tun?",
  "13.0.25.0" => "Folgen wir dem Schmetterling! Auf zum Gebäude im
Südosten... Uns bleibt keine andere Wahl!",
  "13.0.26.0" => "Der Magiekreis in der Quelle der Göttin ist vielleicht
genau das, was wir gegen den Drache benötigen!",
  "13.0.27.0" => "Uns bleibt nur noch das Hauptquartier. Wir müssen
es mit unserem Leben schützen, sonst ist alles aus!",
  "13.0.28.0" => "Fantastisch! Wir haben es geschafft!",
  "13.0.29.0" => "Wenn wir den Drachen und diesen Zanto besiegen,
haben wir gewonnen... Nichts leichter als das!",
  "13.0.30.0" => "Ihr seid Opfer eurer Gier. Du... und Cia!",
  "13.0.31.0" => "Wir haben ihn... Endlich! Gute Arbeit!",
  "13.0.32.0" => "Wir haben die mächtigsten unserer Feinde besiegt!
Jetzt können wir das Seelenportal schließen!",
  "13.0.33.0" => "Das Hauptquartier hält dem Ansturm kaum noch
stand! Ich flehe euch an... Helft uns!",
  "13.0.34.0" => "Das Hauptquartier wird fallen!
Kommt zu Hilfe! Schnell!",
  "13.0.35.0" => "Nnnh... Sie haben mich erwischt...
Es... tut mir leid...",
  "13.0.36.0" => "Das Hauptquartier ist gefallen? Dann ist alles aus...",
  "13.0.37.0" => "Da! Der Magiekreis zeigt Wirkung!
Der Drache hat an Höhe verloren!",
}