Map {
  "0.4.0" => "Die A0%1sF5R haben Verstärkung erhalten!",
  "0.5.0" => "A0%1sF0R ist geflohen! Du hast verloren!",
  "0.6.0" => "Die A0%1sF5R wurden besiegt!",
  "0.7.0" => "A1Dein HauptquartierR ist gefallen! Du hast verloren!",
  "0.8.0" => "Besiege A0%2sF6R zusammen mit A0%1sF4R!",
  "0.9.0" => "A0%1sF0R rückt vor!",
  "0.10.0" => "Der A2feindliche FeldmarschallR wurde hervorgelockt!",
  "0.12.0" => "Die A0%1sF1R rücken gegen A0%2sF6R vor!",
  "0.13.0" => "Die A0%1sF1R rücken Richtung A0%2sF4R vor!",
  "0.15.0" => "A0%1sF0R wurde auf dem Schlachtfeld gesichtet!",
  "0.16.0" => "A0%1sF0R rückt gegen A0%2sF6R vor!",
  "0.17.0" => "A0%1sF1R wollen in A1deinen FestungenR Verstärkung rufen!",
  "0.18.0" => "Die A0%1sF5R haben Verstärkung gegen A0%2sF6R erhalten!",
  "0.19.0" => "Verstärkung für die A0%1sF1R rückt Richtung A0%2sF4R vor!",
  "0.20.0" => "Die A0%1sF1R haben erneut Verstärkung erhalten!",
  "0.21.0" => "Die Einheit A0%1sF2R wurde zerschlagen!",
  "0.22.0" => "Die A0%1sF5R erhalten weiter Verstärkung!",
  "0.24.0" => "A0%1sF0R hat das A6ZielR erreicht und ruft Verstärkung!",
  "0.25.0" => "A0%1sF1R haben alle ihr A6ZielR erreicht und rufen Verstärkung!",
  "0.26.0" => "Verstärkung für die A0%1sF1R rückt gegen A0%2sF6R vor!",
  "0.27.0" => "Die Moral der A0%1sF1R steigt!",
  "0.28.0" => "Vorsicht! Immer mehr A2feindliche EinheitenR treffen ein!",
  "0.29.0" => "A0%1sF0R ist geflohen!",
  "0.30.0" => "Eskorte A0%1sF3R erfolgreich!",
  "0.31.0" => "A0%1sF0R hat das Ziel nicht erreicht!",
  "0.32.0" => "A0%1sF0R rückt gegen die eintreffenden A2FeindeR vor!",
  "0.33.0" => "Die Verstärkung steigert die Moral der A0%1sF5R!",
  "0.34.0" => "Die A0%1sF1R haben erneut Verstärkung erhalten!",
  "0.35.0" => "Einige A0%1sF3R wollen in A1deinen FestungenR Verstärkung rufen!",
  "0.36.0" => "Weitere A0%1sF3R rücken in Richtung A1deiner FestungenR vor!",
  "0.37.0" => "Die A0%1sF5R haben weitere Verstärkung erhalten!",
  "0.38.0" => "A0%1sF0R hat die A0%2sF3R abgefangen!",
  "0.39.0" => "A0%1sF0R hat das Schlachtfeld verlassen!",
  "0.40.0" => "A0%1sF0R wurde besiegt!",
  "0.41.0" => "Weitere A0%1sF3R wurden gesichtet!",
  "0.42.0" => "Die Einheit A0%1sF2R wurde zerschlagen!",
  "0.43.0" => "A2Mächtige TruppenR wurden entsendet! Schneide ihren Nachschub ab!",
  "0.44.0" => "A2Mächtige feindliche TruppenR rücken Richtung A0%1sF4R vor!",
  "0.45.0" => "Die A0%1sF5R haben Verstärkung gegen A0%2sF7R erhalten!",
  "0.46.0" => "Verstärkung für die A0%1sF1R rückt gegen A0%2sF7R vor!",
  "1.0.0" => "01",
  "1.1.0" => "02",
  "1.2.0" => "03",
  "1.3.0" => "04",
  "1.4.0" => "05",
  "1.5.0" => "06",
  "1.6.0" => "07",
  "1.7.0" => "08",
  "1.8.0" => "09",
  "1.9.0" => "10",
  "3.0.0" => "Eskortiere A1die BotenR
zu ihrem A6ZielR!",
  "3.1.0" => "Besiege den A2feindlichen
FeldmarschallR!",
}