Map {
  "0.0.0" => "Des A2rochersR tombent sur A0%1sF0R !",
  "0.1.0" => "Les A2rochersR endommagent A0%1sF0R !",
  "0.2.0" => "A0%1sF5R avance sur les A6forts aux rochersR pour en prendre le contrôle !",
  "0.3.0" => "A0%1sF4R a arrêté d'envoyer des A2rochersR !",
  "0.4.0" => "A0%1sF5R approche A0%2sF2R !",
  "0.5.0" => "Continuez et prenez le contrôle C2%1sF2R !",
  "0.6.0" => "Vous avez pris le contrôle C2%1sF2R !",
  "0.7.0" => "Risque de chute C1%1sF2R !",
  "0.8.0" => "Chute C1%1sF2R imminente !",
  "0.9.0" => "C1%1sF4R risque de tomber ! Allez sur place !",
  "0.10.0" => "C1%1sF4R va tomber ! Allez vite sur place !",
  "0.11.0" => "A0%1sF5R commence à envoyer des A2rochersR sur A0%2sF0R !",
  "0.12.0" => "Reprenez le contrôle C2%1sF2R !",
  "0.13.0" => "Le A2fort aux rochers ouestR est sous votre contrôle ! Ouverture A6%1sF2R !",
  "0.14.0" => "Vous avez pris le contrôle C5%1sF2R et C5%2sF2R !",
  "0.15.0" => "A0%1sF4R rejoint le champ de bataille devant C2%2sF0R !",
  "0.16.0" => "Les conditions de victoire ont changé !",
  "0.17.0" => "Vaincre A0%1sF0R !",
  "0.18.0" => "A0%1sF5R avancent !",
  "0.19.0" => "A0%1sF5R ne doit pas s'approcher C1%2sF2R !",
  "0.20.0" => "A0%1sF4R se réfugie provisoirement dans C2%2sF0R !",
  "0.21.0" => "A0%1sF4R revient sur le champ de bataille, devant C2%2sF0R !",
  "0.22.0" => "A0%1sF6R avance sur A0%2sF0R !",
  "0.23.0" => "A0%1sF5R avance sur A0%2sF0R !",
  "0.24.0" => "Suivez le plan mis au point par A0%1sF0R et prenez le contrôle C2%2sF2R !",
  "0.25.0" => "Prenez immédiatement le contrôle C2%1sF2R !",
  "0.26.0" => "Escortez A0%1sF0R !",
  "0.27.0" => "Les encouragements de A0%1sF0R galvanisent A0%2sF1R !",
  "0.28.0" => "Éliminez A0%1sF0R !",
  "0.29.0" => "A0%1sF5R a reçu des renforts !",
  "0.30.0" => "L'ouverture des portes A0%2sF2R décourage A0%1sF1R !",
  "0.31.0" => "Toutes les portes A2des forts goronsR sont ouvertes !",
  "0.32.0" => "A1Un éboulementR est provoqué sur C2%1sF0R !",
  "0.33.0" => "Le choc de A1l'éboulementR a détruit A6%1sF0R !",
  "0.34.0" => "Le plan mis au point par A0%1sF0R a permis l'ouverture C2%2sF2R !",
  "0.35.0" => "A0%1sF4R se réfugie provisoirement dans C2%2sF0R !",
  "0.36.0" => "Les troupes A0%1sF3R avancent sur A0%2sF0R !",
  "0.37.0" => "Une partie A0%1sF3R avance sur C1%2sF0R !",
  "0.38.0" => "Ne laissez aucun A0%2sF3R s'approcher C1%1sF2R !",
  "0.39.0" => "A0%1sF6R s'approche A0%2sF2R !",
  "0.40.0" => "Empêchez A2le missile teigneuxR d'atteindre A0%1sF0R !",
  "0.41.0" => "A0%1sF6R a pénétré dans A0%2sF0R !",
  "0.42.0" => "L'explosion provoquée par A0%1sF0R a endommagé A0%2sF0R !",
  "0.43.0" => "A0%1sF4R est K.-O. ! Vous avez capturé A0%2sF0R !",
  "0.44.0" => "A0%1sF6R avance sur C2%2sF0R !",
  "0.45.0" => "A0%1sF4R a atteint C2%2sF0R !",
  "0.46.0" => "L'explosion provoquée par A0%1sF0R a endommagé C2%2sF0R !",
  "0.47.0" => "Éliminez A0%2sF0R avant A0%1sF0R !",
  "0.48.0" => "La défaite A0%1sF3R affaiblit A0%2sF0R !",
  "0.49.0" => "Vous avez vaincu A0%1sF0R !",
  "0.50.0" => "A0%1sF5R a vaincu !",
  "0.51.0" => "A0%1sF0R a retrouvé ses esprits et a libéré A0%2sF0R !",
  "0.52.0" => "C1%1sF4R est tombée !",
  "0.53.0" => "A0%1sF5R a été vaincue !",
  "0.54.0" => "A0%1sF4R fuit !",
  "0.55.0" => "Ouverture A6%1sF2R !",
  "0.56.0" => "A0%1sF5R a pris C1%2sF0R !",
  "0.57.0" => "Les chutes de A2rochersR empêchent A0%1sF0R de continuer !",
  "0.58.0" => "A0%1sF4R ne doit pas tomber aux mains de l'ennemi !",
  "0.59.0" => "A0%1sF4R a atteint A0%2sF0R !",
  "0.60.0" => "Vous avez vaincu A0%1sF0R !",
  "0.61.0" => "A0%1sF6R avance sur A0%2sF0R !",
  "0.62.0" => "A0%1sF6R avance sur A0%2sF0R !",
  "0.63.0" => "A0%1sF4R ne doit pas s'enfuir !",
  "0.64.0" => "A0%1sF4R affronte A0%2sF1R !",
  "0.65.0" => "La défaite de A0%1sF0R décourage A0%2sF1R !",
  "0.66.0" => "A0%1sF4R a atteint A0%2sF0R !",
  "0.67.0" => "La destruction des A2steaks de rocheR rend A0%1sF0R furieux et plus puissant !",
  "0.68.0" => "A0%1sF4R envoie les troupes A0%2sF3R sur le champ de bataille !",
  "0.69.0" => "A0%1sF7R arrivent en masse aux A6forts de l'armée des GoronsR !",
  "0.70.0" => "A0%2sF7R manœuvrant A0%1sF1R ont été repérés !",
  "0.71.0" => "Éliminez A0%1sF1R pour vous approprier A0%2sF1R !",
  "0.72.0" => "Tous A0%1sF1R ont été détruits !",
  "0.73.0" => "Vous avez défendu A0%1sF0R !",
  "0.74.0" => "Éliminez A0%2sF1R pour affaiblir A0%1sF0R !",
  "0.75.0" => "A0%2sF7R ont été repérées dans A0%1sF0R !",
  "0.76.0" => "A0%1sF4R avance pour défendre A0%2sF0R !",
  "0.77.0" => "Battez A0%1sF0R pour qu'il recouvre la raison !",
  "0.78.0" => "A0%1sF4R est sous votre contrôle ! Ses portes sont ouvertes !",
  "0.79.0" => "A0%1sF5R a pris le contrôle C2%2sF2R !",
  "0.80.0" => "A0%1sF5R occupe C5%2sF0R !",
  "0.81.0" => "A0%1sF5R occupe C5%2sF0R !",
  "0.82.0" => "Les portes C2%1sF2R sont ouvertes !",
  "0.83.0" => "Vous contrôlez le A2fort aux rochers estR ! Ouverture A6%1sF2R !",
  "0.85.0" => "Éliminez A0%1sF0R et défendez C1%2sF0R !",
  "0.86.0" => "Éliminez A0%1sF0R et allez immédiatement défendre C1%2sF0R !",
  "0.87.0" => "A0%1sF4R a explosé dans C2%2sF0R !",
  "0.88.0" => "A0%1sF4R a explosé dans C2%2sF0R !",
  "0.89.0" => "Une A6skulltulaR est apparue sur le champ de bataille !",
  "0.90.0" => "Trouvez la A6skulltulaR !",
  "0.91.0" => "Vous avez obtenu une A6skulltulaR !",
  "0.92.0" => "La A6skulltulaR s'apprête à fuir !",
  "0.93.0" => "La A6skulltulaR s'est enfuie !",
  "0.94.0" => "Une partie A0%1sF3R avance sur A0%2sF0R !",
  "0.95.0" => "A0%1sF5R a pris le contrôle C2%2sF2R !",
  "0.96.0" => "A0%1sF4R avance sur A0%2sF0R !",
  "0.97.0" => "Prenez le contrôle C2%2sF2R avec A0%1sF0R !",
  "0.98.0" => "Éliminez A2DaruniaR et défendez la A1base ennemieR !",
  "0.99.0" => "Éliminez A0%1sF1R et défendez vos forts !",
  "0.100.0" => "A0%2sF4R a explosé, endommageant C1%1sF0R !",
  "0.101.0" => "A0%1sF4R avance vers A0%2sF0R !",
  "0.102.0" => "A0%1sF7R avancent vers A1les forts aux rochersR !",
  "0.103.0" => "Attention ! A0%1sF5R s'approchent A1des forts aux rochersR !",
  "0.104.0" => "L'explosion provoquée par A0%2sF0R a fait tomber C1%1sF0R !",
  "0.105.0" => "A0%1sF4R a explosé et vous a permis de prendre C2%2sF0R !",
  "0.106.0" => "A0%1sF4R contre-attaque, prenez garde !",
  "0.107.0" => "A0%1sF6R a pénétré dans C1%2sF0R !",
  "0.108.0" => "Ouverture des portes A0%1sF2R !",
  "0.109.0" => "Prenez au plus vite A6les forts aux rochersR !",
  "0.110.0" => "Prenez de toute urgence A6les forts aux rochersR !",
  "0.111.0" => "Vous avez vaincu la totalité A0%1sF3R !",
  "0.112.0" => "A0%2sF4R est K.-O. ! Vous avez capturé A0%1sF0R !",
  "0.113.0" => "Les forts A0%1sF3R ne doivent pas tomber aux mains de l'ennemi !",
  "0.114.0" => "A0%1sF6R apparaît et avance sur C2%2sF0R !",
  "0.115.0" => "Vous avez pris le contrôle C2%1sF2R !",
  "0.116.0" => "Regroupez-vous vers A0%1sF0R !",
  "0.117.0" => "A0%1sF5R affronte A0%2sF0R !",
  "0.118.0" => "A0%1sF6R apparaît et avance sur C2%2sF0R !",
  "0.119.0" => "Un trésor semble reposer dans A0%1sF0R !",
  "0.120.0" => "A0%1sF5R avancent sur les différents forts A0%2sF3R !",
  "0.121.0" => "A0%1sF5R avancent sur C1%2sF0R !",
  "1.0.0" => "Base alliée",
  "1.0.1" => "la base alliée",
  "1.0.2" => "Base alliée",
  "1.0.3" => "de la base alliée",
  "1.0.4" => "Base alliée",
  "1.0.5" => "La base alliée",
  "1.0.6" => "Base alliée",
  "1.0.7" => "Base alliée",
  "1.0.8" => "Base alliée",
  "1.1.0" => "Fort ouest du sentier",
  "1.1.1" => "le fort ouest du sentier",
  "1.1.2" => "Fort ouest du sentier",
  "1.1.3" => "du fort ouest du sentier",
  "1.1.4" => "Fort ouest du sentier",
  "1.1.5" => "Le fort ouest du sentier",
  "1.1.6" => "Fort ouest du sentier",
  "1.1.7" => "Fort ouest du sentier",
  "1.1.8" => "Fort ouest du sentier de montagne",
  "1.2.0" => "Fort est du sentier",
  "1.2.1" => "le fort est du sentier",
  "1.2.2" => "Fort est du sentier",
  "1.2.3" => "du fort est du sentier",
  "1.2.4" => "Fort est du sentier",
  "1.2.5" => "Le fort est du sentier",
  "1.2.6" => "Fort est du sentier",
  "1.2.7" => "Fort est du sentier",
  "1.2.8" => "Fort est du sentier de montagne",
  "1.3.0" => "Fort de l'ouest",
  "1.3.1" => "le fort de l'ouest",
  "1.3.2" => "Fort de l'ouest",
  "1.3.3" => "du fort de l'ouest",
  "1.3.4" => "Fort de l'ouest",
  "1.3.5" => "Le fort de l'ouest",
  "1.3.6" => "Fort de l'ouest",
  "1.3.7" => "Fort de l'ouest",
  "1.3.8" => "Fort de l'ouest",
  "1.4.0" => "Fort de l'est",
  "1.4.1" => "le fort de l'est",
  "1.4.2" => "Fort de l'est",
  "1.4.3" => "du fort de l'est",
  "1.4.4" => "Fort de l'est",
  "1.4.5" => "Le fort de l'est",
  "1.4.6" => "Fort de l'est",
  "1.4.7" => "Fort de l'est",
  "1.4.8" => "Fort de l'est",
  "1.5.0" => "Fort aux rochers ouest",
  "1.5.1" => "le fort aux rochers ouest",
  "1.5.2" => "Fort aux rochers ouest",
  "1.5.3" => "du fort aux rochers ouest",
  "1.5.4" => "Fort aux rochers ouest",
  "1.5.5" => "Le fort aux rochers ouest",
  "1.5.6" => "Fort aux rochers ouest",
  "1.5.7" => "Fort aux rochers ouest",
  "1.5.8" => "Fort aux rochers ouest",
  "1.6.0" => "Fort aux rochers est",
  "1.6.1" => "le fort aux rochers est",
  "1.6.2" => "Fort aux rochers est",
  "1.6.3" => "du fort aux rochers est",
  "1.6.4" => "Fort aux rochers est",
  "1.6.5" => "Le fort aux rochers est",
  "1.6.6" => "Fort aux rochers est",
  "1.6.7" => "Fort aux rochers est",
  "1.6.8" => "Fort aux rochers est",
  "1.7.0" => "Fort goron ouest",
  "1.7.1" => "le fort goron ouest",
  "1.7.2" => "Fort goron ouest",
  "1.7.3" => "du fort goron ouest",
  "1.7.4" => "Fort goron ouest",
  "1.7.5" => "Le fort goron ouest",
  "1.7.6" => "Fort goron ouest",
  "1.7.7" => "Fort goron ouest",
  "1.7.8" => "Fort goron ouest",
  "1.8.0" => "Fort goron est",
  "1.8.1" => "le fort goron est",
  "1.8.2" => "Fort goron est",
  "1.8.3" => "du fort goron est",
  "1.8.4" => "Fort goron est",
  "1.8.5" => "Le fort goron est",
  "1.8.6" => "Fort goron est",
  "1.8.7" => "Fort goron est",
  "1.8.8" => "Fort goron est",
  "1.9.0" => "Antre du chef",
  "1.9.1" => "l'antre du chef",
  "1.9.2" => "Antre du chef",
  "1.9.3" => "de l'antre du chef",
  "1.9.4" => "Antre du chef",
  "1.9.5" => "L'antre du chef",
  "1.9.6" => "Antre du chef",
  "1.9.7" => "Antre du chef",
  "1.9.8" => "Antre du chef",
  "1.40.0" => "Fort de la grotte",
  "1.41.0" => "Fort de la falaise",
  "1.42.0" => "Fort du lac",
  "1.43.0" => "Fort du temple",
  "1.44.0" => "Salle sud-ouest",
  "1.45.0" => "Salle ouest",
  "1.46.0" => "Salle sud-est",
  "1.47.0" => "Salle est",
  "1.48.0" => "Hall central",
  "1.49.0" => "Base ennemie",
  "2.0.0" => "portes nord du fort sud du sentier de montagne",
  "2.0.1" => "les portes nord du fort sud du sentier de montagne",
  "2.0.2" => "portes nord du fort sud du sentier de montagne",
  "2.0.3" => "des portes nord du fort sud du sentier de montagne",
  "2.0.4" => "portes nord du fort sud du sentier de montagne",
  "2.0.5" => "Les portes nord du fort sud du sentier de montagne",
  "2.0.6" => "portes nord du fort sud du sentier de montagne",
  "2.0.7" => "portes nord du fort sud du sentier de montagne",
  "2.0.8" => "portes nord du fort sud du sentier de montagne",
  "2.1.0" => "portes ouest du fort sud du sentier de montagne",
  "2.1.1" => "les portes ouest du fort sud du sentier de montagne",
  "2.1.2" => "portes ouest du fort sud du sentier de montagne",
  "2.1.3" => "des portes ouest du fort sud du sentier de montagne",
  "2.1.4" => "portes ouest du fort sud du sentier de montagne",
  "2.1.5" => "Les portes ouest du fort sud du sentier de montagne",
  "2.1.6" => "portes ouest du fort sud du sentier de montagne",
  "2.1.7" => "portes ouest du fort sud du sentier de montagne",
  "2.1.8" => "portes ouest du fort sud du sentier de montagne",
  "2.2.0" => "portes est du fort sud du sentier de montagne",
  "2.2.1" => "les portes est du fort sud du sentier de montagne",
  "2.2.2" => "portes est du fort sud du sentier de montagne",
  "2.2.3" => "des portes est du fort sud du sentier de montagne",
  "2.2.4" => "portes est du fort sud du sentier de montagne",
  "2.2.5" => "Les portes est du fort sud du sentier de montagne",
  "2.2.6" => "portes est du fort sud du sentier de montagne",
  "2.2.7" => "portes est du fort sud du sentier de montagne",
  "2.2.8" => "portes est du fort sud du sentier de montagne",
  "2.3.0" => "portes nord du fort ouest du sentier de montagne",
  "2.3.1" => "les portes nord du fort ouest du sentier de montagne",
  "2.3.2" => "portes nord du fort ouest du sentier de montagne",
  "2.3.3" => "des portes nord du fort ouest du sentier de montagne",
  "2.3.4" => "portes nord du fort ouest du sentier de montagne",
  "2.3.5" => "Les portes nord du fort ouest du sentier de montagne",
  "2.3.6" => "portes nord du fort ouest du sentier de montagne",
  "2.3.7" => "portes nord du fort ouest du sentier de montagne",
  "2.3.8" => "portes nord du fort ouest du sentier de montagne",
  "2.4.0" => "portes ouest du fort ouest du sentier de montagne",
  "2.4.1" => "les portes ouest du fort ouest du sentier de montagne",
  "2.4.2" => "portes ouest du fort ouest du sentier de montagne",
  "2.4.3" => "des portes ouest du fort ouest du sentier de montagne",
  "2.4.4" => "portes ouest du fort ouest du sentier de montagne",
  "2.4.5" => "Les portes ouest du fort ouest du sentier de montagne",
  "2.4.6" => "portes ouest du fort ouest du sentier de montagne",
  "2.4.7" => "portes ouest du fort ouest du sentier de montagne",
  "2.4.8" => "portes ouest du fort ouest du sentier de montagne",
  "2.5.0" => "portes est du fort ouest du sentier de montagne",
  "2.5.1" => "les portes est du fort ouest du sentier de montagne",
  "2.5.2" => "portes est du fort ouest du sentier de montagne",
  "2.5.3" => "des portes est du fort ouest du sentier de montagne",
  "2.5.4" => "portes est du fort ouest du sentier de montagne",
  "2.5.5" => "Les portes est du fort ouest du sentier de montagne",
  "2.5.6" => "portes est du fort ouest du sentier de montagne",
  "2.5.7" => "portes est du fort ouest du sentier de montagne",
  "2.5.8" => "portes est du fort ouest du sentier de montagne",
  "2.6.0" => "portes nord du fort est du sentier de montagne",
  "2.6.1" => "les portes nord du fort est du sentier de montagne",
  "2.6.2" => "portes nord du fort est du sentier de montagne",
  "2.6.3" => "des portes nord du fort est du sentier de montagne",
  "2.6.4" => "portes nord du fort est du sentier de montagne",
  "2.6.5" => "Les portes nord du fort est du sentier de montagne",
  "2.6.6" => "portes nord du fort est du sentier de montagne",
  "2.6.7" => "portes nord du fort est du sentier de montagne",
  "2.6.8" => "portes nord du fort est du sentier de montagne",
  "2.7.0" => "portes ouest du fort est du sentier de montagne",
  "2.7.1" => "les portes ouest du fort est du sentier de montagne",
  "2.7.2" => "portes ouest du fort est du sentier de montagne",
  "2.7.3" => "des portes ouest du fort est du sentier de montagne",
  "2.7.4" => "portes ouest du fort est du sentier de montagne",
  "2.7.5" => "Les portes ouest du fort est du sentier de montagne",
  "2.7.6" => "portes ouest du fort est du sentier de montagne",
  "2.7.7" => "portes ouest du fort est du sentier de montagne",
  "2.7.8" => "portes ouest du fort est du sentier de montagne",
  "2.8.0" => "portes est du fort est du sentier de montagne",
  "2.8.1" => "les portes est du fort est du sentier de montagne",
  "2.8.2" => "portes est du fort est du sentier de montagne",
  "2.8.3" => "des portes est du fort est du sentier de montagne",
  "2.8.4" => "portes est du fort est du sentier de montagne",
  "2.8.5" => "Les portes est du fort est du sentier de montagne",
  "2.8.6" => "portes est du fort est du sentier de montagne",
  "2.8.7" => "portes est du fort est du sentier de montagne",
  "2.8.8" => "portes est du fort est du sentier de montagne",
  "2.9.0" => "portes nord du fort de l'ouest",
  "2.9.1" => "les portes nord du fort de l'ouest",
  "2.9.2" => "portes nord du fort de l'ouest",
  "2.9.3" => "des portes nord du fort de l'ouest",
  "2.9.4" => "portes nord du fort de l'ouest",
  "2.9.5" => "Les portes nord du fort de l'ouest",
  "2.9.6" => "portes nord du fort de l'ouest",
  "2.9.7" => "portes nord du fort de l'ouest",
  "2.9.8" => "portes nord du fort de l'ouest",
  "2.10.0" => "portes sud du fort de l'ouest",
  "2.10.1" => "les portes sud du fort de l'ouest",
  "2.10.2" => "portes sud du fort de l'ouest",
  "2.10.3" => "des portes sud du fort de l'ouest",
  "2.10.4" => "portes sud du fort de l'ouest",
  "2.10.5" => "Les portes sud du fort de l'ouest",
  "2.10.6" => "portes sud du fort de l'ouest",
  "2.10.7" => "portes sud du fort de l'ouest",
  "2.10.8" => "portes sud du fort de l'ouest",
  "2.11.0" => "portes nord du fort de l'est",
  "2.11.1" => "les portes nord du fort de l'est",
  "2.11.2" => "portes nord du fort de l'est",
  "2.11.3" => "des portes nord du fort de l'est",
  "2.11.4" => "portes nord du fort de l'est",
  "2.11.5" => "Les portes nord du fort de l'est",
  "2.11.6" => "portes nord du fort de l'est",
  "2.11.7" => "portes nord du fort de l'est",
  "2.11.8" => "portes nord du fort de l'est",
  "2.12.0" => "portes sud du fort de l'est",
  "2.12.1" => "les portes sud du fort de l'est",
  "2.12.2" => "portes sud du fort de l'est",
  "2.12.3" => "des portes sud du fort de l'est",
  "2.12.4" => "portes sud du fort de l'est",
  "2.12.5" => "Les portes sud du fort de l'est",
  "2.12.6" => "portes sud du fort de l'est",
  "2.12.7" => "portes sud du fort de l'est",
  "2.12.8" => "portes sud du fort de l'est",
  "2.13.0" => "portes ouest du fort aux rochers ouest",
  "2.13.1" => "les portes ouest du fort aux rochers ouest",
  "2.13.2" => "portes ouest du fort aux rochers ouest",
  "2.13.3" => "des portes ouest du fort aux rochers ouest",
  "2.13.4" => "portes ouest du fort aux rochers ouest",
  "2.13.5" => "Les portes ouest du fort aux rochers ouest",
  "2.13.6" => "portes ouest du fort aux rochers ouest",
  "2.13.7" => "portes ouest du fort aux rochers ouest",
  "2.13.8" => "portes ouest du fort aux rochers ouest",
  "2.14.0" => "portes sud du fort aux rochers ouest",
  "2.14.1" => "les portes sud du fort aux rochers ouest",
  "2.14.2" => "portes sud du fort aux rochers ouest",
  "2.14.3" => "des portes sud du fort aux rochers ouest",
  "2.14.4" => "portes sud du fort aux rochers ouest",
  "2.14.5" => "Les portes sud du fort aux rochers ouest",
  "2.14.6" => "portes sud du fort aux rochers ouest",
  "2.14.7" => "portes sud du fort aux rochers ouest",
  "2.14.8" => "portes sud du fort aux rochers ouest",
  "2.15.0" => "portes est du fort aux rochers est",
  "2.15.1" => "les portes est du fort aux rochers est",
  "2.15.2" => "portes est du fort aux rochers est",
  "2.15.3" => "des portes est du fort aux rochers est",
  "2.15.4" => "portes est du fort aux rochers est",
  "2.15.5" => "Les portes est du fort aux rochers est",
  "2.15.6" => "portes est du fort aux rochers est",
  "2.15.7" => "portes est du fort aux rochers est",
  "2.15.8" => "portes est du fort aux rochers est",
  "2.16.0" => "portes sud du fort aux rochers est",
  "2.16.1" => "les portes sud du fort aux rochers est",
  "2.16.2" => "portes sud du fort aux rochers est",
  "2.16.3" => "des portes sud du fort aux rochers est",
  "2.16.4" => "portes sud du fort aux rochers est",
  "2.16.5" => "Les portes sud du fort aux rochers est",
  "2.16.6" => "portes sud du fort aux rochers est",
  "2.16.7" => "portes sud du fort aux rochers est",
  "2.16.8" => "portes sud du fort aux rochers est",
  "2.17.0" => "portes ouest du fort goron ouest",
  "2.17.1" => "les portes ouest du fort goron ouest",
  "2.17.2" => "portes ouest du fort goron ouest",
  "2.17.3" => "des portes ouest du fort goron ouest",
  "2.17.4" => "portes ouest du fort goron ouest",
  "2.17.5" => "Les portes ouest du fort goron ouest",
  "2.17.6" => "portes ouest du fort goron ouest",
  "2.17.7" => "portes ouest du fort goron ouest",
  "2.17.8" => "portes ouest du fort goron ouest",
  "2.18.0" => "portes est du fort goron ouest",
  "2.18.1" => "les portes est du fort goron ouest",
  "2.18.2" => "portes est du fort goron ouest",
  "2.18.3" => "des portes est du fort goron ouest",
  "2.18.4" => "portes est du fort goron ouest",
  "2.18.5" => "Les portes est du fort goron ouest",
  "2.18.6" => "portes est du fort goron ouest",
  "2.18.7" => "portes est du fort goron ouest",
  "2.18.8" => "portes est du fort goron ouest",
  "2.19.0" => "portes ouest du fort goron est",
  "2.19.1" => "les portes ouest du fort goron est",
  "2.19.2" => "portes ouest du fort goron est",
  "2.19.3" => "des portes ouest du fort goron est",
  "2.19.4" => "portes ouest du fort goron est",
  "2.19.5" => "Les portes ouest du fort goron est",
  "2.19.6" => "portes ouest du fort goron est",
  "2.19.7" => "portes ouest du fort goron est",
  "2.19.8" => "portes ouest du fort goron est",
  "2.20.0" => "portes est du fort goron est",
  "2.20.1" => "les portes est du fort goron est",
  "2.20.2" => "portes est du fort goron est",
  "2.20.3" => "des portes est du fort goron est",
  "2.20.4" => "portes est du fort goron est",
  "2.20.5" => "Les portes est du fort goron est",
  "2.20.6" => "portes est du fort goron est",
  "2.20.7" => "portes est du fort goron est",
  "2.20.8" => "portes est du fort goron est",
  "2.21.0" => "portes ouest de l'antre du chef",
  "2.21.1" => "les portes ouest de l'antre du chef",
  "2.21.2" => "portes ouest de l'antre du chef",
  "2.21.3" => "des portes ouest de l'antre du chef",
  "2.21.4" => "portes ouest de l'antre du chef",
  "2.21.5" => "Les portes ouest de l'antre du chef",
  "2.21.6" => "portes ouest de l'antre du chef",
  "2.21.7" => "portes ouest de l'antre du chef",
  "2.21.8" => "portes ouest de l'antre du chef",
  "2.22.0" => "portes est de l'antre du chef",
  "2.22.1" => "les portes est de l'antre du chef",
  "2.22.2" => "portes est de l'antre du chef",
  "2.22.3" => "des portes est de l'antre du chef",
  "2.22.4" => "portes est de l'antre du chef",
  "2.22.5" => "Les portes est de l'antre du chef",
  "2.22.6" => "portes est de l'antre du chef",
  "2.22.7" => "portes est de l'antre du chef",
  "2.22.8" => "portes est de l'antre du chef",
  "2.23.0" => "portes sud de l'antre du chef",
  "2.23.1" => "les portes sud de l'antre du chef",
  "2.23.2" => "portes sud de l'antre du chef",
  "2.23.3" => "des portes sud de l'antre du chef",
  "2.23.4" => "portes sud de l'antre du chef",
  "2.23.5" => "Les portes sud de l'antre du chef",
  "2.23.6" => "portes sud de l'antre du chef",
  "2.23.7" => "portes sud de l'antre du chef",
  "2.23.8" => "portes sud de l'antre du chef",
  "2.24.0" => "portes de liaison des forts aux rochers",
  "2.24.1" => "les portes de liaison des forts aux rochers",
  "2.24.2" => "portes de liaison des forts aux rochers",
  "2.24.3" => "des portes de liaison des forts aux rochers",
  "2.24.4" => "portes de liaison des forts aux rochers",
  "2.24.5" => "Les portes de liaison des forts aux rochers",
  "2.24.6" => "portes de liaison des forts aux rochers",
  "2.24.7" => "portes de liaison des forts aux rochers",
  "2.24.8" => "portes de liaison des forts aux rochers",
  "2.25.0" => "portes de liaison des forts aux rochers",
  "2.25.1" => "les portes de liaison des forts aux rochers",
  "2.25.2" => "portes de liaison des forts aux rochers",
  "2.25.3" => "des portes de liaison des forts aux rochers",
  "2.25.4" => "portes de liaison des forts aux rochers",
  "2.25.5" => "Les portes de liaison des forts aux rochers",
  "2.25.6" => "portes de liaison des forts aux rochers",
  "2.25.7" => "portes de liaison des forts aux rochers",
  "2.25.8" => "portes de liaison des forts aux rochers",
  "2.40.0" => "portes sud du fort de la grotte",
  "2.41.0" => "portes ouest du fort de la grotte",
  "2.42.0" => "portes est du fort de la falaise",
  "2.43.0" => "portes sud du fort de la falaise",
  "2.44.0" => "portes nord du fort du lac",
  "2.45.0" => "portes nord du fort du temple",
  "2.46.0" => "portes ouest du fort du temple",
  "2.47.0" => "portes sud du fort du temple",
  "2.48.0" => "portes nord de la salle sud-ouest",
  "2.49.0" => "portes est de la salle sud-ouest",
  "2.50.0" => "portes sud de la salle ouest",
  "2.51.0" => "portes nord de la salle sud-est",
  "2.52.0" => "portes ouest de la salle sud-est",
  "2.53.0" => "portes sud de la salle est",
  "2.54.0" => "portes nord du hall central",
  "2.55.0" => "portes ouest du hall central",
  "2.56.0" => "portes est du hall central",
  "2.57.0" => "portes sud du hall central",
  "2.58.0" => "portes nord de la base ennemie",
  "2.59.0" => "portes ouest de la base ennemie",
  "2.60.0" => "portes est de la base ennemie",
  "2.61.0" => "portes principales du temple",
  "2.62.0" => "portes est du temple",
  "2.63.0" => "portes du passage sud-ouest",
  "2.64.0" => "portes du passage nord-ouest",
  "2.65.0" => "portes du passage sud-est",
  "2.66.0" => "portes du passage nord-est",
  "2.80.0" => "portes nord du fort sud de la plaine",
  "2.81.0" => "portes ouest du fort sud de la plaine",
  "2.82.0" => "portes est du fort sud de la plaine",
  "2.83.0" => "portes ouest de la place de l'est",
  "2.84.0" => "portes est de la place de l'est",
  "2.85.0" => "portes nord de la place de l'ouest",
  "2.86.0" => "portes est de la place de l'ouest",
  "2.87.0" => "portes nord de la place du nord",
  "2.88.0" => "portes ouest de la place du nord",
  "2.89.0" => "portes est de la place du nord",
  "2.90.0" => "portes nord du fort central",
  "2.91.0" => "portes sud du fort central",
  "2.92.0" => "portes nord du fort ouest de la plaine",
  "2.93.0" => "portes sud du fort ouest de la plaine",
  "2.94.0" => "portes nord du fort est de la plaine",
  "2.95.0" => "portes ouest du fort est de la plaine",
  "2.96.0" => "portes est du fort nord de la plaine",
  "2.97.0" => "portes sud du fort nord de la plaine",
  "2.98.0" => "portes ouest du fort de la sorcière",
  "2.99.0" => "portes est du fort de la sorcière",
  "2.100.0" => "portes sud du fort de la sorcière",
  "2.101.0" => "portes sud du fort du pont",
  "2.102.0" => "portes nord du fort du pont",
  "2.103.0" => "portes du village Cocorico",
  "2.104.0" => "passe de l'armée de Midona",
  "3.0.0" => "Prenez le contrôle des A6forts
aux rochers est et ouestR !",
  "3.1.0" => "Éliminez A2DaruniaR !",
  "3.2.0" => "Protégez le A6fort aux rochers
ouestR et attendez A0%1sF0R !",
  "3.3.0" => "Éliminez A2DaruniaR !",
  "3.4.0" => "Éliminez encore A2DaruniaR !",
  "3.5.0" => "Prenez le contrôle du A6fort aux
rochers ouestR et aidez A0%1sF0R !",
  "3.6.0" => "Éliminez A2DaruniaR !",
  "3.7.0" => "Éliminez la totalité des A2preneurs de fortR !",
  "3.8.0" => "Éliminez la totalité des A2ingénieursR !",
  "3.9.0" => "Prenez le A2fort goron estR,
où se dirige le A2gardeR !",
}