Map {
  "0.0.0" => "L'area A0%1sF6R è sotto un A2attacco di rocceR!",
  "0.1.0" => "L'area A0%1sF0R ha subito danni per l'A2attacco di rocceR!",
  "0.2.0" => "L'A0%1sF1R sta andando a conquistare i A6presidi rocciosiR!",
  "0.3.0" => "L'A2attacco di rocceR dall'area A0%1sF4R si è interrotto!",
  "0.4.0" => "L'A0%1sF1R si avvicina all'area A0%2sF0R!",
  "0.5.0" => "Adesso conquista l'area C2%1sF0R!",
  "0.6.0" => "Hai conquistato l'area C2%1sF1R!",
  "0.7.0" => "L'area C1%1sF0R è in pericolo!",
  "0.8.0" => "L'area C1%1sF0R sta per essere conquistata!",
  "0.9.0" => "L'area C1%1sF0R rischia di cadere! Vai in aiuto!",
  "0.10.0" => "L'area C1%1sF0R sta per cadere! Corri in aiuto!",
  "0.11.0" => "L'A0%1sF1R sferra un A2attacco di rocceR sull'area A0%2sF6R!",
  "0.12.0" => "Riconquista l'area C2%1sF2R!",
  "0.13.0" => "Il A2presidio roccioso estR è stato conquistato e la A6%1sF0R è aperta!",
  "0.14.0" => "Hai conquistato le aree C5%1sF1R e C5%2sF1R!",
  "0.15.0" => "A0%1sF0R è ora in campo davanti all'area C2%2sF4R!",
  "0.16.0" => "Le condizioni di vittoria sono cambiate!",
  "0.17.0" => "Sconfiggi A0%1sF2R!",
  "0.18.0" => "A0%1sF1R si mettono in marcia!",
  "0.19.0" => "Attenzione, A0%1sF2R non deve avvicinarsi all'area C1%2sF4R!",
  "0.20.0" => "A0%1sF0R si ritira temporaneamente nell'area C2%2sF4R!",
  "0.21.0" => "A0%1sF0R riappare davanti all'area C2%2sF4R!",
  "0.22.0" => "A0%1sF0R va verso l'area A0%2sF4R!",
  "0.23.0" => "L'A0%1sF1R va verso l'area A0%2sF4R!",
  "0.24.0" => "Aiuta A0%1sF2R nel suo piano e conquista l'area C2%2sF2R!",
  "0.25.0" => "Conquista immediatamente l'area C2%1sF2R!",
  "0.26.0" => "Proteggi A0%1sF2R!",
  "0.27.0" => "A0%1sF0R incoraggia l'A0%2sF5R, migliorandone il morale!",
  "0.28.0" => "Sconfiggi A0%1sF2R!",
  "0.29.0" => "Sono apparsi i rinforzi dell'A0%1sF1R!",
  "0.30.0" => "L'A0%1sF1R si demoralizza perché l'area A0%2sF4R è aperta!",
  "0.31.0" => "Tutti i A2presidi GoronR sono aperti!",
  "0.32.0" => "Un A1attacco di rocceR è cominciato sull'area C2%1sF6R!",
  "0.33.0" => "L'A1attacco di rocceR ha distrutto la A6%1sF0R!",
  "0.34.0" => "Il piano di A0%1sF2R ha fatto aprire l'area C2%2sF4R!",
  "0.35.0" => "A0%1sF0R si ritira temporaneamente nell'area C2%2sF6R!",
  "0.36.0" => "Tutta l'A0%1sF1R va verso l'area A0%2sF6R!",
  "0.37.0" => "A0%1sF0R va verso l'area C1%2sF6R!",
  "0.38.0" => "Non far avvicinare A0%2sF6R all'area C1%1sF6R!",
  "0.39.0" => "A0%1sF0R si avvicina all'area A0%2sF6R!",
  "0.40.0" => "Non far avvicinare la A2radiominaR all'area A0%1sF6R!",
  "0.41.0" => "A0%1sF0R entra nell'area A0%2sF6R!",
  "0.42.0" => "L'esplosione di A0%1sF6R ha danneggiato l'area A0%2sF6R!",
  "0.43.0" => "A0%1sF0R ha perso! Hai catturato A0%2sF2R!",
  "0.44.0" => "A0%1sF0R va verso l'area C2%2sF6R!",
  "0.45.0" => "A0%1sF0R ha raggiunto l'area C2%2sF6R!",
  "0.46.0" => "A0%1sF0R ha danneggiato l'area C2%2sF6R esplodendo!",
  "0.47.0" => "Sconfiggi A0%2sF2R prima che lo faccia A0%1sF2R!",
  "0.48.0" => "A0%1sF1R hanno perso! A0%2sF0R ora è più debole!",
  "0.49.0" => "A0%1sF0R ha perso!",
  "0.50.0" => "L'A0%1sF1R ha vinto la battaglia!",
  "0.51.0" => "A0%1sF0R torna in sé e ha liberato A0%2sF2R!",
  "0.52.0" => "L'area C1%1sF4R è stata conquistata!",
  "0.53.0" => "L'A0%1sF1R ha perso la battaglia!",
  "0.54.0" => "A0%1sF0R è in fuga!",
  "0.55.0" => "La A6%1sF0R è aperta!",
  "0.56.0" => "L'A0%1sF5R ha conquistato l'area C1%2sF0R!",
  "0.57.0" => "Un A2attacco di rocceR ha bloccato A0%1sF2R!",
  "0.58.0" => "L'area A0%1sF4R non deve cadere!",
  "0.59.0" => "A0%1sF0R ha raggiunto l'area A0%2sF6R!",
  "0.60.0" => "A0%1sF0R ha perso!",
  "0.61.0" => "A0%1sF0R è in marcia verso l'area A0%2sF6R!",
  "0.62.0" => "A0%1sF0R va verso l'area A0%2sF6R!",
  "0.63.0" => "Attenzione, A0%1sF2R non deve ritirarsi!",
  "0.64.0" => "A0%1sF0R combatte contro l'A0%2sF7R!",
  "0.65.0" => "A0%1sF0R ha perso! Il morale dell'A0%2sF5R è peggiorato!",
  "0.66.0" => "A0%1sF0R ha raggiunto l'area A0%2sF6R!",
  "0.67.0" => "La distruzione del A2petto di rocciaR ha fatto adirare A0%1sF2R!",
  "0.68.0" => "A0%1sF0R ha ordinato all'A0%2sF1R di apparire!",
  "0.69.0" => "A0%1sF5R arrivano nei A6presidi dei GoronR!",
  "0.70.0" => "Hai scoperto A0%2sF3R che controllano A0%1sF3R!",
  "0.71.0" => "Sconfiggi A0%1sF3R per controllare A0%2sF3R!",
  "0.72.0" => "Tutte A0%1sF3R sono esplose!",
  "0.73.0" => "L'area A0%1sF4R è stata difesa!",
  "0.74.0" => "Sconfiggi A0%2sF3R e annulla il potenziamento per A0%1sF2R!",
  "0.75.0" => "Nell'area A0%1sF6R appaiono A0%2sF3R!",
  "0.76.0" => "A0%1sF0R va a difendere l'area A0%2sF4R!",
  "0.77.0" => "Sconfiggi A0%1sF2R per spezzare il controllo mentale!",
  "0.78.0" => "L'area A0%1sF4R è stata conquistata e le porte si sono aperte!",
  "0.79.0" => "L'A0%1sF1R ha conquistato l'area C2%2sF2R!",
  "0.80.0" => "L'A0%1sF1R ha conquistato l'area C5%2sF2R!",
  "0.81.0" => "L'A0%1sF1R ha conquistato l'area C5%2sF2R!",
  "0.82.0" => "L'area C2%1sF0R è aperta!",
  "0.83.0" => "Il A2presidio roccioso estR è stato conquistato e la A6%1sF0R è aperta!",
  "0.85.0" => "Sconfiggi A0%1sF2R e difendi l'area C1%2sF0R!",
  "0.86.0" => "Sconfiggi A0%1sF2R e difendi subito l'area C1%2sF0R!",
  "0.87.0" => "A0%1sF0R esplode nell'area C2%2sF6R!",
  "0.88.0" => "A0%1sF0R esplode nell'area C2%2sF6R!",
  "0.89.0" => "Un'A6AracnulaR è stata avvistata sul campo di battaglia!",
  "0.90.0" => "Cerca l'A6AracnulaR!",
  "0.91.0" => "Hai ottenuto l'A6AracnulaR!",
  "0.92.0" => "L'A6AracnulaR sta per fuggire!",
  "0.93.0" => "L'A6AracnulaR è fuggita!",
  "0.94.0" => "Parte dell'A0%1sF1R va verso l'area A0%2sF2R!",
  "0.95.0" => "L'A0%1sF1R ha conquistato l'area C2%2sF0R!",
  "0.96.0" => "A0%1sF0R va verso l'area A0%2sF6R!",
  "0.97.0" => "Occupa l'area C2%2sF0R con A0%1sF0R!",
  "0.98.0" => "Sconfiggi A2DaruniaR e difendi la A1base alleataR!",
  "0.99.0" => "Sconfiggi A0%1sF3R e difendi il presidio!",
  "0.100.0" => "L'esplosione di A0%2sF6R ha danneggiato l'area C1%1sF6R!",
  "0.101.0" => "A0%1sF0R si dirige verso l'area A0%2sF6R!",
  "0.102.0" => "A0%1sF1R marciano verso i A1presidi rocciosiR!",
  "0.103.0" => "A0%1sF1R non devono avvicinarsi ai A1presidi rocciosiR!",
  "0.104.0" => "A0%2sF0R ha fatto cadere l'area C1%1sF6R esplodendo!",
  "0.105.0" => "A0%1sF4R ha fatto conquistare l'area C2%2sF0R esplodendo!",
  "0.106.0" => "Attenzione al contrattacco di A0%1sF2R!",
  "0.107.0" => "A0%1sF0R ha invaso l'area C1%2sF6R!",
  "0.108.0" => "L'area A0%1sF0R è aperta!",
  "0.109.0" => "Presto, conquista i A6presidi rocciosiR!",
  "0.110.0" => "Conquista immediatamente i A6presidi rocciosiR!",
  "0.111.0" => "Hai sconfitto A0%1sF3R!",
  "0.112.0" => "A0%2sF0R ha perso e ora controlli A0%1sF2R!",
  "0.113.0" => "Non far cadere i presidi dell'A0%1sF1R!",
  "0.114.0" => "A0%1sF0R appare e va verso l'area C2%2sF6R!",
  "0.115.0" => "Hai conquistato l'area C2%1sF2R!",
  "0.116.0" => "Raggiungi A0%1sF2R!",
  "0.117.0" => "L'A0%1sF0R lotta contro A0%2sF2R!",
  "0.118.0" => "A0%1sF0R appare e va verso l'area C2%2sF6R!",
  "0.119.0" => "Nell'area A0%1sF6R si nasconde un tesoro!",
  "0.120.0" => "A0%1sF1R vanno verso i presidi dell'A0%2sF1R!",
  "0.121.0" => "A0%1sF1R vanno verso l'area C1%2sF6R!",
  "1.0.0" => "Base alleata",
  "1.0.1" => "base alleata",
  "1.0.2" => "base alleata",
  "1.0.3" => "base alleata",
  "1.0.4" => "base alleata",
  "1.0.5" => "base alleata",
  "1.0.6" => "base alleata",
  "1.0.7" => "base alleata",
  "1.0.8" => "base alleata",
  "1.1.0" => "Pres. mont. ovest",
  "1.1.1" => "pres. mont. ovest",
  "1.1.2" => "pres. mont. ovest",
  "1.1.3" => "pres. mont. ovest",
  "1.1.4" => "pres. mont. ovest",
  "1.1.5" => "pres. mont. ovest",
  "1.1.6" => "pres. mont. ovest",
  "1.1.7" => "pres. mont. ovest",
  "1.1.8" => "pres. mont. ovest",
  "1.2.0" => "Pres. mont. est",
  "1.2.1" => "pres. mont. est",
  "1.2.2" => "pres. mont. est",
  "1.2.3" => "pres. mont. est",
  "1.2.4" => "pres. mont. est",
  "1.2.5" => "pres. mont. est",
  "1.2.6" => "pres. mont. est",
  "1.2.7" => "pres. mont. est",
  "1.2.8" => "pres. mont. est",
  "1.3.0" => "Presidio ovest",
  "1.3.1" => "presidio ovest",
  "1.3.2" => "presidio ovest",
  "1.3.3" => "presidio ovest",
  "1.3.4" => "presidio ovest",
  "1.3.5" => "presidio ovest",
  "1.3.6" => "presidio ovest",
  "1.3.7" => "presidio ovest",
  "1.3.8" => "presidio ovest",
  "1.4.0" => "Presidio est",
  "1.4.1" => "presidio est",
  "1.4.2" => "presidio est",
  "1.4.3" => "presidio est",
  "1.4.4" => "presidio est",
  "1.4.5" => "presidio est",
  "1.4.6" => "presidio est",
  "1.4.7" => "presidio est",
  "1.4.8" => "presidio est",
  "1.5.0" => "Pres. rocc. ovest",
  "1.5.1" => "pres. rocc. ovest",
  "1.5.2" => "pres. rocc. ovest",
  "1.5.3" => "pres. rocc. ovest",
  "1.5.4" => "pres. rocc. ovest",
  "1.5.5" => "pres. rocc. ovest",
  "1.5.6" => "pres. rocc. ovest",
  "1.5.7" => "pres. rocc. ovest",
  "1.5.8" => "pres. rocc. ovest",
  "1.6.0" => "Pres. rocc. est",
  "1.6.1" => "pres. rocc. est",
  "1.6.2" => "pres. rocc. est",
  "1.6.3" => "pres. rocc. est",
  "1.6.4" => "pres. rocc. est",
  "1.6.5" => "pres. rocc. est",
  "1.6.6" => "pres. rocc. est",
  "1.6.7" => "pres. rocc. est",
  "1.6.8" => "pres. rocc. est",
  "1.7.0" => "Pres. Goron ovest",
  "1.7.1" => "pres. Goron ovest",
  "1.7.2" => "pres. Goron ovest",
  "1.7.3" => "pres. Goron ovest",
  "1.7.4" => "pres. Goron ovest",
  "1.7.5" => "pres. Goron ovest",
  "1.7.6" => "pres. Goron ovest",
  "1.7.7" => "pres. Goron ovest",
  "1.7.8" => "pres. Goron ovest",
  "1.8.0" => "Pres. Goron est",
  "1.8.1" => "pres. Goron est",
  "1.8.2" => "pres. Goron est",
  "1.8.3" => "pres. Goron est",
  "1.8.4" => "pres. Goron est",
  "1.8.5" => "pres. Goron est",
  "1.8.6" => "pres. Goron est",
  "1.8.7" => "pres. Goron est",
  "1.8.8" => "pres. Goron est",
  "1.9.0" => "Sala del capo",
  "1.9.1" => "sala del capo",
  "1.9.2" => "sala del capo",
  "1.9.3" => "sala del capo",
  "1.9.4" => "sala del capo",
  "1.9.5" => "sala del capo",
  "1.9.6" => "sala del capo",
  "1.9.7" => "sala del capo",
  "1.9.8" => "sala del capo",
  "1.40.0" => "Presidio della cav.",
  "1.41.0" => "Pres. sotto la rupe",
  "1.42.0" => "Presidio lacustre",
  "1.43.0" => "Presidio del tempio",
  "1.44.0" => "Sala sud ovest",
  "1.45.0" => "Sala ovest",
  "1.46.0" => "Sala sud est",
  "1.47.0" => "Sala est",
  "1.48.0" => "Sala centrale",
  "1.49.0" => "Base nemica",
  "2.0.0" => "porta N. pres. montano S.",
  "2.0.1" => "porta N. pres. montano S.",
  "2.0.2" => "porta N. pres. montano S.",
  "2.0.3" => "porta N. pres. montano S.",
  "2.0.4" => "porta N. pres. montano S.",
  "2.0.5" => "porta N. pres. montano S.",
  "2.0.6" => "porta N. pres. montano S.",
  "2.0.7" => "porta N. pres. montano S.",
  "2.0.8" => "porta N. pres. montano S.",
  "2.1.0" => "porta O. pres. montano S.",
  "2.1.1" => "porta O. pres. montano S.",
  "2.1.2" => "porta O. pres. montano S.",
  "2.1.3" => "porta O. pres. montano S.",
  "2.1.4" => "porta O. pres. montano S.",
  "2.1.5" => "porta O. pres. montano S.",
  "2.1.6" => "porta O. pres. montano S.",
  "2.1.7" => "porta O. pres. montano S.",
  "2.1.8" => "porta O. pres. montano S.",
  "2.2.0" => "porta E. pres. montano S.",
  "2.2.1" => "porta E. pres. montano S.",
  "2.2.2" => "porta E. pres. montano S.",
  "2.2.3" => "porta E. pres. montano S.",
  "2.2.4" => "porta E. pres. montano S.",
  "2.2.5" => "porta E. pres. montano S.",
  "2.2.6" => "porta E. pres. montano S.",
  "2.2.7" => "porta E. pres. montano S.",
  "2.2.8" => "porta E. pres. montano S.",
  "2.3.0" => "porta N. pres. montano O.",
  "2.3.1" => "porta N. pres. montano O.",
  "2.3.2" => "porta N. pres. montano O.",
  "2.3.3" => "porta N. pres. montano O.",
  "2.3.4" => "porta N. pres. montano O.",
  "2.3.5" => "porta N. pres. montano O.",
  "2.3.6" => "porta N. pres. montano O.",
  "2.3.7" => "porta N. pres. montano O.",
  "2.3.8" => "porta N. pres. montano O.",
  "2.4.0" => "porta O. pres. montano O.",
  "2.4.1" => "porta O. pres. montano O.",
  "2.4.2" => "porta O. pres. montano O.",
  "2.4.3" => "porta O. pres. montano O.",
  "2.4.4" => "porta O. pres. montano O.",
  "2.4.5" => "porta O. pres. montano O.",
  "2.4.6" => "porta O. pres. montano O.",
  "2.4.7" => "porta O. pres. montano O.",
  "2.4.8" => "porta O. pres. montano O.",
  "2.5.0" => "porta E. pres. montano O.",
  "2.5.1" => "porta E. pres. montano O.",
  "2.5.2" => "porta E. pres. montano O.",
  "2.5.3" => "porta E. pres. montano O.",
  "2.5.4" => "porta E. pres. montano O.",
  "2.5.5" => "porta E. pres. montano O.",
  "2.5.6" => "porta E. pres. montano O.",
  "2.5.7" => "porta E. pres. montano O.",
  "2.5.8" => "porta E. pres. montano O.",
  "2.6.0" => "porta N. pres. montano E.",
  "2.6.1" => "porta N. pres. montano E.",
  "2.6.2" => "porta N. pres. montano E.",
  "2.6.3" => "porta N. pres. montano E.",
  "2.6.4" => "porta N. pres. montano E.",
  "2.6.5" => "porta N. pres. montano E.",
  "2.6.6" => "porta N. pres. montano E.",
  "2.6.7" => "porta N. pres. montano E.",
  "2.6.8" => "porta N. pres. montano E.",
  "2.7.0" => "porta O. pres. montano E.",
  "2.7.1" => "porta O. pres. montano E.",
  "2.7.2" => "porta O. pres. montano E.",
  "2.7.3" => "porta O. pres. montano E.",
  "2.7.4" => "porta O. pres. montano E.",
  "2.7.5" => "porta O. pres. montano E.",
  "2.7.6" => "porta O. pres. montano E.",
  "2.7.7" => "porta O. pres. montano E.",
  "2.7.8" => "porta O. pres. montano E.",
  "2.8.0" => "porta E. pres. montano E.",
  "2.8.1" => "porta E. pres. montano E.",
  "2.8.2" => "porta E. pres. montano E.",
  "2.8.3" => "porta E. pres. montano E.",
  "2.8.4" => "porta E. pres. montano E.",
  "2.8.5" => "porta E. pres. montano E.",
  "2.8.6" => "porta E. pres. montano E.",
  "2.8.7" => "porta E. pres. montano E.",
  "2.8.8" => "porta E. pres. montano E.",
  "2.9.0" => "porta N. pres. O.",
  "2.9.1" => "porta N. pres. O.",
  "2.9.2" => "porta N. pres. O.",
  "2.9.3" => "porta N. pres. O.",
  "2.9.4" => "porta N. pres. O.",
  "2.9.5" => "porta N. pres. O.",
  "2.9.6" => "porta N. pres. O.",
  "2.9.7" => "porta N. pres. O.",
  "2.9.8" => "porta N. pres. O.",
  "2.10.0" => "porta S. pres. O.",
  "2.10.1" => "porta S. pres. O.",
  "2.10.2" => "porta S. pres. O.",
  "2.10.3" => "porta S. pres. O.",
  "2.10.4" => "porta S. pres. O.",
  "2.10.5" => "porta S. pres. O.",
  "2.10.6" => "porta S. pres. O.",
  "2.10.7" => "porta S. pres. O.",
  "2.10.8" => "porta S. pres. O.",
  "2.11.0" => "porta N. pres. E.",
  "2.11.1" => "porta N. pres. E.",
  "2.11.2" => "porta N. pres. E.",
  "2.11.3" => "porta N. pres. E.",
  "2.11.4" => "porta N. pres. E.",
  "2.11.5" => "porta N. pres. E.",
  "2.11.6" => "porta N. pres. E.",
  "2.11.7" => "porta N. pres. E.",
  "2.11.8" => "porta N. pres. E.",
  "2.12.0" => "porta S. pres. E.",
  "2.12.1" => "porta S. pres. E.",
  "2.12.2" => "porta S. pres. E.",
  "2.12.3" => "porta S. pres. E.",
  "2.12.4" => "porta S. pres. E.",
  "2.12.5" => "porta S. pres. E.",
  "2.12.6" => "porta S. pres. E.",
  "2.12.7" => "porta S. pres. E.",
  "2.12.8" => "porta S. pres. E.",
  "2.13.0" => "porta O. pres. rocc. O.",
  "2.13.1" => "porta O. pres. rocc. O.",
  "2.13.2" => "porta O. pres. rocc. O.",
  "2.13.3" => "porta O. pres. rocc. O.",
  "2.13.4" => "porta O. pres. rocc. O.",
  "2.13.5" => "porta O. pres. rocc. O.",
  "2.13.6" => "porta O. pres. rocc. O.",
  "2.13.7" => "porta O. pres. rocc. O.",
  "2.13.8" => "porta O. pres. rocc. O.",
  "2.14.0" => "porta S. pres. rocc. O.",
  "2.14.1" => "porta S. pres. rocc. O.",
  "2.14.2" => "porta S. pres. rocc. O.",
  "2.14.3" => "porta S. pres. rocc. O.",
  "2.14.4" => "porta S. pres. rocc. O.",
  "2.14.5" => "porta S. pres. rocc. O.",
  "2.14.6" => "porta S. pres. rocc. O.",
  "2.14.7" => "porta S. pres. rocc. O.",
  "2.14.8" => "porta S. pres. rocc. O.",
  "2.15.0" => "porta E. pres. rocc. E.",
  "2.15.1" => "porta E. pres. rocc. E.",
  "2.15.2" => "porta E. pres. rocc. E.",
  "2.15.3" => "porta E. pres. rocc. E.",
  "2.15.4" => "porta E. pres. rocc. E.",
  "2.15.5" => "porta E. pres. rocc. E.",
  "2.15.6" => "porta E. pres. rocc. E.",
  "2.15.7" => "porta E. pres. rocc. E.",
  "2.15.8" => "porta E. pres. rocc. E.",
  "2.16.0" => "porta S. pres. rocc. E.",
  "2.16.1" => "porta S. pres. rocc. E.",
  "2.16.2" => "porta S. pres. rocc. E.",
  "2.16.3" => "porta S. pres. rocc. E.",
  "2.16.4" => "porta S. pres. rocc. E.",
  "2.16.5" => "porta S. pres. rocc. E.",
  "2.16.6" => "porta S. pres. rocc. E.",
  "2.16.7" => "porta S. pres. rocc. E.",
  "2.16.8" => "porta S. pres. rocc. E.",
  "2.17.0" => "porta O. pres. Goron O.",
  "2.17.1" => "porta O. pres. Goron O.",
  "2.17.2" => "porta O. pres. Goron O.",
  "2.17.3" => "porta O. pres. Goron O.",
  "2.17.4" => "porta O. pres. Goron O.",
  "2.17.5" => "porta O. pres. Goron O.",
  "2.17.6" => "porta O. pres. Goron O.",
  "2.17.7" => "porta O. pres. Goron O.",
  "2.17.8" => "porta O. pres. Goron O.",
  "2.18.0" => "porta E. pres. Goron O.",
  "2.18.1" => "porta E. pres. Goron O.",
  "2.18.2" => "porta E. pres. Goron O.",
  "2.18.3" => "porta E. pres. Goron O.",
  "2.18.4" => "porta E. pres. Goron O.",
  "2.18.5" => "porta E. pres. Goron O.",
  "2.18.6" => "porta E. pres. Goron O.",
  "2.18.7" => "porta E. pres. Goron O.",
  "2.18.8" => "porta E. pres. Goron O.",
  "2.19.0" => "porta O. pres. Goron E.",
  "2.19.1" => "porta O. pres. Goron E.",
  "2.19.2" => "porta O. pres. Goron E.",
  "2.19.3" => "porta O. pres. Goron E.",
  "2.19.4" => "porta O. pres. Goron E.",
  "2.19.5" => "porta O. pres. Goron E.",
  "2.19.6" => "porta O. pres. Goron E.",
  "2.19.7" => "porta O. pres. Goron E.",
  "2.19.8" => "porta O. pres. Goron E.",
  "2.20.0" => "porta E. pres. Goron E.",
  "2.20.1" => "porta E. pres. Goron E.",
  "2.20.2" => "porta E. pres. Goron E.",
  "2.20.3" => "porta E. pres. Goron E.",
  "2.20.4" => "porta E. pres. Goron E.",
  "2.20.5" => "porta E. pres. Goron E.",
  "2.20.6" => "porta E. pres. Goron E.",
  "2.20.7" => "porta E. pres. Goron E.",
  "2.20.8" => "porta E. pres. Goron E.",
  "2.21.0" => "porta O. della sala del capo",
  "2.21.1" => "porta O. della sala del capo",
  "2.21.2" => "porta O. della sala del capo",
  "2.21.3" => "porta O. della sala del capo",
  "2.21.4" => "porta O. della sala del capo",
  "2.21.5" => "porta O. della sala del capo",
  "2.21.6" => "porta O. della sala del capo",
  "2.21.7" => "porta O. della sala del capo",
  "2.21.8" => "porta O. della sala del capo",
  "2.22.0" => "porta E. della sala del capo",
  "2.22.1" => "porta E. della sala del capo",
  "2.22.2" => "porta E. della sala del capo",
  "2.22.3" => "porta E. della sala del capo",
  "2.22.4" => "porta E. della sala del capo",
  "2.22.5" => "porta E. della sala del capo",
  "2.22.6" => "porta E. della sala del capo",
  "2.22.7" => "porta E. della sala del capo",
  "2.22.8" => "porta E. della sala del capo",
  "2.23.0" => "porta S. della sala del capo",
  "2.23.1" => "porta S. della sala del capo",
  "2.23.2" => "porta S. della sala del capo",
  "2.23.3" => "porta S. della sala del capo",
  "2.23.4" => "porta S. della sala del capo",
  "2.23.5" => "porta S. della sala del capo",
  "2.23.6" => "porta S. della sala del capo",
  "2.23.7" => "porta S. della sala del capo",
  "2.23.8" => "porta S. della sala del capo",
  "2.24.0" => "porta connettiva",
  "2.24.1" => "porta connettiva",
  "2.24.2" => "porta connettiva",
  "2.24.3" => "porta connettiva",
  "2.24.4" => "porta connettiva",
  "2.24.5" => "porta connettiva",
  "2.24.6" => "porta connettiva",
  "2.24.7" => "porta connettiva",
  "2.24.8" => "porta connettiva",
  "2.25.0" => "porta connettiva",
  "2.25.1" => "porta connettiva",
  "2.25.2" => "porta connettiva",
  "2.25.3" => "porta connettiva",
  "2.25.4" => "porta connettiva",
  "2.25.5" => "porta connettiva",
  "2.25.6" => "porta connettiva",
  "2.25.7" => "porta connettiva",
  "2.25.8" => "porta connettiva",
  "2.40.0" => "porta S. pres. cav.",
  "2.41.0" => "porta O. pres. cav.",
  "2.42.0" => "porta E. pres. rupe",
  "2.43.0" => "porta S. pres. rupe",
  "2.44.0" => "porta N. pres. lacustre",
  "2.45.0" => "porta N. pres. del tempio",
  "2.46.0" => "porta O. pres. del tempio",
  "2.47.0" => "porta S. pres. del tempio",
  "2.48.0" => "porta N. sala S.O.",
  "2.49.0" => "porta E. sala S.O.",
  "2.50.0" => "porta S. sala O.",
  "2.51.0" => "porta N. sala S.E.",
  "2.52.0" => "porta O. sala S.E.",
  "2.53.0" => "porta S. sala E.",
  "2.54.0" => "porta N. sala centrale",
  "2.55.0" => "porta O. sala centrale",
  "2.56.0" => "porta E. sala centrale",
  "2.57.0" => "porta S. sala centrale",
  "2.58.0" => "porta N. base nemica",
  "2.59.0" => "porta O. base nemica",
  "2.60.0" => "porta E. base nemica",
  "2.61.0" => "porta principale del tempio",
  "2.62.0" => "porta E. del tempio",
  "2.63.0" => "porta del pass. S.O.",
  "2.64.0" => "porta del pass. N.O.",
  "2.65.0" => "porta del pass. S.E.",
  "2.66.0" => "porta del pass. N.E.",
  "2.80.0" => "porta N. pres. S.",
  "2.81.0" => "porta O. pres. S.",
  "2.82.0" => "porta E. pres. S.",
  "2.83.0" => "porta O. piazza E.",
  "2.84.0" => "porta E. piazza E.",
  "2.85.0" => "porta N. piazza O.",
  "2.86.0" => "porta E. piazza O.",
  "2.87.0" => "porta N. piazza N.",
  "2.88.0" => "porta O. piazza N.",
  "2.89.0" => "porta E. piazza N.",
  "2.90.0" => "porta N. pres. centrale",
  "2.91.0" => "porta S. pres. centrale",
  "2.92.0" => "porta N. pres. O.",
  "2.93.0" => "porta S. pres. O.",
  "2.94.0" => "porta N. pres. E.",
  "2.95.0" => "porta O. pres. E.",
  "2.96.0" => "porta E. pres. N.",
  "2.97.0" => "porta S. pres. N.",
  "2.98.0" => "porta O. pres. della maga",
  "2.99.0" => "porta E. pres. della maga",
  "2.100.0" => "porta S. pres. della maga",
  "2.101.0" => "porta S. del ponte",
  "2.102.0" => "porta N. del ponte",
  "2.103.0" => "porta del villaggio",
  "2.104.0" => "porta di Midna",
  "3.0.0" => "Conquista i A6presidi rocciosiR!",
  "3.1.0" => "Sconfiggi A2DaruniaR!",
  "3.2.0" => "Difendi il A6pres. rocc. ovestR
e aspetta A0%1sF2R!",
  "3.3.0" => "Sconfiggi A2DaruniaR!",
  "3.4.0" => "Sconfiggi di nuovo A2DaruniaR!",
  "3.5.0" => "Conquista il A6presidio roccioso ovestR,
e poi aiuta A0%1sF4R!",
  "3.6.0" => "Sconfiggi A2DaruniaR!",
  "3.7.0" => "Sconfiggi tutti i A2conquistatoriR!",
  "3.8.0" => "Sconfiggi tutti gli A2ingegneriR!",
  "3.9.0" => "Conquista il A2presidio Goron estR!",
}