Map {
  "1.0.0" => "Port Monee",
  "1.0.1" => "Port Monee",
  "1.0.2" => "nach Port Monee",
  "1.0.3" => "von Port Monee",
  "1.0.4" => "in Port Monee",
  "1.0.5" => "Port Monee",
  "1.0.6" => "Port Monee",
  "1.0.7" => "Port Monee",
  "1.0.8" => "Port Monee",
  "1.1.0" => "Schule des Glücks",
  "1.1.1" => "Die Schule des Glücks",
  "1.1.2" => "zur Schule des Glücks",
  "1.1.3" => "der Schule des Glücks",
  "1.1.4" => "in der Schule des Glücks",
  "1.1.5" => "Schule des Glücks",
  "1.1.6" => "die Schule des Glücks",
  "1.1.7" => "die Schule des Glücks",
  "1.1.8" => "Schule des Glücks",
  "1.2.0" => "Bomben-Laden",
  "1.2.1" => "Der Bomben-Laden",
  "1.2.2" => "zum Bomben-Laden",
  "1.2.3" => "des Bomben-Ladens",
  "1.2.4" => "im Bomben-Laden",
  "1.2.5" => "Bomben-Laden",
  "1.2.6" => "der Bomben-Laden",
  "1.2.7" => "den Bomben-Laden",
  "1.2.8" => "Bomben-Laden",
  "1.3.0" => "Drakonia-Festung",
  "1.3.1" => "Die Drakonia-Festung",
  "1.3.2" => "zur Drakonia-Festung",
  "1.3.3" => "der Drakonia-Festung",
  "1.3.4" => "in der Drakonia-Festung",
  "1.3.5" => "Drakonia-Festung",
  "1.3.6" => "die Drakonia-Festung",
  "1.3.7" => "die Drakonia-Festung",
  "1.3.8" => "Drakonia-Festung",
  "1.4.0" => "Terra-Festung",
  "1.4.1" => "Die Terra-Festung",
  "1.4.2" => "zur Terra-Festung",
  "1.4.3" => "der Terra-Festung",
  "1.4.4" => "in der Terra-Festung",
  "1.4.5" => "Terra-Festung",
  "1.4.6" => "die Terra-Festung",
  "1.4.7" => "die Terra-Festung",
  "1.4.8" => "Terra-Festung",
  "1.5.0" => "Sternenstaub-Festung",
  "1.5.1" => "Die Sternenstaub-Festung",
  "1.5.2" => "zur Sternenstaub-Festung",
  "1.5.3" => "der Sternenstaub-Festung",
  "1.5.4" => "in der Sternenstaub-Festung",
  "1.5.5" => "Sternenstaub-Festung",
  "1.5.6" => "die Sternenstaub-Festung",
  "1.5.7" => "die Sternenstaub-Festung",
  "1.5.8" => "Sternenstaub-Festung",
  "1.6.0" => "Bastionskerker",
  "1.6.1" => "Der Bastionskerker",
  "1.6.2" => "zum Bastionskerker",
  "1.6.3" => "des Bastionskerkers",
  "1.6.4" => "im Bastionskerker",
  "1.6.5" => "Bastionskerker",
  "1.6.6" => "der Bastionskerker",
  "1.6.7" => "den Bastionskerker",
  "1.6.8" => "Bastionskerker",
  "1.7.0" => "Bastionsspeisesaal",
  "1.7.1" => "Der Bastionsspeisesaal",
  "1.7.2" => "zum Bastionsspeisesaal",
  "1.7.3" => "des Bastionsspeisesaals",
  "1.7.4" => "im Bastionsspeisesaal",
  "1.7.5" => "Bastionsspeisesaal",
  "1.7.6" => "der Bastionsspeisesaal",
  "1.7.7" => "den Bastionsspeisesaal",
  "1.7.8" => "Bastionsspeisesaal",
  "1.8.0" => "Bastionsschlafsaal",
  "1.8.1" => "Der Bastionsschlafsaal",
  "1.8.2" => "zum Bastionsschlafsaal",
  "1.8.3" => "des Bastionsschlafsaals",
  "1.8.4" => "im Bastionsschlafsaal",
  "1.8.5" => "Bastionsschlafsaal",
  "1.8.6" => "der Bastionsschlafsaal",
  "1.8.7" => "den Bastionsschlafsaal",
  "1.8.8" => "Bastionsschlafsaal",
  "1.9.0" => "Bastionslager",
  "1.9.1" => "Das Bastionslager",
  "1.9.2" => "zum Bastionslager",
  "1.9.3" => "des Bastionslagers",
  "1.9.4" => "im Bastionslager",
  "1.9.5" => "Bastionslager",
  "1.9.6" => "das Bastionslager",
  "1.9.7" => "das Bastionslager",
  "1.9.8" => "Bastionslager",
  "1.40.0" => "Zephir-Platz",
  "1.41.0" => "Südwest-Weisenfestung",
  "1.42.0" => "Süd-Höhlenfestung",
  "1.43.0" => "Südost-Weisenfestung",
  "1.44.0" => "Halle der Köpfe",
  "1.45.0" => "Halle der Felsen",
  "1.46.0" => "Nordwest-Weisenfestung",
  "1.47.0" => "Nord-Höhlenfestung",
  "1.48.0" => "Nordost-Weisenfestung",
  "1.49.0" => "Terra-Platz",
  "2.0.0" => "Nordtor von Port Monee",
  "2.0.1" => "Das Nordtor von Port Monee",
  "2.0.2" => "Nordtor von Port Monee",
  "2.0.3" => "Nordtor von Port Monee",
  "2.0.4" => "Nordtor von Port Monee",
  "2.0.5" => "Nordtor von Port Monee",
  "2.0.6" => "das Nordtor von Port Monee",
  "2.0.7" => "Nordtor von Port Monee",
  "2.0.8" => "Nordtor von Port Monee",
  "2.1.0" => "Osttor von Port Monee",
  "2.1.1" => "Das Osttor von Port Monee",
  "2.1.2" => "Osttor von Port Monee",
  "2.1.3" => "Osttor von Port Monee",
  "2.1.4" => "Osttor von Port Monee",
  "2.1.5" => "Osttor von Port Monee",
  "2.1.6" => "das Osttor von Port Monee",
  "2.1.7" => "Osttor von Port Monee",
  "2.1.8" => "Osttor von Port Monee",
  "2.2.0" => "Nordtor der Schule des Glücks",
  "2.2.1" => "Das Nordtor der Schule des Glücks",
  "2.2.2" => "Nordtor der Schule des Glücks",
  "2.2.3" => "Nordtor der Schule des Glücks",
  "2.2.4" => "Nordtor der Schule des Glücks",
  "2.2.5" => "Nordtor der Schule des Glücks",
  "2.2.6" => "das Nordtor der Schule des Glücks",
  "2.2.7" => "Nordtor der Schule des Glücks",
  "2.2.8" => "Nordtor der Schule des Glücks",
  "2.3.0" => "Westtor der Schule des Glücks",
  "2.3.1" => "Das Westtor der Schule des Glücks",
  "2.3.2" => "Westtor der Schule des Glücks",
  "2.3.3" => "Westtor der Schule des Glücks",
  "2.3.4" => "Westtor der Schule des Glücks",
  "2.3.5" => "Westtor der Schule des Glücks",
  "2.3.6" => "das Westtor der Schule des Glücks",
  "2.3.7" => "Westtor der Schule des Glücks",
  "2.3.8" => "Westtor der Schule des Glücks",
  "2.4.0" => "Osttor der Schule des Glücks",
  "2.4.1" => "Das Osttor der Schule des Glücks",
  "2.4.2" => "Osttor der Schule des Glücks",
  "2.4.3" => "Osttor der Schule des Glücks",
  "2.4.4" => "Osttor der Schule des Glücks",
  "2.4.5" => "Osttor der Schule des Glücks",
  "2.4.6" => "das Osttor der Schule des Glücks",
  "2.4.7" => "Osttor der Schule des Glücks",
  "2.4.8" => "Osttor der Schule des Glücks",
  "2.5.0" => "Südtor der Schule des Glücks",
  "2.5.1" => "Das Südtor der Schule des Glücks",
  "2.5.2" => "Südtor der Schule des Glücks",
  "2.5.3" => "Südtor der Schule des Glücks",
  "2.5.4" => "Südtor der Schule des Glücks",
  "2.5.5" => "Südtor der Schule des Glücks",
  "2.5.6" => "das Südtor der Schule des Glücks",
  "2.5.7" => "Südtor der Schule des Glücks",
  "2.5.8" => "Südtor der Schule des Glücks",
  "2.6.0" => "Nordtor des Bomben-Ladens",
  "2.6.1" => "Das Nordtor des Bomben-Ladens",
  "2.6.2" => "Nordtor des Bomben-Ladens",
  "2.6.3" => "Nordtor des Bomben-Ladens",
  "2.6.4" => "Nordtor des Bomben-Ladens",
  "2.6.5" => "Nordtor des Bomben-Ladens",
  "2.6.6" => "das Nordtor des Bomben-Ladens",
  "2.6.7" => "Nordtor des Bomben-Ladens",
  "2.6.8" => "Nordtor des Bomben-Ladens",
  "2.7.0" => "Westtor des Bomben-Ladens",
  "2.7.1" => "Das Westtor des Bomben-Ladens",
  "2.7.2" => "Westtor des Bomben-Ladens",
  "2.7.3" => "Westtor des Bomben-Ladens",
  "2.7.4" => "Westtor des Bomben-Ladens",
  "2.7.5" => "Westtor des Bomben-Ladens",
  "2.7.6" => "das Westtor des Bomben-Ladens",
  "2.7.7" => "Westtor des Bomben-Ladens",
  "2.7.8" => "Westtor des Bomben-Ladens",
  "2.8.0" => "Osttor des Bomben-Ladens",
  "2.8.1" => "Das Osttor des Bomben-Ladens",
  "2.8.2" => "Osttor des Bomben-Ladens",
  "2.8.3" => "Osttor des Bomben-Ladens",
  "2.8.4" => "Osttor des Bomben-Ladens",
  "2.8.5" => "Osttor des Bomben-Ladens",
  "2.8.6" => "das Osttor des Bomben-Ladens",
  "2.8.7" => "Osttor des Bomben-Ladens",
  "2.8.8" => "Osttor des Bomben-Ladens",
  "2.9.0" => "Südtor des Bomben-Ladens",
  "2.9.1" => "Das Südtor des Bomben-Ladens",
  "2.9.2" => "Südtor des Bomben-Ladens",
  "2.9.3" => "Südtor des Bomben-Ladens",
  "2.9.4" => "Südtor des Bomben-Ladens",
  "2.9.5" => "Südtor des Bomben-Ladens",
  "2.9.6" => "das Südtor des Bomben-Ladens",
  "2.9.7" => "Südtor des Bomben-Ladens",
  "2.9.8" => "Südtor des Bomben-Ladens",
  "2.10.0" => "Nordtor der Drakonia-Festung",
  "2.10.1" => "Das Nordtor der Drakonia-Festung",
  "2.10.2" => "Nordtor der Drakonia-Festung",
  "2.10.3" => "Nordtor der Drakonia-Festung",
  "2.10.4" => "Nordtor der Drakonia-Festung",
  "2.10.5" => "Nordtor der Drakonia-Festung",
  "2.10.6" => "das Nordtor der Drakonia-Festung",
  "2.10.7" => "Nordtor der Drakonia-Festung",
  "2.10.8" => "Nordtor der Drakonia-Festung",
  "2.11.0" => "Westtor der Drakonia-Festung",
  "2.11.1" => "Das Westtor der Drakonia-Festung",
  "2.11.2" => "Westtor der Drakonia-Festung",
  "2.11.3" => "Westtor der Drakonia-Festung",
  "2.11.4" => "Westtor der Drakonia-Festung",
  "2.11.5" => "Westtor der Drakonia-Festung",
  "2.11.6" => "das Westtor der Drakonia-Festung",
  "2.11.7" => "Westtor der Drakonia-Festung",
  "2.11.8" => "Westtor der Drakonia-Festung",
  "2.12.0" => "Südtor der Drakonia-Festung",
  "2.12.1" => "Das Südtor der Drakonia-Festung",
  "2.12.2" => "Südtor der Drakonia-Festung",
  "2.12.3" => "Südtor der Drakonia-Festung",
  "2.12.4" => "Südtor der Drakonia-Festung",
  "2.12.5" => "Südtor der Drakonia-Festung",
  "2.12.6" => "das Südtor der Drakonia-Festung",
  "2.12.7" => "Südtor der Drakonia-Festung",
  "2.12.8" => "Südtor der Drakonia-Festung",
  "2.13.0" => "Nordtor der Terra-Festung",
  "2.13.1" => "Das Nordtor der Terra-Festung",
  "2.13.2" => "Nordtor der Terra-Festung",
  "2.13.3" => "Nordtor der Terra-Festung",
  "2.13.4" => "Nordtor der Terra-Festung",
  "2.13.5" => "Nordtor der Terra-Festung",
  "2.13.6" => "das Nordtor der Terra-Festung",
  "2.13.7" => "Nordtor der Terra-Festung",
  "2.13.8" => "Nordtor der Terra-Festung",
  "2.14.0" => "Westtor der Terra-Festung",
  "2.14.1" => "Das Westtor der Terra-Festung",
  "2.14.2" => "Westtor der Terra-Festung",
  "2.14.3" => "Westtor der Terra-Festung",
  "2.14.4" => "Westtor der Terra-Festung",
  "2.14.5" => "Westtor der Terra-Festung",
  "2.14.6" => "das Westtor der Terra-Festung",
  "2.14.7" => "Westtor der Terra-Festung",
  "2.14.8" => "Westtor der Terra-Festung",
  "2.15.0" => "Südtor der Terra-Festung",
  "2.15.1" => "Das Südtor der Terra-Festung",
  "2.15.2" => "Südtor der Terra-Festung",
  "2.15.3" => "Südtor der Terra-Festung",
  "2.15.4" => "Südtor der Terra-Festung",
  "2.15.5" => "Südtor der Terra-Festung",
  "2.15.6" => "das Südtor der Terra-Festung",
  "2.15.7" => "Südtor der Terra-Festung",
  "2.15.8" => "Südtor der Terra-Festung",
  "2.16.0" => "Nordtor der Sternenstaub-Festung",
  "2.16.1" => "Das Nordtor der Sternenstaub-Festung",
  "2.16.2" => "Nordtor der Sternenstaub-Festung",
  "2.16.3" => "Nordtor der Sternenstaub-Festung",
  "2.16.4" => "Nordtor der Sternenstaub-Festung",
  "2.16.5" => "Nordtor der Sternenstaub-Festung",
  "2.16.6" => "das Nordtor der Sternenstaub-Festung",
  "2.16.7" => "Nordtor der Sternenstaub-Festung",
  "2.16.8" => "Nordtor der Sternenstaub-Festung",
  "2.17.0" => "Osttor der Sternenstaub-Festung",
  "2.17.1" => "Das Osttor der Sternenstaub-Festung",
  "2.17.2" => "Osttor der Sternenstaub-Festung",
  "2.17.3" => "Osttor der Sternenstaub-Festung",
  "2.17.4" => "Osttor der Sternenstaub-Festung",
  "2.17.5" => "Osttor der Sternenstaub-Festung",
  "2.17.6" => "das Osttor der Sternenstaub-Festung",
  "2.17.7" => "Osttor der Sternenstaub-Festung",
  "2.17.8" => "Osttor der Sternenstaub-Festung",
  "2.18.0" => "Nordtor des Bastionskerkers",
  "2.18.1" => "Das Nordtor des Bastionskerkers",
  "2.18.2" => "Nordtor des Bastionskerkers",
  "2.18.3" => "Nordtor des Bastionskerkers",
  "2.18.4" => "Nordtor des Bastionskerkers",
  "2.18.5" => "Nordtor des Bastionskerkers",
  "2.18.6" => "das Nordtor des Bastionskerkers",
  "2.18.7" => "Nordtor des Bastionskerkers",
  "2.18.8" => "Nordtor des Bastionskerkers",
  "2.19.0" => "Westtor des Bastionskerkers",
  "2.19.1" => "Das Westtor des Bastionskerkers",
  "2.19.2" => "Westtor des Bastionskerkers",
  "2.19.3" => "Westtor des Bastionskerkers",
  "2.19.4" => "Westtor des Bastionskerkers",
  "2.19.5" => "Westtor des Bastionskerkers",
  "2.19.6" => "das Westtor des Bastionskerkers",
  "2.19.7" => "Westtor des Bastionskerkers",
  "2.19.8" => "Westtor des Bastionskerkers",
  "2.20.0" => "Südtor des Bastionskerkers",
  "2.20.1" => "Das Südtor des Bastionskerkers",
  "2.20.2" => "Südtor des Bastionskerkers",
  "2.20.3" => "Südtor des Bastionskerkers",
  "2.20.4" => "Südtor des Bastionskerkers",
  "2.20.5" => "Südtor des Bastionskerkers",
  "2.20.6" => "das Südtor des Bastionskerkers",
  "2.20.7" => "Südtor des Bastionskerkers",
  "2.20.8" => "Südtor des Bastionskerkers",
  "2.21.0" => "Nordtor des Bastionsspeisesaals",
  "2.21.1" => "Das Nordtor des Bastionsspeisesaals",
  "2.21.2" => "Nordtor des Bastionsspeisesaals",
  "2.21.3" => "Nordtor des Bastionsspeisesaals",
  "2.21.4" => "Nordtor des Bastionsspeisesaals",
  "2.21.5" => "Nordtor des Bastionsspeisesaals",
  "2.21.6" => "das Nordtor des Bastionsspeisesaals",
  "2.21.7" => "Nordtor des Bastionsspeisesaals",
  "2.21.8" => "Nordtor des Bastionsspeisesaals",
  "2.22.0" => "Osttor des Bastionsspeisesaals",
  "2.22.1" => "Das Osttor des Bastionsspeisesaals",
  "2.22.2" => "Osttor des Bastionsspeisesaals",
  "2.22.3" => "Osttor des Bastionsspeisesaals",
  "2.22.4" => "Osttor des Bastionsspeisesaals",
  "2.22.5" => "Osttor des Bastionsspeisesaals",
  "2.22.6" => "das Osttor des Bastionsspeisesaals",
  "2.22.7" => "Osttor des Bastionsspeisesaals",
  "2.22.8" => "Osttor des Bastionsspeisesaals",
  "2.23.0" => "Südtor des Bastionsspeisesaals",
  "2.23.1" => "Das Südtor des Bastionsspeisesaals",
  "2.23.2" => "Südtor des Bastionsspeisesaals",
  "2.23.3" => "Südtor des Bastionsspeisesaals",
  "2.23.4" => "Südtor des Bastionsspeisesaals",
  "2.23.5" => "Südtor des Bastionsspeisesaals",
  "2.23.6" => "das Südtor des Bastionsspeisesaals",
  "2.23.7" => "Südtor des Bastionsspeisesaals",
  "2.23.8" => "Südtor des Bastionsspeisesaals",
  "2.24.0" => "Nordtor des Bastionsschlafsaals",
  "2.24.1" => "Das Nordtor des Bastionsschlafsaals",
  "2.24.2" => "Nordtor des Bastionsschlafsaals",
  "2.24.3" => "Nordtor des Bastionsschlafsaals",
  "2.24.4" => "Nordtor des Bastionsschlafsaals",
  "2.24.5" => "Nordtor des Bastionsschlafsaals",
  "2.24.6" => "das Nordtor des Bastionsschlafsaals",
  "2.24.7" => "Nordtor des Bastionsschlafsaals",
  "2.24.8" => "Nordtor des Bastionsschlafsaals",
  "2.25.0" => "Osttor des Bastionsschlafsaals",
  "2.25.1" => "Das Osttor des Bastionsschlafsaals",
  "2.25.2" => "Osttor des Bastionsschlafsaals",
  "2.25.3" => "Osttor des Bastionsschlafsaals",
  "2.25.4" => "Osttor des Bastionsschlafsaals",
  "2.25.5" => "Osttor des Bastionsschlafsaals",
  "2.25.6" => "das Osttor des Bastionsschlafsaals",
  "2.25.7" => "Osttor des Bastionsschlafsaals",
  "2.25.8" => "Osttor des Bastionsschlafsaals",
  "2.26.0" => "Südtor des Bastionsschlafsaals",
  "2.26.1" => "Das Südtor des Bastionsschlafsaals",
  "2.26.2" => "Südtor des Bastionsschlafsaals",
  "2.26.3" => "Südtor des Bastionsschlafsaals",
  "2.26.4" => "Südtor des Bastionsschlafsaals",
  "2.26.5" => "Südtor des Bastionsschlafsaals",
  "2.26.6" => "das Südtor des Bastionsschlafsaals",
  "2.26.7" => "Südtor des Bastionsschlafsaals",
  "2.26.8" => "Südtor des Bastionsschlafsaals",
  "2.27.0" => "Osttor des Bastionslagers",
  "2.27.1" => "Das Osttor des Bastionslagers",
  "2.27.2" => "Osttor des Bastionslagers",
  "2.27.3" => "Osttor des Bastionslagers",
  "2.27.4" => "Osttor des Bastionslagers",
  "2.27.5" => "Osttor des Bastionslagers",
  "2.27.6" => "das Osttor des Bastionslagers",
  "2.27.7" => "Osttor des Bastionslagers",
  "2.27.8" => "Osttor des Bastionslagers",
  "2.28.0" => "Südtor des Bastionslagers",
  "2.28.1" => "Das Südtor des Bastionslagers",
  "2.28.2" => "Südtor des Bastionslagers",
  "2.28.3" => "Südtor des Bastionslagers",
  "2.28.4" => "Südtor des Bastionslagers",
  "2.28.5" => "Südtor des Bastionslagers",
  "2.28.6" => "das Südtor des Bastionslagers",
  "2.28.7" => "Südtor des Bastionslagers",
  "2.28.8" => "Südtor des Bastionslagers",
  "2.29.0" => "Tor zum Platz von Port Monee",
  "2.29.1" => "Das Tor zum Platz von Port Monee",
  "2.29.2" => "Tor zum Platz von Port Monee",
  "2.29.3" => "Tor zum Platz von Port Monee",
  "2.29.4" => "Tor zum Platz von Port Monee",
  "2.29.5" => "Tor zum Platz von Port Monee",
  "2.29.6" => "das Tor zum Platz von Port Monee",
  "2.29.7" => "Tor zum Platz von Port Monee",
  "2.29.8" => "Tor zum Platz von Port Monee",
  "2.30.0" => "Nordtor der Stadtmauer von Port Monee",
  "2.30.1" => "Das Nordtor der Stadtmauer von Port Monee",
  "2.30.2" => "Nordtor der Stadtmauer von Port Monee",
  "2.30.3" => "Nordtor der Stadtmauer von Port Monee",
  "2.30.4" => "Nordtor der Stadtmauer von Port Monee",
  "2.30.5" => "Nordtor der Stadtmauer von Port Monee",
  "2.30.6" => "das Nordtor der Stadtmauer von Port Monee",
  "2.30.7" => "Nordtor der Stadtmauer von Port Monee",
  "2.30.8" => "Nordtor der Stadtmauer von Port Monee",
  "2.31.0" => "Haupttor der Stadtmauer von Port Monee",
  "2.31.1" => "Das Haupttor der Stadtmauer von Port Monee",
  "2.31.2" => "Haupttor der Stadtmauer von Port Monee",
  "2.31.3" => "Haupttor der Stadtmauer von Port Monee",
  "2.31.4" => "Haupttor der Stadtmauer von Port Monee",
  "2.31.5" => "Haupttor der Stadtmauer von Port Monee",
  "2.31.6" => "das Haupttor der Stadtmauer von Port Monee",
  "2.31.7" => "Haupttor der Stadtmauer von Port Monee",
  "2.31.8" => "Haupttor der Stadtmauer von Port Monee",
  "2.32.0" => "Südtor der Stadtmauer von Port Monee",
  "2.32.1" => "Das Südtor der Stadtmauer von Port Monee",
  "2.32.2" => "Südtor der Stadtmauer von Port Monee",
  "2.32.3" => "Südtor der Stadtmauer von Port Monee",
  "2.32.4" => "Südtor der Stadtmauer von Port Monee",
  "2.32.5" => "Südtor der Stadtmauer von Port Monee",
  "2.32.6" => "das Südtor der Stadtmauer von Port Monee",
  "2.32.7" => "Südtor der Stadtmauer von Port Monee",
  "2.32.8" => "Südtor der Stadtmauer von Port Monee",
  "2.33.0" => "Tor zum Geheimraum in Port Monee",
  "2.33.1" => "Das Tor zum Geheimraum in Port Monee",
  "2.33.2" => "Tor zum Geheimraum in Port Monee",
  "2.33.3" => "Tor zum Geheimraum in Port Monee",
  "2.33.4" => "Tor zum Geheimraum in Port Monee",
  "2.33.5" => "Tor zum Geheimraum in Port Monee",
  "2.33.6" => "das Tor zum Geheimraum in Port Monee",
  "2.33.7" => "Tor zum Geheimraum in Port Monee",
  "2.33.8" => "Tor zum Geheimraum in Port Monee",
  "2.34.0" => "Osttor der Drakonia-Festung",
  "2.34.1" => "Das Osttor der Drakonia-Festung",
  "2.34.2" => "Osttor der Drakonia-Festung",
  "2.34.3" => "Osttor der Drakonia-Festung",
  "2.34.4" => "Osttor der Drakonia-Festung",
  "2.34.5" => "Osttor der Drakonia-Festung",
  "2.34.6" => "das Osttor der Drakonia-Festung",
  "2.34.7" => "Osttor der Drakonia-Festung",
  "2.34.8" => "Osttor der Drakonia-Festung",
  "2.40.0" => "Nordtor des Zephir-Platzes",
  "2.41.0" => "Westtor des Zephir-Platzes",
  "2.42.0" => "Osttor des Zephir-Platzes",
  "2.43.0" => "Nordtor der Südwest-Weisenfestung",
  "2.44.0" => "Osttor der Südwest-Weisenfestung",
  "2.45.0" => "Südtor der Südwest-Weisenfestung",
  "2.46.0" => "Westtor der Süd-Höhlenfestung",
  "2.47.0" => "Osttor der Süd-Höhlenfestung",
  "2.48.0" => "Nordtor der Südost-Weisenfestung",
  "2.49.0" => "Westtor der Südost-Weisenfestung",
  "2.50.0" => "Osttor der Südost-Weisenfestung",
  "2.51.0" => "Südtor der Südost-Weisenfestung",
  "2.52.0" => "Osttor der Halle der Köpfe",
  "2.53.0" => "Südtor der Halle der Köpfe",
  "2.54.0" => "Nordtor der Halle der Felsen",
  "2.55.0" => "Westtor der Halle der Felsen",
  "2.56.0" => "Nordtor der Nordwest-Weisenfestung",
  "2.57.0" => "Westtor der Nordwest-Weisenfestung",
  "2.58.0" => "Osttor der Nordwest-Weisenfestung",
  "2.59.0" => "Südtor der Nordwest-Weisenfestung",
  "2.60.0" => "Westtor der Nord-Höhlenfestung",
  "2.61.0" => "Osttor der Nord-Höhlenfestung",
  "2.62.0" => "Nordtor der Nordost-Weisenfestung",
  "2.63.0" => "Westtor der Nordost-Weisenfestung",
  "2.64.0" => "Südtor der Nordost-Weisenfestung",
  "2.65.0" => "Westtor des Terra-Platzes",
  "2.66.0" => "Osttor des Terra-Platzes",
  "2.67.0" => "Südtor des Terra-Platzes",
  "2.68.0" => "Nordtor zur Höhlenmitte",
  "2.69.0" => "Südtor zur Höhlenmitte",
  "2.70.0" => "Haupttor des Zephirtempels",
  "2.71.0" => "Haupttor des Zephirtempels",
  "2.80.0" => "Nordzugang zum Deku-Baum",
  "2.81.0" => "Westzugang zum Deku-Baum",
  "2.82.0" => "Ostzugang zum Deku-Baum",
  "2.83.0" => "Südzugang zum Deku-Baum",
  "2.84.0" => "Nordtor des Südplatzes",
  "2.85.0" => "Westtor des Südplatzes",
  "2.86.0" => "Osttor des Südplatzes",
  "2.87.0" => "Nordtor des Westplatzes",
  "2.88.0" => "Osttor des Westplatzes",
  "2.89.0" => "Südtor des Westplatzes",
  "2.90.0" => "Nordtor des Südbaums",
  "2.91.0" => "Westtor des Südbaums",
  "2.92.0" => "Osttor des Südbaums",
  "2.93.0" => "Nordtor des Südostbaums",
  "2.94.0" => "Westtor des Südostbaums",
  "2.95.0" => "Südtor des Südostbaums",
  "2.96.0" => "Nordtor des Westbaums",
  "2.97.0" => "Osttor des Westbaums",
  "2.98.0" => "Südtor des Westbaums",
  "2.99.0" => "Nordtor des Ostbaums",
  "2.100.0" => "Westtor des Ostbaums",
  "2.101.0" => "Osttor des Ostbaums",
  "2.102.0" => "Südtor des Ostbaums",
  "2.103.0" => "Eingang zur Quelle der Göttin",
  "2.104.0" => "Osttor des Nordplatzes",
  "2.105.0" => "Westtor des Nordplatzes",
  "2.106.0" => "Tor der Finsterwaldfestung",
  "2.107.0" => "West-Kontrollpunkt",
  "2.108.0" => "Nord-Kontrollpunkt",
  "2.109.0" => "Brücken-Kontrollpunkt",
  "2.110.0" => "Geheimer Eingang",
}