Map {
  "1.0.0" => "Periferia di Taura",
  "1.0.1" => "periferia di Taura",
  "1.0.2" => "periferia di Taura",
  "1.0.3" => "periferia di Taura",
  "1.0.4" => "periferia di Taura",
  "1.0.5" => "periferia di Taura",
  "1.0.6" => "periferia di Taura",
  "1.0.7" => "periferia di Taura",
  "1.0.8" => "periferia di Taura",
  "1.1.0" => "Scuola della felicità",
  "1.1.1" => "scuola della felicità",
  "1.1.2" => "scuola della felicità",
  "1.1.3" => "scuola della felicità",
  "1.1.4" => "scuola della felicità",
  "1.1.5" => "scuola della felicità",
  "1.1.6" => "scuola della felicità",
  "1.1.7" => "scuola della felicità",
  "1.1.8" => "scuola della felicità",
  "1.2.0" => "Negozio delle bombe",
  "1.2.1" => "negozio delle bombe",
  "1.2.2" => "negozio delle bombe",
  "1.2.3" => "negozio delle bombe",
  "1.2.4" => "negozio delle bombe",
  "1.2.5" => "negozio delle bombe",
  "1.2.6" => "negozio delle bombe",
  "1.2.7" => "negozio delle bombe",
  "1.2.8" => "negozio delle bombe",
  "1.3.0" => "Isola del Drago",
  "1.3.1" => "Isola del Drago",
  "1.3.2" => "Isola del Drago",
  "1.3.3" => "Isola del Drago",
  "1.3.4" => "Isola del Drago",
  "1.3.5" => "Isola del Drago",
  "1.3.6" => "Isola del Drago",
  "1.3.7" => "Isola del Drago",
  "1.3.8" => "Isola del Drago",
  "1.4.0" => "Presidio della Terra",
  "1.4.1" => "presidio della Terra",
  "1.4.2" => "presidio della Terra",
  "1.4.3" => "presidio della Terra",
  "1.4.4" => "presidio della Terra",
  "1.4.5" => "presidio della Terra",
  "1.4.6" => "presidio della Terra",
  "1.4.7" => "presidio della Terra",
  "1.4.8" => "presidio della Terra",
  "1.5.0" => "Isola Stella",
  "1.5.1" => "Isola Stella",
  "1.5.2" => "Isola Stella",
  "1.5.3" => "Isola Stella",
  "1.5.4" => "Isola Stella",
  "1.5.5" => "Isola Stella",
  "1.5.6" => "Isola Stella",
  "1.5.7" => "Isola Stella",
  "1.5.8" => "Isola Stella",
  "1.6.0" => "Prigione",
  "1.6.1" => "prigione",
  "1.6.2" => "prigione",
  "1.6.3" => "prigione",
  "1.6.4" => "prigione",
  "1.6.5" => "prigione",
  "1.6.6" => "prigione",
  "1.6.7" => "prigione",
  "1.6.8" => "prigione",
  "1.7.0" => "Mangiatoia",
  "1.7.1" => "mangiatoia",
  "1.7.2" => "mangiatoia",
  "1.7.3" => "mangiatoia",
  "1.7.4" => "mangiatoia",
  "1.7.5" => "mangiatoia",
  "1.7.6" => "mangiatoia",
  "1.7.7" => "mangiatoia",
  "1.7.8" => "mangiatoia",
  "1.8.0" => "Dormitorio",
  "1.8.1" => "dormitorio",
  "1.8.2" => "dormitorio",
  "1.8.3" => "dormitorio",
  "1.8.4" => "dormitorio",
  "1.8.5" => "dormitorio",
  "1.8.6" => "dormitorio",
  "1.8.7" => "dormitorio",
  "1.8.8" => "dormitorio",
  "1.9.0" => "Deposito dei demoni",
  "1.9.1" => "deposito dei demoni",
  "1.9.2" => "deposito dei demoni",
  "1.9.3" => "deposito dei demoni",
  "1.9.4" => "deposito dei demoni",
  "1.9.5" => "deposito dei demoni",
  "1.9.6" => "deposito dei demoni",
  "1.9.7" => "deposito dei demoni",
  "1.9.8" => "deposito dei demoni",
  "1.40.0" => "Presidio del vento",
  "1.41.0" => "Presidio S.O. dei saggi",
  "1.42.0" => "Caverna sud",
  "1.43.0" => "Presidio S.E. dei saggi",
  "1.44.0" => "Grotta delle facce",
  "1.45.0" => "Grotta di rocce",
  "1.46.0" => "Presidio N.O. dei saggi",
  "1.47.0" => "Caverna nord",
  "1.48.0" => "Presidio N.E. dei saggi",
  "1.49.0" => "Piazza della Terra",
  "2.0.0" => "periferia di Taura",
  "2.0.1" => "periferia di Taura",
  "2.0.2" => "periferia di Taura",
  "2.0.3" => "periferia di Taura",
  "2.0.4" => "periferia di Taura",
  "2.0.5" => "periferia di Taura",
  "2.0.6" => "periferia di Taura",
  "2.0.7" => "periferia di Taura",
  "2.0.8" => "periferia di Taura",
  "2.1.0" => "periferia di Taura",
  "2.1.1" => "periferia di Taura",
  "2.1.2" => "periferia di Taura",
  "2.1.3" => "periferia di Taura",
  "2.1.4" => "periferia di Taura",
  "2.1.5" => "periferia di Taura",
  "2.1.6" => "periferia di Taura",
  "2.1.7" => "periferia di Taura",
  "2.1.8" => "periferia di Taura",
  "2.2.0" => "scuola della felicità",
  "2.2.1" => "scuola della felicità",
  "2.2.2" => "scuola della felicità",
  "2.2.3" => "scuola della felicità",
  "2.2.4" => "scuola della felicità",
  "2.2.5" => "scuola della felicità",
  "2.2.6" => "scuola della felicità",
  "2.2.7" => "scuola della felicità",
  "2.2.8" => "scuola della felicità",
  "2.3.0" => "scuola della felicità",
  "2.3.1" => "scuola della felicità",
  "2.3.2" => "scuola della felicità",
  "2.3.3" => "scuola della felicità",
  "2.3.4" => "scuola della felicità",
  "2.3.5" => "scuola della felicità",
  "2.3.6" => "scuola della felicità",
  "2.3.7" => "scuola della felicità",
  "2.3.8" => "scuola della felicità",
  "2.4.0" => "scuola della felicità",
  "2.4.1" => "scuola della felicità",
  "2.4.2" => "scuola della felicità",
  "2.4.3" => "scuola della felicità",
  "2.4.4" => "scuola della felicità",
  "2.4.5" => "scuola della felicità",
  "2.4.6" => "scuola della felicità",
  "2.4.7" => "scuola della felicità",
  "2.4.8" => "scuola della felicità",
  "2.5.0" => "scuola della felicità",
  "2.5.1" => "scuola della felicità",
  "2.5.2" => "scuola della felicità",
  "2.5.3" => "scuola della felicità",
  "2.5.4" => "scuola della felicità",
  "2.5.5" => "scuola della felicità",
  "2.5.6" => "scuola della felicità",
  "2.5.7" => "scuola della felicità",
  "2.5.8" => "scuola della felicità",
  "2.6.0" => "porta del neg. di bombe",
  "2.6.1" => "porta del neg. di bombe",
  "2.6.2" => "porta del neg. di bombe",
  "2.6.3" => "porta del neg. di bombe",
  "2.6.4" => "porta del neg. di bombe",
  "2.6.5" => "porta del neg. di bombe",
  "2.6.6" => "porta del neg. di bombe",
  "2.6.7" => "porta del neg. di bombe",
  "2.6.8" => "porta del neg. di bombe",
  "2.7.0" => "porta del neg. di bombe",
  "2.7.1" => "porta del neg. di bombe",
  "2.7.2" => "porta del neg. di bombe",
  "2.7.3" => "porta del neg. di bombe",
  "2.7.4" => "porta del neg. di bombe",
  "2.7.5" => "porta del neg. di bombe",
  "2.7.6" => "porta del neg. di bombe",
  "2.7.7" => "porta del neg. di bombe",
  "2.7.8" => "porta del neg. di bombe",
  "2.8.0" => "porta del neg. di bombe",
  "2.8.1" => "porta del neg. di bombe",
  "2.8.2" => "porta del neg. di bombe",
  "2.8.3" => "porta del neg. di bombe",
  "2.8.4" => "porta del neg. di bombe",
  "2.8.5" => "porta del neg. di bombe",
  "2.8.6" => "porta del neg. di bombe",
  "2.8.7" => "porta del neg. di bombe",
  "2.8.8" => "porta del neg. di bombe",
  "2.9.0" => "porta del neg. di bombe",
  "2.9.1" => "porta del neg. di bombe",
  "2.9.2" => "porta del neg. di bombe",
  "2.9.3" => "porta del neg. di bombe",
  "2.9.4" => "porta del neg. di bombe",
  "2.9.5" => "porta del neg. di bombe",
  "2.9.6" => "porta del neg. di bombe",
  "2.9.7" => "porta del neg. di bombe",
  "2.9.8" => "porta del neg. di bombe",
  "2.10.0" => "porta dell'Isola del Drago",
  "2.10.1" => "porta dell'Isola del Drago",
  "2.10.2" => "porta dell'Isola del Drago",
  "2.10.3" => "porta dell'Isola del Drago",
  "2.10.4" => "porta dell'Isola del Drago",
  "2.10.5" => "porta dell'Isola del Drago",
  "2.10.6" => "porta dell'Isola del Drago",
  "2.10.7" => "porta dell'Isola del Drago",
  "2.10.8" => "porta dell'Isola del Drago",
  "2.11.0" => "porta dell'Isola del Drago",
  "2.11.1" => "porta dell'Isola del Drago",
  "2.11.2" => "porta dell'Isola del Drago",
  "2.11.3" => "porta dell'Isola del Drago",
  "2.11.4" => "porta dell'Isola del Drago",
  "2.11.5" => "porta dell'Isola del Drago",
  "2.11.6" => "porta dell'Isola del Drago",
  "2.11.7" => "porta dell'Isola del Drago",
  "2.11.8" => "porta dell'Isola del Drago",
  "2.12.0" => "porta dell'Isola del Drago",
  "2.12.1" => "porta dell'Isola del Drago",
  "2.12.2" => "porta dell'Isola del Drago",
  "2.12.3" => "porta dell'Isola del Drago",
  "2.12.4" => "porta dell'Isola del Drago",
  "2.12.5" => "porta dell'Isola del Drago",
  "2.12.6" => "porta dell'Isola del Drago",
  "2.12.7" => "porta dell'Isola del Drago",
  "2.12.8" => "porta dell'Isola del Drago",
  "2.13.0" => "porta presidio della Terra",
  "2.13.1" => "porta presidio della Terra",
  "2.13.2" => "porta presidio della Terra",
  "2.13.3" => "porta presidio della Terra",
  "2.13.4" => "porta presidio della Terra",
  "2.13.5" => "porta presidio della Terra",
  "2.13.6" => "porta presidio della Terra",
  "2.13.7" => "porta presidio della Terra",
  "2.13.8" => "porta presidio della Terra",
  "2.14.0" => "porta presidio della Terra",
  "2.14.1" => "porta presidio della Terra",
  "2.14.2" => "porta presidio della Terra",
  "2.14.3" => "porta presidio della Terra",
  "2.14.4" => "porta presidio della Terra",
  "2.14.5" => "porta presidio della Terra",
  "2.14.6" => "porta presidio della Terra",
  "2.14.7" => "porta presidio della Terra",
  "2.14.8" => "porta presidio della Terra",
  "2.15.0" => "porta presidio della Terra",
  "2.15.1" => "porta presidio della Terra",
  "2.15.2" => "porta presidio della Terra",
  "2.15.3" => "porta presidio della Terra",
  "2.15.4" => "porta presidio della Terra",
  "2.15.5" => "porta presidio della Terra",
  "2.15.6" => "porta presidio della Terra",
  "2.15.7" => "porta presidio della Terra",
  "2.15.8" => "porta presidio della Terra",
  "2.16.0" => "porta dell'Isola Stella",
  "2.16.1" => "porta dell'Isola Stella",
  "2.16.2" => "porta dell'Isola Stella",
  "2.16.3" => "porta dell'Isola Stella",
  "2.16.4" => "porta dell'Isola Stella",
  "2.16.5" => "porta dell'Isola Stella",
  "2.16.6" => "porta dell'Isola Stella",
  "2.16.7" => "porta dell'Isola Stella",
  "2.16.8" => "porta dell'Isola Stella",
  "2.17.0" => "porta dell'Isola Stella",
  "2.17.1" => "porta dell'Isola Stella",
  "2.17.2" => "porta dell'Isola Stella",
  "2.17.3" => "porta dell'Isola Stella",
  "2.17.4" => "porta dell'Isola Stella",
  "2.17.5" => "porta dell'Isola Stella",
  "2.17.6" => "porta dell'Isola Stella",
  "2.17.7" => "porta dell'Isola Stella",
  "2.17.8" => "porta dell'Isola Stella",
  "2.18.0" => "prigione",
  "2.18.1" => "prigione",
  "2.18.2" => "prigione",
  "2.18.3" => "prigione",
  "2.18.4" => "prigione",
  "2.18.5" => "prigione",
  "2.18.6" => "prigione",
  "2.18.7" => "prigione",
  "2.18.8" => "prigione",
  "2.19.0" => "prigione",
  "2.19.1" => "prigione",
  "2.19.2" => "prigione",
  "2.19.3" => "prigione",
  "2.19.4" => "prigione",
  "2.19.5" => "prigione",
  "2.19.6" => "prigione",
  "2.19.7" => "prigione",
  "2.19.8" => "prigione",
  "2.20.0" => "prigione",
  "2.20.1" => "prigione",
  "2.20.2" => "prigione",
  "2.20.3" => "prigione",
  "2.20.4" => "prigione",
  "2.20.5" => "prigione",
  "2.20.6" => "prigione",
  "2.20.7" => "prigione",
  "2.20.8" => "prigione",
  "2.21.0" => "mangiatoia",
  "2.21.1" => "mangiatoia",
  "2.21.2" => "mangiatoia",
  "2.21.3" => "mangiatoia",
  "2.21.4" => "mangiatoia",
  "2.21.5" => "mangiatoia",
  "2.21.6" => "mangiatoia",
  "2.21.7" => "mangiatoia",
  "2.21.8" => "mangiatoia",
  "2.22.0" => "mangiatoia",
  "2.22.1" => "mangiatoia",
  "2.22.2" => "mangiatoia",
  "2.22.3" => "mangiatoia",
  "2.22.4" => "mangiatoia",
  "2.22.5" => "mangiatoia",
  "2.22.6" => "mangiatoia",
  "2.22.7" => "mangiatoia",
  "2.22.8" => "mangiatoia",
  "2.23.0" => "mangiatoia",
  "2.23.1" => "mangiatoia",
  "2.23.2" => "mangiatoia",
  "2.23.3" => "mangiatoia",
  "2.23.4" => "mangiatoia",
  "2.23.5" => "mangiatoia",
  "2.23.6" => "mangiatoia",
  "2.23.7" => "mangiatoia",
  "2.23.8" => "mangiatoia",
  "2.24.0" => "porta dormitorio",
  "2.24.1" => "porta dormitorio",
  "2.24.2" => "porta dormitorio",
  "2.24.3" => "porta dormitorio",
  "2.24.4" => "porta dormitorio",
  "2.24.5" => "porta dormitorio",
  "2.24.6" => "porta dormitorio",
  "2.24.7" => "porta dormitorio",
  "2.24.8" => "porta dormitorio",
  "2.25.0" => "porta dormitorio",
  "2.25.1" => "porta dormitorio",
  "2.25.2" => "porta dormitorio",
  "2.25.3" => "porta dormitorio",
  "2.25.4" => "porta dormitorio",
  "2.25.5" => "porta dormitorio",
  "2.25.6" => "porta dormitorio",
  "2.25.7" => "porta dormitorio",
  "2.25.8" => "porta dormitorio",
  "2.26.0" => "porta dormitorio",
  "2.26.1" => "porta dormitorio",
  "2.26.2" => "porta dormitorio",
  "2.26.3" => "porta dormitorio",
  "2.26.4" => "porta dormitorio",
  "2.26.5" => "porta dormitorio",
  "2.26.6" => "porta dormitorio",
  "2.26.7" => "porta dormitorio",
  "2.26.8" => "porta dormitorio",
  "2.27.0" => "porta del deposito",
  "2.27.1" => "porta del deposito",
  "2.27.2" => "porta del deposito",
  "2.27.3" => "porta del deposito",
  "2.27.4" => "porta del deposito",
  "2.27.5" => "porta del deposito",
  "2.27.6" => "porta del deposito",
  "2.27.7" => "porta del deposito",
  "2.27.8" => "porta del deposito",
  "2.28.0" => "porta del deposito",
  "2.28.1" => "porta del deposito",
  "2.28.2" => "porta del deposito",
  "2.28.3" => "porta del deposito",
  "2.28.4" => "porta del deposito",
  "2.28.5" => "porta del deposito",
  "2.28.6" => "porta del deposito",
  "2.28.7" => "porta del deposito",
  "2.28.8" => "porta del deposito",
  "2.29.0" => "piazza di Taura",
  "2.29.1" => "piazza di Taura",
  "2.29.2" => "piazza di Taura",
  "2.29.3" => "piazza di Taura",
  "2.29.4" => "piazza di Taura",
  "2.29.5" => "piazza di Taura",
  "2.29.6" => "piazza di Taura",
  "2.29.7" => "piazza di Taura",
  "2.29.8" => "piazza di Taura",
  "2.30.0" => "porta delle mura di Taura",
  "2.30.1" => "porta delle mura di Taura",
  "2.30.2" => "porta delle mura di Taura",
  "2.30.3" => "porta delle mura di Taura",
  "2.30.4" => "porta delle mura di Taura",
  "2.30.5" => "porta delle mura di Taura",
  "2.30.6" => "porta delle mura di Taura",
  "2.30.7" => "porta delle mura di Taura",
  "2.30.8" => "porta delle mura di Taura",
  "2.31.0" => "porta delle mura di Taura",
  "2.31.1" => "porta delle mura di Taura",
  "2.31.2" => "porta delle mura di Taura",
  "2.31.3" => "porta delle mura di Taura",
  "2.31.4" => "porta delle mura di Taura",
  "2.31.5" => "porta delle mura di Taura",
  "2.31.6" => "porta delle mura di Taura",
  "2.31.7" => "porta delle mura di Taura",
  "2.31.8" => "porta delle mura di Taura",
  "2.32.0" => "porta delle mura di Taura",
  "2.32.1" => "porta delle mura di Taura",
  "2.32.2" => "porta delle mura di Taura",
  "2.32.3" => "porta delle mura di Taura",
  "2.32.4" => "porta delle mura di Taura",
  "2.32.5" => "porta delle mura di Taura",
  "2.32.6" => "porta delle mura di Taura",
  "2.32.7" => "porta delle mura di Taura",
  "2.32.8" => "porta delle mura di Taura",
  "2.33.0" => "sala segreta di Taura",
  "2.33.1" => "sala segreta di Taura",
  "2.33.2" => "sala segreta di Taura",
  "2.33.3" => "sala segreta di Taura",
  "2.33.4" => "sala segreta di Taura",
  "2.33.5" => "sala segreta di Taura",
  "2.33.6" => "sala segreta di Taura",
  "2.33.7" => "sala segreta di Taura",
  "2.33.8" => "sala segreta di Taura",
  "2.34.0" => "porta dell'Isola del Drago",
  "2.34.1" => "porta dell'Isola del Drago",
  "2.34.2" => "porta dell'Isola del Drago",
  "2.34.3" => "porta dell'Isola del Drago",
  "2.34.4" => "porta dell'Isola del Drago",
  "2.34.5" => "porta dell'Isola del Drago",
  "2.34.6" => "porta dell'Isola del Drago",
  "2.34.7" => "porta dell'Isola del Drago",
  "2.34.8" => "porta dell'Isola del Drago",
  "2.40.0" => "porta nord del presidio del vento",
  "2.41.0" => "porta ovest del presidio del vento",
  "2.42.0" => "porta est del presidio del vento",
  "2.43.0" => "porta N. presidio S.O. dei saggi",
  "2.44.0" => "porta E. presidio S.O. dei saggi",
  "2.45.0" => "porta S. presidio S.O. dei saggi",
  "2.46.0" => "porta ovest della caverna sud",
  "2.47.0" => "porta est della caverna sud",
  "2.48.0" => "porta N. presidio S.E. dei saggi",
  "2.49.0" => "porta O. presidio S.E. dei saggi",
  "2.50.0" => "porta E. presidio S.E. dei saggi",
  "2.51.0" => "porta S. presidio S.E. dei saggi",
  "2.52.0" => "grotta delle facce",
  "2.53.0" => "grotta delle facce",
  "2.54.0" => "grotta di rocce",
  "2.55.0" => "grotta di rocce",
  "2.56.0" => "porta N. presidio N.O. dei saggi",
  "2.57.0" => "porta O. presidio N.O. dei saggi",
  "2.58.0" => "porta E. presidio N.O. dei saggi",
  "2.59.0" => "porta S. presidio N.O. dei saggi",
  "2.60.0" => "porta ovest della caverna nord",
  "2.61.0" => "porta est della caverna nord",
  "2.62.0" => "porta N. presidio N.E. dei saggi",
  "2.63.0" => "porta O. presidio N.E. dei saggi",
  "2.64.0" => "porta S. presidio N.E. dei saggi",
  "2.65.0" => "piazza della Terra",
  "2.66.0" => "piazza della Terra",
  "2.67.0" => "piazza della Terra",
  "2.68.0" => "porta nord caverna centrale",
  "2.69.0" => "porta sud caverna centrale",
  "2.70.0" => "porta cent. del santuario del vento",
  "2.71.0" => "porta cent. del santuario del vento",
  "2.80.0" => "porta N. dell'albero Deku",
  "2.81.0" => "porta O. dell'albero Deku",
  "2.82.0" => "porta E. dell'albero Deku",
  "2.83.0" => "porta S. dell'albero Deku",
  "2.84.0" => "porta N. piazza S.",
  "2.85.0" => "porta O. piazza S.",
  "2.86.0" => "porta E. piazza S.",
  "2.87.0" => "porta N. piazza O.",
  "2.88.0" => "porta E. piazza O.",
  "2.89.0" => "porta S. piazza O.",
  "2.90.0" => "porta N. albero S.",
  "2.91.0" => "porta O. albero S.",
  "2.92.0" => "porta E. albero S.",
  "2.93.0" => "porta N. albero S.E.",
  "2.94.0" => "porta O. albero S.E.",
  "2.95.0" => "porta S. albero S.E.",
  "2.96.0" => "porta N. albero O.",
  "2.97.0" => "porta E. albero O.",
  "2.98.0" => "porta S. albero O.",
  "2.99.0" => "porta N. albero E.",
  "2.100.0" => "porta O. albero E.",
  "2.101.0" => "porta E. albero E.",
  "2.102.0" => "porta S. albero E.",
  "2.103.0" => "porta della fontana",
  "2.104.0" => "porta E. piazza N.",
  "2.105.0" => "porta O. piazza N.",
  "2.106.0" => "porta del bosco scuro",
  "2.107.0" => "porta O.",
  "2.108.0" => "porta N.",
  "2.109.0" => "porta del ponte",
  "2.110.0" => "porta della sala nascosta",
}