Map {
  "0.1.0" => "Die Moral der A0%1sF1R sinkt angesichts der Übermacht!",
  "0.2.0" => "Besiege die A0%1sF3R und hebe die Moral der A0%2sF3R!",
  "0.3.0" => "Die gesamten A0%1sF5R haben ihren Vormarsch gestoppt!",
  "0.4.0" => "Die Moral eines Teils der A0%1sF5R steigt durch die Taten A0%2sF2R!",
  "0.5.0" => "Besiege die A0%1sF3R und hebe die Moral der A0%2sF3R!",
  "0.6.0" => "Die Moral der gesamten A0%1sF1R steigt!",
  "0.7.0" => "Die A0%1sF5R wurden motiviert!",
  "0.8.0" => "Ein Teil der A0%1sF5R setzt seinen Vormarsch fort!",
}