Map {
  "0.1.0" => "A0%1sF0R has appeared on the battlefield!",
  "0.2.0" => "A0%1sF0R was enraged by the attack and is preparing revenge!",
  "0.3.0" => "A0%1sF0R has received reinforcements!",
  "0.4.0" => "A0%1sF0R has received more reinforcements!",
  "0.5.0" => "Beware of A0%1sF0R's counterattack!",
}