Map {
  "0.0.0" => "Besiege das A2RiesenmonsterR mithilfe A0%1sF2R!",
  "0.1.0" => "A0%1sF0R und A0%2sF5R rücken gegen A0%3sF6R vor!",
  "0.2.0" => "Die Präsenz A0%1sF2R macht A0%2sF6R stärker!",
  "0.3.0" => "Ein Teil der A0%1sF1R rückt gegen A0%2sF6R vor!",
  "0.4.0" => "Besiege die A0%1sF3R und rette A0%2sF6R!",
  "0.5.0" => "A0%1sF0R greift A0%2sF6R an!",
  "0.6.0" => "A0%1sF0R ist explodiert!",
  "0.7.0" => "A0%1sF0R hat Energie verloren!",
  "0.8.0" => "Besiege A0%1sF6R!",
  "0.9.0" => "A0%1sF0R hat nach Abschluss der Mission das Schlachtfeld verlassen!",
  "0.10.0" => "A0%1sF0R hat vor der Explosion schweren Schaden erlitten!",
  "0.11.0" => "A0%1sF0R hat sich nach der Zerstörung A0%2sF2R zurückgezogen!",
  "0.12.0" => "A0%1sF0R wurde besiegt!",
  "0.13.0" => "Ein Teil der A0%1sF1R hat nach Abschluss der Mission das Schlachtfeld verlassen!",
  "0.14.0" => "Die A0%2sF3R haben den Vormarsch A0%1sF2R gestoppt!",
  "0.15.0" => "A0%1sF0R rückt wieder vor!",
  "0.16.0" => "Die A0%1sF1R wurden besiegt!",
  "0.17.0" => "A0%1sF0R wurde gesichtet und will A0%2sF6R heilen!",
  "0.18.0" => "A0%1sF0R bewegt sich zu A0%2sF4R!",
  "0.19.0" => "A0%1sF0R und A0%2sF5R dürfen einander nicht erreichen!",
  "0.20.0" => "A0%1sF0R hat A0%2sF6R geheilt!",
  "0.21.0" => "A0%1sF0R will A0%2sF6R erneut heilen!",
  "0.22.0" => "A0%1sF0R rückt vor!",
  "0.23.0" => "Die Niederlage A0%2sF2R hat A0%1sF6R zum Rückzug veranlasst!",
  "0.24.0" => "A0%1sF0R ist durch A0%2sF6R verstärkt explodiert!",
  "0.25.0" => "Die Energie A0%1sF2R wurde stark reduziert!",
  "0.26.0" => "A0%1sF0R hat den Kampf bemerkt und rückt vor!",
  "0.27.0" => "A0%1sF0R rückt nach der Heilung vor!",
  "1.0.0" => "01",
  "1.1.0" => "02",
  "1.2.0" => "03",
  "1.3.0" => "04",
  "1.4.0" => "05",
  "1.5.0" => "06",
  "1.6.0" => "07",
  "1.7.0" => "08",
  "1.8.0" => "09",
  "1.9.0" => "10",
  "3.0.0" => "Besiege alle
A2RiesenmonsterR!",
}