Map {
  "0.0.0" => "A2Le grand espritR se dirige vers A1RutoR!",
  "0.1.0" => "A1MédolieR se dirige vers C5%1sF0R!",
  "0.2.0" => "A1MédolieR a créé A6un cercle magiqueR dans C1%1sF0R!",
  "0.3.0" => "Activez A6le cercle magiqueR dans C5%1sF0R!",
  "0.4.0" => "A0%1sF5R affronte A0%2sF0R en première ligne!",
  "0.5.0" => "A2Le grand espritR quitte temporairement le champ de bataille!",
  "0.6.0" => "A2Le grand espritR quitte temporairement le champ de bataille!",
  "0.7.0" => "A0%1sF6R a rejoint le champ de bataille!",
  "0.8.0" => "Ouverture C5%1sF2R! A0%2sF4R se dirige vers A1MédolieR!",
  "0.9.0" => "A0%1sF4R se prépare à transférer A1MédolieR!",
  "0.10.0" => "A0%1sF4R a transféré A1MédolieR!",
  "0.11.0" => "Éliminez A2les troupes ennemiesR au plus vite pour sauver A1MédolieR!",
  "0.12.0" => "A0%1sF4R utilise A6le pouvoir de la lumièreR pour créer cinq doubles!",
  "0.13.0" => "Les six A0%1sF7R se sont arrêtés, surpris par la lumière du A6cercle magiqueR!",
  "0.14.0" => "A0%1sF5R se dirige vers A1la base alliéeR!",
  "0.15.0" => "A0%1sF5R se dirige vers A1MédolieR!",
  "0.16.0" => "Éliminez la totalité A2desR A0%1sF7R au plus vite!",
  "0.17.0" => "Le moral du reste A2desR A0%1sF7R remonte!",
  "0.18.0" => "La totalité A2desR A0%1sF7R se dirige vers A1RutoR!",
  "0.19.0" => "A1Des forts alliésR sont envahis par des hordes A2de blobsR!",
  "0.21.0" => "Éliminez A2les blobsR au plus vite!",
  "0.22.0" => "Vous avez vaincu A2les blobsR dans A1un fort alliéR!",
  "0.23.0" => "A6Le pouvoir de la lumièreR renforce A0%1sF1R!",
  "0.24.0" => "A0%1sF5R se dirige vers A2la base ennemieR!",
  "0.25.0" => "A0%1sF4R invoque A2deuxR A0%2sF7R!",
  "0.26.0" => "Les portes A2de la base ennemieR sont ouvertes! A0%1sF5R avancent!",
  "0.27.0" => "Les conditions de victoire ont changé!",
  "0.28.0" => "Éliminez A0%1sF0R et A2les deuxR A0%2sF7R!",
  "0.29.0" => "A0%1sF4R a un comportement suspect!",
  "0.30.0" => "Éliminez A0%1sF0R au plus vite!",
  "0.31.0" => "Vous avez vaincu A0%1sF0R et A2les deux monstres géantsR!",
  "0.32.0" => "Les encouragements A0%2sF3R remontent le moral A0%1sF3R!",
  "0.33.0" => "Vous avez vaincu A0%1sF0R!",
  "0.34.0" => "A1La base alliéeR est tombée. La bataille est perdue!",
  "0.35.0" => "A0%1sF4R a pris la fuite!",
  "0.36.0" => "A0%1sF5R a perdu la bataille!",
  "0.37.0" => "A0%1sF5R s'est introduite dans A1la base alliéeR!",
  "0.38.0" => "A0%1sF4R a atteint A0%2sF0R!",
  "0.39.0" => "Prenez le contrôle A0%1sF2R au plus vite!",
  "0.40.0" => "A1MédolieR est devenue le Sage de la Terre et s'est renforcée!",
  "0.41.0" => "A0%2sF4R fait progressivement baisser l'énergie vitale A0%1sF3R!",
  "0.42.0" => "Vous avez escorté A0%1sF1R jusqu'à sa destination!",
  "0.43.0" => "Éliminez A0%1sF0R et empêchez A1MédolieR de se faire transférer!",
  "0.44.0" => "Vous avez empêché le transfert!",
  "0.45.0" => "Vous n'avez pas réussi à empêcher le transfert!",
  "0.46.0" => "Vous avez sauvé A0%1sF0R!",
  "0.47.0" => "A0%1sF5R avance!",
  "0.48.0" => "Les portes A0%1sF2R sont ouvertes!",
  "0.49.0" => "A0%1sF5R a pris le contrôle A0%2sF2R!",
  "0.50.0" => "A0%1sF5R à l'est se dirigent vers A1la base alliéeR!",
  "0.51.0" => "A0%1sF5R à l'ouest se dirigent vers A0%2sF0R!",
  "0.52.0" => "A2Les deuxR A0%1sF7R avancent!",
  "0.53.0" => "Les portes A2de la base ennemieR sont ouvertes!",
  "0.54.0" => "A0%1sF5R se dirige de nouveau vers A1la base alliéeR!",
  "0.55.0" => "A0%1sF4R se replie dans A0%2sF0R!",
  "0.56.0" => "Le moral A2desR A0%2sF7R baisse après la défaite A0%1sF3R! ",
  "0.57.0" => "A0%1sF4R se dirige vers A0%2sF1R!",
  "0.58.0" => "A0%1sF4R se dirige vers A1RutoR!",
  "0.59.0" => "Vous avez vaincu la totalité A2desR A0%1sF7R!",
  "0.60.0" => "A0%1sF5R se dirige à nouveau vers A0%2sF0R!",
  "0.61.0" => "A0%1sF5R au sud se dirigent vers A0%2sF0R!",
  "0.62.0" => "Escortez A0%1sF0R!",
  "0.63.0" => "Chute A0%1sF2R!",
  "0.64.0" => "Vous avez escorté A0%1sF0R jusqu'à sa destination!",
  "1.0.0" => "01",
  "1.1.0" => "02",
  "1.2.0" => "03",
  "1.3.0" => "04",
  "1.4.0" => "05",
  "1.5.0" => "06",
  "1.6.0" => "07",
  "1.7.0" => "08",
  "1.8.0" => "09",
  "1.9.0" => "10",
  "3.0.0" => "Repoussez A2le grand esprit géantR!",
  "3.1.0" => "Éliminez A26 grands espritsR!",
  "3.2.0" => "Escortez A1MédolieR jusqu'au
A6fort des sages sud-ouestR!",
  "3.3.0" => "Éliminez A2GanondorfR
et A2les deux monstres géantsR!",
  "3.4.0" => "Éliminez A2tous les blobsR!",
}