Map {
  "1.0.0.0" => "Hay monstruos por todas partes...",
  "1.0.1.0" => "Somos los únicos defensores del Castillo
de Hyrule. ¡Luchemos hasta el fin!",
  "1.0.2.0" => "¡Vale, pues seré yo quien salve a todo
el mundo! ¡Allá vamos!",
  "1.0.3.0" => "¿Y tú quién eres?
¿Has venido a ayudarnos?",
  "1.0.4.0" => "Soy Linkle y estoy aquí para salvar
Hyrule. ¡Soy la heroína legendaria!",
  "1.0.5.0" => "No sé si serás tan legendaria, ¡pero
necesitamos tu ayuda en el norte!",
  "1.0.6.0" => "¡Puedes contar conmigo!",
  "1.0.7.0" => "¡Me retiro! Volveré en cuanto
consiga recuperarme.",
  "1.0.8.0" => "¡Tengo que retirarme! ¡Usad esto
hasta que pueda volver!",
  "1.0.9.0" => "¡Lo siento, tengo que retirarme!
¡Volveré en cuanto pueda!",
  "1.0.10.0" => "¡Tengo que retirarme!
¡Os deseo la mejor de las suertes!",
  "1.0.11.0" => "¡Necesito retirarme temporalmente!
¡Esto os ayudará!",
  "1.0.12.0" => "¡Voy a comprobar la retaguardia!
¡Dejo esto para que os ayude!",
  "1.0.13.0" => "¡Ahora tengo que retirarme,
pero volveré!",
  "1.0.14.0" => "No puedo seguir... ¡Dejo todo
en vuestras manos!",
  "1.0.15.0" => "¡Aguantad! ¡No dejéis que el enemigo
nos gane terreno!",
  "1.0.16.0" => "Ya no puedo más...",
  "1.0.17.0" => "Cuantos más aliados perdemos, peor se
pone la batalla para nosotros...",
  "1.0.18.0" => "¡Ánimo, que yo también os estoy
echando una mano!",
  "1.0.19.0" => "Los enemigos siguen sin darnos
cuartel... ¡Atacan desde el norte!",
  "1.0.20.0" => "¡Yo me encargaré de los monstruos
del noroeste!",
  "1.0.21.0" => "¡No retrocedáis! ¡Debemos impedir
que los monstruos avancen!",
  "1.0.22.0" => "No dejaré en la estacada a un aliado.
¡Aguantad, que ya voy en vuestra ayuda!",
  "1.0.23.0" => "¡Los monstruos salen de esos bastiones!
¡Tenemos que tomarlos!",
  "1.0.24.0" => "Nuestras tropas no aguantarán mucho
más... ¡Necesitan ayuda!",
  "1.0.25.0" => "¡Perfecto! ¡Seguid así y conseguiremos
contener al enemigo!",
  "1.0.26.0" => "¡Entendido! ¡Allá voy!",
  "1.0.27.0" => "¡No dejan de aparecer monstruos!
Tenemos que ir con cuidado...",
  "1.0.28.0" => "¡¿Más aún?! ¡No dejan de aparecer!",
  "1.0.29.0" => "¡Todavía quedan muchos monstruos!
¡Tened cuidado!",
  "1.0.30.0" => "Pues con esto ya no deberían aparecer
más monstruos, ¿verdad?",
  "1.0.31.0" => "¡Bien! ¡Otro punto para mí!",
  "1.0.32.0" => "¡Muy bien, Linkle! Tu valor ha resultado
muy útil para todos.",
  "1.0.33.0" => "¡Ahora llega mi turno!
¡Y no pienso perder!",
  "1.0.34.0" => "Hemos conseguido minimizar los daños,
¡pero ahora debemos contratacar!",
  "1.0.35.0" => "La verdad es que me hubiera gustado
poder ayudar más...",
  "1.0.36.0" => "Lo has hecho muy bien, Linkle.
¡Tu valor ya es reconocido por todos!",
  "1.0.37.0" => "El enemigo se acerca al castillo.
¡Debemos defenderlo!",
  "1.0.38.0" => "Tenemos que hacer algo con ese bastión
lleno de monstruos...",
  "1.0.39.0" => "Pero... ¿qué clase de monstruo es ese?",
  "1.0.40.0" => "El rey dodongo está enfadado y eso lo
hace más peligroso. ¡Debemos detenerlo!",
  "1.0.41.0" => "¡Un monstruo tan temible es
el enemigo perfecto para mí!",
  "1.0.42.0" => "¡Llegan más monstruos!
¡Debemos defender el Castillo de Hyrule!",
  "1.0.43.0" => "Qué raro... Nuestros ataques no
le hacen daño al monstruo...",
  "1.0.44.0" => "Nuestros ataques parecen no afectarle.
Ocupémonos de otros monstruos primero.",
  "1.0.45.0" => "¡Bien! ¡Ya podemos enfrentarnos
al rey dodongo!",
  "1.0.46.0" => "¡¿Eh?! ¡¿Han aparecido más monstruos?!",
  "1.0.47.0" => "Los monstruos no dejan de aparecer...
¡Tenemos que hacer algo!",
  "1.0.48.0" => "¡Disculpad la espera! ¡Aquí estamos
para ayudaros!",
  "1.0.49.0" => "¡Qué bien! ¡Habéis vuelto!",
  "1.0.50.0" => "¡Enseñémosles cómo se las gastan
los soldados hylianos!",
  "1.0.51.0" => "Algo le pasa a la brújula...",
  "1.0.52.0" => "¡Quizá haya sido la brújula lo que
ha debilitado al rey dodongo!",
  "1.0.53.0" => "¡Ya sabía yo que esta brújula era
la señal de que soy una heroína!",
  "1.0.54.0" => "¡No bajéis la guardia, que la batalla
aún no ha acabado!",
  "1.0.55.0" => "¡Gracias a todos!",
  "1.0.56.0" => "¡Tenemos que luchar hasta que no
quede ni un solo monstruo!",
  "1.0.57.0" => "¡Nosotros nos encargaremos del enemigo
del este! ¡Os dejamos al rey dodongo!",
  "1.0.58.0" => "¡Vale! ¡Yo le enseñaré quién manda aquí!
¡Para eso soy la heroína de la leyenda!",
  "1.0.59.0" => "¡Nos encargaremos del enemigo del
este! ¡Ocupaos vosotros del rey dodongo!",
  "1.0.60.0" => "¡Detendremos al enemigo mientras os
encargáis del rey dodongo! ¡Adelante!",
  "1.0.61.0" => "¡El rey dodongo se acerca al castillo!
¡Tengo que hacer algo rápido!",
  "1.0.62.0" => "Si nos rodean, estamos perdidos, así que
debemos atacar a los otros monstruos.",
  "1.0.63.0" => "¡Bien! ¡Ahora solo queda la salamandra
escupefuego esa!",
  "1.0.64.0" => "No es posible que el Castillo de Hyrule
haya caído...",
  "1.0.65.0" => "Aún no me creo que yo, la heroína de la
leyenda, no haya podido ganar...",
  "1.0.66.0" => "¡Hemos de retirarnos, pero volveremos
tan pronto como podamos!",
  "1.0.67.0" => "¡Yo también prestaré mis fuerzas!
¡Juntos venceremos!",
  "1.0.68.0" => "No debemos dejar que caiga el castillo...
¡Ocupaos de los monstruos más cercanos!",
  "1.0.69.0" => "No podemos ocuparnos de este enemigo
ahora. ¡Vayamos a por otro grupo!",
  "1.0.70.0" => "Si no derrotamos a esos monstruos,
tendremos un problema. ¡Adelante!",
  "1.0.71.0" => "Volverá cuando esté recuperado. ¡Ahora
debemos luchar por nuestra cuenta!",
  "13.0.2.0" => "Los aliados se dirigen hacia aquí.
Debemos aguantar solo un poco más...",
  "13.0.3.0" => "¡Me ocuparé del dragón del sur!",
  "13.0.4.0" => "¡Aguantad un poco más! Estoy llegando
a la plaza norte con armas.",
  "13.0.5.0" => "En el muro del castillo hay una grieta.
¡Volémoslo con un bombuchu!",
  "13.0.6.0" => "¡Fantástico! Ahora, a por
el otro dragón.",
  "13.0.7.0" => "Hemos acabado con los dragones. La cosa
debería calmarse durante un tiempo...",
  "13.0.8.0" => "Hemos dejado que unan fuerzas. Si no los
paramos, cada vez serán más peligrosos.",
  "13.0.9.0" => "¡Avanzad y proteged al bombuchu!",
  "13.0.10.0" => "El enemigo ataca sin piedad... Si no
hacemos algo, no saldremos de esta.",
  "13.0.11.0" => "¡Defended al bombuchu! Si no, no
podremos entrar en el castillo.",
  "13.0.12.0" => "Podemos entrar en el castillo a través
del agujero que ha abierto el bombuchu.",
  "13.0.13.0" => "Ya no podemos utilizar el bombuchu...
¿Qué alternativa tenemos?",
  "13.0.14.0" => "¡Ganondorf en persona! ¡Y ha venido
a luchar! Debemos ser fuertes.",
  "13.0.15.0" => "El poder oscuro está aumentando. No
podremos vencer a Ganondorf así.",
  "13.0.16.0" => "La parte este del castillo parece
desprotegida. ¡Ataquemos por ahí!",
  "13.0.17.0" => "Debemos capturar el castillo para
inclinar la balanza a nuestro favor.",
  "13.0.18.0" => "¡Ha llegado el momento de
acabar con Ganondorf!",
  "13.0.19.0" => "El castillo de Ganon aún resiste, pero
al menos hemos vencido a Ganondorf.",
  "13.0.20.0" => "¡Ganondorf ha caído! Vayamos
a por el castillo.",
  "13.0.21.0" => "¡No tengáis miedo al rey demonio!
¡Esta es la última batalla!",
  "13.0.22.0" => "¡Usa las flechas de luz para
rematar a Ganon!",
  "13.0.23.0" => "Las flechas de luz están llenas de
energía. ¡Dispara a Ganon y derrótalo!",
  "13.0.24.0" => "¡Depositaré todas mis energías
en las flechas!",
  "13.0.25.0" => "Confiaré toda mi energía a las flechas.",
  "13.0.26.0" => "Yo también pondré toda
mi energía en las flechas.",
  "13.0.27.0" => "¡Contad también con mi energía!",
  "13.0.28.0" => "He depositado toda mi energía
en las flechas.",
  "13.0.29.0" => "No me puedo creer que hayamos caído
en la última batalla...",
  "13.0.30.0" => "Ahora que la base ha caído, no tiene
sentido seguir luchando.",
  "13.0.31.0" => "Este parece ser el lugar que destruyó
el rey dodongo.",
  "13.0.32.0" => "¡Prestad atención a Ganon! ¿No os habéis
enfrentado nunca a nadie parecido?",
  "13.0.33.0" => "¡Deberíais contar con un arma con
la que se pueda derrotar a Ganon!",
  "13.0.34.0" => "No quedan muchos supervivientes, las
flechas de luz son demasiado débiles.",
  "13.0.35.0" => "Si quedasen más aliados, podríamos
haber dado más energía a las flechas...",
  "13.0.36.0" => "Si vencemos a Ganon, los relámpagos
pararán. ¡Hagámoslo cuanto antes!",
  "13.0.37.0" => "¡Los relámpagos están causando muchos
daños! ¡El castillo no aguantará!",
  "13.0.38.0" => "¡Ahora o nunca! ¡Conquistemos
el castillo de inmediato!",
  "13.0.39.0" => "Yo distraeré a Ganondorf, ¡os dejo a
vosotros la conquista del castillo!",
  "13.0.40.0" => "Yo distraeré a Ganondorf, ¡os dejo a
vosotros la conquista del castillo!",
  "13.0.41.0" => "Yo distraeré a Ganondorf, ¡os dejo a
vosotros la conquista del castillo!",
  "13.0.42.0" => "Yo distraeré a Ganondorf, ¡os dejo a
vosotros la conquista del castillo!",
  "13.0.43.0" => "¡Hemos recuperado el Castillo de Hyrule!
¡Ganondorf ha sido derrotado!",
  "13.0.44.0" => "Iré al Castillo de Hyrule a por Ganondorf.
¡Devolveremos la luz a esta tierra!",
  "13.0.45.0" => "Hemos vencido a Ganondorf y recuperado
el castillo. ¡La victoria es nuestra!",
  "13.0.46.0" => "¡Al fin hemos recuperado el castillo!
Ganondorf, ¡admite tu derrota!",
}