Map {
  "1.0.0.0" => "Nous sommes au site du sceau. Jadis, c'est ici
que le Héros vainquit et scella un grand démon.",
  "1.0.1.0" => "Alors voilà le site du sceau...? Wow...",
  "1.0.2.0" => "Vous êtes déjà là? Quelle impatience! Il serait
plus sage de ne pas perdre de temps...",
  "1.0.3.0" => "Vous devez vaincre Ghirahim et fermer la porte
des âmes. Le sort de ce monde en dépend.",
  "1.0.4.0" => "Il faut vite fermer la porte des âmes! C'est
sûrement le seul moyen de sauver Hyrule...",
  "1.0.5.0" => "La porte centrale est barrée. Mais nous pouvons
entrer à l'est en éliminant le gardien de la porte.",
  "1.0.6.0" => "On peut pas passer par la porte centrale.
Il faut qu'on batte le gardien de la porte à l'est.",
  "1.0.7.0" => "Occupez-vous du temple!
Nous, on va attaquer les forts alentours!",
  "1.0.8.0" => "Des renforts alliés? On apprécierait ça, oui!",
  "1.0.9.0" => "Je sens une présence maléfique dans nos rangs.
Je vous conseille de redoubler de vigilance.",
  "1.0.10.0" => "Y a quelque chose de maléfique dans l'air...
Je me demande ce que ça peut être...",
  "1.0.11.0" => "Démenez-vous tant que vous le pourrez, mais
vous n'avez aucune chance de l'emporter.",
  "1.0.12.0" => "La voie est libre pour entrer dans le temple!
Encore une victoire des Gorons! Hourra!",
  "1.0.13.0" => "Maître, j'ai détecté la présence de Ghirahim
dans une chambre au plus profond du temple.",
  "1.0.14.0" => "Je me demande si ce type insupportable
n'est pas caché au cœur du temple.",
  "1.0.15.0" => "Oooh, oui! En avant, mes serviteurs! Il est
temps de montrer les crocs!",
  "1.0.16.0" => "Oui, seigneur Ghirahim!",
  "1.0.17.0" => "Qu... Quoi?! Nos alliés nous attaquent!",
  "1.0.18.0" => "On se fait attaquer par nos alliés!
Qu... Qu... Qu'est-ce que ça veut dire?",
  "1.0.19.0" => "Je détecte une confusion parmi nos alliés. Je
vous conseille de vous replier provisoirement.",
  "1.0.20.0" => "Nos alliés ont l'air confus! Replions-nous
pour l'instant et allons les aider!",
  "1.0.21.0" => "Debout, mes camarades! Le seigneur
Ghirahim a donné ses ordres!",
  "1.0.22.0" => "On ne peut pas combattre dans ces conditions!
Sauve qui peut!",
  "1.0.23.0" => "Je jubile! J'exulte!
Et ça ne fait que commencer!",
  "1.0.24.0" => "Des traîtres se déclarent partout les uns
après les autres...",
  "1.0.25.0" => "La probabilité de l'existence d'un chef des traîtres
est de 90 %. Élimination de la menace recommandée.",
  "1.0.26.0" => "Quelqu'un doit donner des ordres à ces
traîtres. Si c'est le cas, il faut vite l'éliminer.",
  "1.0.27.0" => "Tout porte à croire que le responsable de cette
trahison se trouve dans l'un de ces forts.",
  "1.0.28.0" => "Mais d'où peut-il donner ces ordres? Oh!
Je suis sûre qu'ils viennent d'un fort.",
  "1.0.29.0" => "Maître, les déplacements des ennemis indiquent
que le chef des traîtres se trouve dans ce fort.",
  "1.0.30.0" => "Tous les ennemis se dirigent vers ce fort. Tu
crois que le chef des traîtres se trouve là-bas?",
  "1.0.31.0" => "Soldats! Attaquez la base
de ces pitoyables humains!",
  "1.0.32.0" => "On s'en occupe!",
  "1.0.33.0" => "Malgré l'attaque, certains forts sont intacts.
Le chef des traîtres doit être dans l'un d'eux.",
  "1.0.34.0" => "Il y a un fort que les ennemis n'attaquent pas.
Le chef des traîtres y est sûrement!",
  "1.0.35.0" => "Maître, je détecte une présence étrangère à vos
côtés. Le chef des traîtres doit être à proximité.",
  "1.0.36.0" => "J'ai un sentiment bizarre, Link... Le chef des
traîtres ne doit pas être loin. Sois prudent!",
  "1.0.37.0" => "Maître, j'ai pu localiser le chef des traîtres.
Il se trouve dans le même fort que vous.",
  "1.0.38.0" => "Je sais où se trouve celui qui commande les
traîtres! Il est dans le même fort que toi!",
  "1.0.39.0" => "L'officier dans ce fort est le chef des traîtres.
Son élimination immédiate est recommandée.",
  "1.0.40.0" => "Puisque j'ai été démasqué, je n'ai plus trop
le choix! En garde!",
  "1.0.41.0" => "Soldats! Concentrez toutes vos attaques
pour faire tomber la base des humains!",
  "1.0.42.0" => "La base alliée est en danger.
Trouvez le chef des traîtres au plus vite.",
  "1.0.43.0" => "Si ça continue, on va perdre! Il faut vite trouver
le chef des traîtres... et le vaincre!",
  "1.0.44.0" => "Tous mes camarades ont été vaincus?
Dans ce cas, je vais devoir me battre.",
  "1.0.45.0" => "Argh! Seigneur Ghirahim, pardonnez-moi...",
  "1.0.46.0" => "La confusion des alliés s'est dissipée.
Reprenons la marche vers l'intérieur du temple.",
  "1.0.47.0" => "Voilà une bonne chose de faite! Allez, on se
ressaisit et on repart à l'attaque du temple!",
  "1.0.48.0" => "Grâce à la porte des âmes, il a enfin ressuscité!
Tremblez de terreur, pitoyables humains!",
  "1.0.49.0" => "Ouah! Un monstre géant est apparu!",
  "1.0.50.0" => "Ce monstre est l'incarnation du mal. Il fut jadis
emprisonné pour avoir tenté d'engloutir le monde.",
  "1.0.51.0" => "Attention, Link! Cet ennemi
est d'un tout autre niveau!",
  "1.0.52.0" => "Maître, le Banni se dirige vers la base
alliée avec la ferme intention de la détruire.",
  "1.0.53.0" => "Oh non! Le monstre des ténèbres en a après
notre base!",
  "1.0.54.0" => "Arrêtez de tourner en rond!
À l'attaque!",
  "1.0.55.0" => "Point faible détecté. Attaquer les orteils du
Banni nous donnera un avantage tactique.",
  "1.0.56.0" => "Les orteils ont l'air d'être le point faible de ce
gros monstre! Attaque-les de toutes tes forces!",
  "1.0.57.0" => "Grandiose! Misérables humains,
je vais vous écraser!",
  "1.0.58.0" => "Maître, le Banni semble amplifier ses pouvoirs
magiques pour détruire la base alliée.",
  "1.0.59.0" => "On dirait que ce monstre concentre ses forces.
Est-ce qu'il compte détruire notre base?",
  "1.0.60.0" => "Les armes des forts permettraient de bombarder
le Banni. Profitez de son immobilité.",
  "1.0.61.0" => "On peut le bombarder depuis les forts alliés.
Essaie de lui tirer dessus quand il s'arrête!",
  "1.0.62.0" => "Ses attaques concentrées sont sans égales!
Ce fort va être pulvérisé!",
  "1.0.63.0" => "La base alliée est en danger, mais le Banni
est immobile. C'est l'occasion de le bombarder.",
  "1.0.64.0" => "Le gros monstre s'est arrêté! Profitons-en!
Ça devrait être facile de le bombarder!",
  "1.0.65.0" => "La victoire est à nous. 
Le prochain coup sera le dernier!",
  "1.0.66.0" => "Maître, un bombardement de l'ennemi est
recommandé. Ne perdez pas de temps.",
  "1.0.67.0" => "Il faut le bombarder... et tout de suite!
Avant que notre base soit détruite!",
  "1.0.68.0" => "Ouah ha ha! On peut pas vous laisser gagner!",
  "1.0.69.0" => "Maître, l'artillerie dans les forts alentours devrait
permettre d'anéantir le Banni.",
  "1.0.70.0" => "Il va falloir sortir les grands moyens pour blesser
ce monstre. Cherchez dans les forts alentour!",
  "1.0.71.0" => "Les orteils du Banni sont son principal point
faible. Détruisez-les pour l'immobiliser.",
  "1.0.72.0" => "On dirait que le point faible de ce monstre, c'est
ses orteils. Si on les détruit, il devrait s'arrêter!",
  "1.0.73.0" => "Maître, mes informations indiquent que ce qui
reste de l'artillerie se trouve dans la base alliée.",
  "1.0.74.0" => "Oh non! La seule arme qui nous reste
se trouve dans notre base.",
  "1.0.75.0" => "Maître, la disparition totale du Banni
est confirmée.",
  "1.0.76.0" => "On dirait que le monstre a disparu!",
  "1.0.77.0" => "Ouais! On est sauvés!",
  "1.0.78.0" => "Misérables vermines! Vous allez me le payer!
Approchez! Cette fois, vous aurez affaire à moi!",
  "1.0.79.0" => "La porte qui donne sur le cœur du temple
semble être ouverte.",
  "1.0.80.0" => "Hé regarde! On dirait qu'on peut aller
au cœur du temple, maintenant!",
  "1.0.81.0" => "Ghirahim est entré dans le temple. La porte
des âmes devrait donc s'y trouver également.",
  "1.0.82.0" => "J'ai repéré une avancée ennemie depuis le
temple. Une contre-attaque est recommandée.",
  "1.0.83.0" => "Des ennemis arrivent de l'ouest et se dirigent
vers notre base? Link va s'en charger!",
  "1.0.84.0" => "Des troupes ennemies attaquent
aussi depuis l'est.",
  "1.0.85.0" => "Peu importe le temps que ça prendra, je finirai
par vous anéantir.",
  "1.0.86.0" => "Maître, Ghirahim doit être vaincu et enfermé
de l'autre côté de la porte des âmes.",
  "1.0.87.0" => "Link, on doit battre ce démon et l'enfermer
de l'autre côté de la porte des âmes!",
  "1.0.88.0" => "Maître, les félicitations sont de circonstances.
Cette opération a été un succès.",
  "1.0.89.0" => "La porte est fermée, on a rempli notre
mission! Bon travail, Link!",
  "1.0.90.0" => "Maître, je confirme la chute de la base
alliée. Cette bataille est perdue.",
  "1.0.91.0" => "Notre base est tombée!
C'est fini... On a perdu...",
  "1.0.92.0" => "Espériez-vous me vaincre, pitoyables créatures?
C'est presque une insulte rien que d'y croire.",
  "1.0.93.0" => "Maître, je suis dans l'impossibilité de poursuivre
le combat. Je vous prie de me pardonner.",
  "1.0.94.0" => "Link a été vaincu!
Il n'y a plus aucun espoir!",
  "1.0.95.0" => "Merci les gars!",
  "1.0.96.0" => "Ouah... J'ai bien cru que c'était
la fin pour nous...",
  "1.0.97.0" => "La probabilité que notre base tombe si
le Banni n'est pas éliminé est de 100 %.",
  "1.0.98.0" => "Si on arrête pas ce monstre, notre base va
finir en miettes! Fais quelque chose, Link!",
  "1.0.99.0" => "Je détecte une avancée de l'ennemi à l'ouest.
Je me prépare à lancer une contre-attaque.",
  "1.0.100.0" => "L'ennemi poursuit son attaque
sur la base alliée depuis l'ouest...",
  "1.0.101.0" => "Maître, j'ai rempli ma mission. Je vous
recommande de vous rendre au temple.",
  "1.0.102.0" => "Je détecte une présence suspecte.
Le chef des traîtres ne doit pas être loin.",
  "1.0.103.0" => "Les mouvements des troupes ennemies m'ont
permis de localiser le chef des traîtres.",
  "1.0.104.0" => "Il s'agit du chef des traîtres. Sa défaite est
nécessaire pour assurer notre survie.",
  "1.0.105.0" => "Combattre seul serait dangereux. Rejoignez
vos alliés avec l'ocarina et combattez ensemble.",
  "1.0.106.0" => "Maître, l'ennemi utilise la magie pour se soigner.
Utiliser la mégatapulte permettrait d'y remédier.",
  "1.0.107.0" => "L'ennemi continue à se soigner grâce à la magie.
Nous devons utiliser la mégatapulte pour l'arrêter.",
  "1.0.108.0" => "Maître, les troupes ennemies se régénèreront si
nous n'utilisons pas la mégatapulte au plus vite.",
  "1.0.109.0" => "Si nous laissons l'ennemi pénétrer dans notre
base, une hausse de leur moral est à prévoir.",
  "1.0.110.0" => "Bande de bons à rien! Très bien...
je les écraserai moi-même!",
  "1.0.111.0" => "Qu'attendez-vous? Allez-y, vous aussi!
Ne laissez aucune de ces vermines s'enfuir!",
  "1.0.112.0" => "Je constate une diminution des forces ennemies.
Il est temps d'aller vaincre Ghirahim.",
  "1.0.113.0" => "Notre base est sur le point de tomber.
Sa défense est une priorité absolue.",
  "13.0.0.0" => "Waouh! Alors c'est ça le site du sceau?
Incroyable...",
  "13.0.1.0" => "Nous devons vite fermer la porte des âmes!
Le sort d'Hyrule en dépend!",
  "13.0.2.0" => "La porte centrale du temple est verrouillée. 
Élimination du gardien à l'est recommandée.",
  "13.0.3.0" => "Oh, je ressens comme une présence maléfique...
Ça vient de nos rangs. Comment est-ce possible?",
  "13.0.4.0" => "Je me demande si ce démon se cache
quelque part dans le temple.",
  "13.0.5.0" => "Nos alliés sont confus! Replions-nous pour
l'instant et allons les aider!",
  "13.0.6.0" => "Quelqu'un doit être à l'origine de ce chaos.
Nous devons le trouver et l'empêcher de nuire.",
  "13.0.7.0" => "Trouvons celui qui donne ces ordres!
Il est sûrement dans l'un de ces forts.",
  "13.0.8.0" => "Tous les ennemis se dirigent vers ce fort. Je suis
sûre que le chef des traîtres se trouve là-bas!",
  "13.0.9.0" => "Il y a un fort que les ennemis n'attaquent pas.
Le chef des traîtres doit y donner les ordres!",
  "13.0.10.0" => "Je ressens une présence démoniaque près de toi.
C'est le chef des traîtres! J'en suis sûre!",
  "13.0.11.0" => "Je sais où se trouve le chef des traîtres!
Il est dans le même fort que toi!",
  "13.0.12.0" => "Si ça continue, on va perdre! Il faut trouver le
chef des traîtres et l'éliminer au plus vite!",
  "13.0.13.0" => "Voilà une bonne chose de faite! Allez, on se
ressaisit et on repart à l'attaque du temple!",
  "13.0.14.0" => "Cet ennemi, on dirait les ténèbres incarnées...
Sois très prudent, Link!",
  "13.0.15.0" => "Oh non! Cet horrible monstre se dirige
droit vers la base alliée!",
  "13.0.16.0" => "On dirait que ce monstre n'aime pas qu'on
attaque ses orteils!",
  "13.0.17.0" => "On dirait que ce monstre conserve ses forces.
Tu crois qu'il va détruire le fort?",
  "13.0.18.0" => "On dirait qu'on peut le bombarder depuis les forts
alliés. Essaie de lui tirer dessus quand il s'arrête!",
  "13.0.19.0" => "Le monstre s'est arrêté! C'est le moment d'en
profiter! Bombardez-le! Maintenant!",
  "13.0.20.0" => "Bombardez-le maintenant! Il faut réagir
avant que notre base ne soit détruite!",
  "13.0.21.0" => "Ce monstre ne craint que les armes les plus
puissantes. Prenons les forts où il y a des armes!",
  "13.0.22.0" => "Les orteils de ce monstre sont vulnérables à
nos attaques. Blessez-les pour l'arrêter!",
  "13.0.23.0" => "Il n'y a plus que dans notre fort qu'il y a une arme.",
  "13.0.24.0" => "Le Banni a disparu! On a gagné?",
  "13.0.25.0" => "Des ennemis arrivent de l'ouest du temple...
Oh non! Je crois qu'ils en ont après notre base!",
  "13.0.26.0" => "Finissons-en avec eux et fermons la porte des
âmes. On en est capables, non?",
  "13.0.27.0" => "C'est bon! La porte est fermée,
on a rempli notre mission! Bien joué!",
  "13.0.28.0" => "Notre base est tombée!
Qu'est-ce qu'on va faire maintenant?",
  "13.0.29.0" => "Oh non! Link est tombé!
Il n'y a plus aucun espoir...",
  "13.0.30.0" => "Cette personne, dans le fort, c'est elle qui donne
des ordres aux traîtres! Il faut s'en débarrasser!",
  "13.0.31.0" => "Génial! On peut pénétrer au cœur du temple,
maintenant!",
  "13.0.32.0" => "Attention! Il se concentre à nouveau!
Abattez-le avant qu'il ne détruise notre base!",
  "13.0.33.0" => "Des ennemis approchent à l'ouest!
Link, allons leur donner une leçon!",
  "13.0.34.0" => "Des ennemis continuent à arriver
de l'ouest!",
  "13.0.35.0" => "Mission accomplie! Allez, Link!
Maintenant, direction le temple!",
  "13.0.36.0" => "Ces soldats ne me disent rien qui vaille...
L'un d'entre eux doit être le chef des traîtres!",
  "13.0.37.0" => "Je sais où se trouve celui qui donne
les ordres à tous ces traîtres!",
  "13.0.38.0" => "Là! Un des chefs des traîtres! Allez,
Link, il faut le mettre hors d'état de nuire!",
  "13.0.39.0" => "C'est dangereux de se battre seul...
Utilise l'ocarina et va te battre avec nos amis!",
  "13.0.40.0" => "Il se régénère grâce à la magie! On devrait
pouvoir l'en empêcher avec la mégatapulte!",
  "13.0.41.0" => "Il continue à se soigner! Allez, Link! Si on
prend ce fort, on devrait pouvoir l'arrêter!",
  "13.0.42.0" => "Je suis pas sûre qu'on arrivera à le vaincre s'il
se régénère! Alors, il faut prendre ce fort et vite!",
  "13.0.43.0" => "S'ils envahissent notre base, le moral
de l'ennemi va s'améliorer, c'est sûr!",
}