Map {
  "0.0.0" => "Beginn der Episode „Hühnerinvasion“!",
  "0.1.0" => "A0%1sF0R wurde auf dem Schlachtfeld gesichtet!",
  "0.2.0" => "A0%1sF0R hat A2HühnerR gerufen!",
  "0.3.0" => "A2Die HühnerR stehen unter dem Befehl A0%1sF2R!",
  "0.4.0" => "A0%1sF0R wurde besiegt, die A2HühnerR helfen nun den A0%2sF7R!",
  "0.5.0" => "A0%1sF0R wurde besiegt!",
}