Map {
  "0.0.0" => "La Trifuerza es la armoniosa unión
del poder, la sabiduría y el valor.",
  "0.1.0" => "Ha sido objeto de numerosas disputas
entre las fuerzas de la luz y la oscuridad.",
  "0.2.0" => "Y cada vez que ha caído en manos de las fuerzas
del mal, Hyrule ha encontrado la desgracia.",
  "0.3.0" => "Pero en cada época, un héroe vestido de verde
ha devuelto la paz a todos los rincones del reino.",
  "0.4.0" => "Tras una de sus batallas, el héroe legendario
quebró el espíritu oscuro en cuatro fragmentos.",
  "0.5.0" => "Y posteriormente los selló para acabar
al fin con el ciclo de destrucción.",
  "0.6.0" => "Tres de los fragmentos se esparcieron
en el tiempo y en el espacio.",
  "0.7.0" => "El último fue sellado en un templo construido
en suelo sagrado, bajo la custodia de la espada
destructora del Mal.",
  "1.0.0" => "Durante generaciones, las gentes de Hyrule
han contado la historia de la Guerra de las Eras.",
  "1.1.0" => "Así fue como empezó todo...",
  "1.2.0" => "En lo más profundo de los bosques, lejos de ojos mortales,
una gran hechicera velaba por el equilibrio de la Trifuerza.",
  "1.4.0" => "Gracias a su magia, podía ver a través
de las eras y conocer el destino de todo
ser viviente, siempre sin intervenir.",
  "1.6.0" => "Hasta que una de aquellas almas
que observaba llamó su atención...",
  "1.7.0" => "Era la del héroe legendario, que renacía
una y otra vez siempre que Hyrule
necesitaba su ayuda.",
  "1.9.0" => "Su magia tendría que haberle dejado ver
que el alma del héroe estaba unida a
la de una princesa...",
  "1.10.0" => "Mas solo alcanzaba a ver un alma
distinta a todas las demás.",
  "1.11.0" => "Y aprovechando la distracción de la hechicera...",
  "1.12.0" => "Un fragmento de oscuridad que yacía
en una antigua prisión vio que se
le presentaba una oportunidad.",
  "1.13.0" => "Empezó a susurrarle malévolos planes.",
  "1.14.0" => "Hasta que alejó la luz de su corazón...",
  "1.15.0" => "Y convirtió su curiosidad inicial en
un imperioso deseo de poseer
el alma del héroe legendario.",
  "1.16.0" => "Pero este mal tenía sus propios y oscuros planes...",
  "1.17.0" => "Quería usar la Trifuerza para resucitar
y volver a conquistar Hyrule.",
  "1.18.0" => "La oscuridad desterró la luz del
corazón de la hechicera...",
  "1.19.0" => "Y la convenció para abrir el Portal de las Almas,
una puerta de acceso al tiempo.",
  "1.20.0" => "Monstruos de otras eras surgieron del portal
y trajeron de nuevo la destrucción a Hyrule.",
  "2.0.0" => "Impa... He vuelto a tener la misma pesadilla.",
  "2.1.0" => "Quizá es premonición de horas oscuras para Hyrule...",
  "2.2.0" => "¿Horas... oscuras?",
  "2.3.0" => "Si es cierto, debemos encontrarlo sin dilación.",
  "2.4.0" => "Debemos encontrar al héroe digno
de los ropajes legendarios.",
  "2.5.0" => "Aquí no vamos a encontrar a ningún héroe.",
  "2.6.0" => "Sería más prudente buscar en otros lugares.",
  "2.7.0" => "¡Alteza!",
  "2.8.0" => "¡Han avistado una horda de monstruos
que se dirige hacia Hyrule!",
  "2.9.0" => "Debemos prepararnos para la batalla.",
  "2.10.0" => "¿No es esa la princesa?",
  "2.11.0" => "¿Qué estará haciendo aquí?",
  "2.12.0" => "Parece que la princesa está en apuros.",
  "2.13.0" => "¡Oye, Link!",
  "2.14.0" => "¿Para qué quieres esa espada?",
  "2.15.0" => "Zelda",
  "2.16.0" => "Impa",
  "2.17.0" => "Zelda",
  "2.18.0" => "Impa",
  "2.19.0" => "Impa",
  "2.20.0" => "Impa",
  "2.21.0" => "Impa",
  "2.22.0" => "Soldado",
  "2.23.0" => "Soldado",
  "2.24.0" => "Zelda",
  "2.25.0" => "Soldado en prácticas",
  "2.26.0" => "Soldado en prácticas",
  "2.27.0" => "Soldado en prácticas",
  "2.28.0" => "Soldado en prácticas",
  "2.29.0" => "Soldado en prácticas",
  "3.0.0" => "¡Rápido, venid aquí!",
  "3.1.0" => "¡Portal de las Almas, escucha mi súplica y ábrete!",
  "3.2.0" => "¡Así mi alma será liberada!",
  "3.3.0" => "¡Ja!",
  "3.4.0" => "Perfecto.",
  "3.5.0" => "Tres fragmentos de mi alma han regresado.",
  "3.6.0" => "La única barrera que me queda por franquear
es la que protege la Espada Maestra.",
  "3.7.0" => "Lana",
  "3.8.0" => "(?)",
  "3.9.0" => "(?)",
  "3.10.0" => "Cya",
  "3.11.0" => "(?)",
  "3.12.0" => "(?)",
  "3.13.0" => "(?)",
  "4.0.0" => "Perdonad por no haber dicho nada.",
  "4.1.0" => "Debía ocultar mi identidad a nuestros enemigos.",
  "4.2.0" => "Link, tu valor es extraordinario.",
  "4.3.0" => "Supe que eras especial cuando te vi por primera vez.",
  "4.4.0" => "Hemos cerrado todos los portales, logrando
así restaurar el tiempo y el espacio.",
  "4.5.0" => "Ahora debemos...",
  "4.6.0" => "¡Un momento! ¿No crees que nos debes una explicación?",
  "4.7.0" => "Sí... Tienes razón.",
  "4.8.0" => "En realidad Cya y yo no pertenecemos
al mismo clan.",
  "4.9.0" => "La verdad es que somos la misma persona.",
  "4.10.0" => "¿Cómo es posible?",
  "4.11.0" => "Algo poseyó a Cya y succionó toda la luz de su espíritu.",
  "4.12.0" => "Yo soy esa luz. Soy lo que resultó de esa posesión.",
  "4.13.0" => "Y el monstruo responsable de todo esto...",
  "4.14.0" => "Mujer inútil...",
  "4.15.0" => "¿Quién eres?",
  "4.16.0" => "Ya es suficiente. Tengo tres fragmentos de mi alma.",
  "4.17.0" => "Mi poder está incompleto todavía,
pero mi cuerpo ha vuelto.",
  "4.18.0" => "¡Tú!",
  "4.19.0" => "Cya, has sido mi marioneta favorita.",
  "4.20.0" => "¿Cómo? ¡No soy un simple juguete
al que puedas manejar impunemente!",
  "4.21.0" => "Eso forma parte del pasado. ¡Al fin puedo
romper la última barrera sin ayuda de nadie!",
  "4.22.0" => "Aun así... este cuerpo todavía no
puede usar todo su potencial.",
  "4.23.0" => "Pero con la ayuda de las diosas todopoderosas...",
  "4.24.0" => "¡podré recuperar mi poder y conquistar esta tierra!",
  "4.25.0" => "La Trifuerza...",
  "4.26.0" => "¡será mía!",
  "4.27.0" => "¡¿Qué?!",
  "4.28.0" => "¡Insensata!",
  "4.29.0" => "La Trifuerza del Valor y la Trifuerza
de la Sabiduría se han perdido...",
  "4.30.0" => "¡AAAH!",
  "4.31.0" => "Recuperaré la Trifuerza, ¡y será solo mía!",
  "4.32.0" => "Y también lo será el héroe.",
  "4.33.0" => "Zelda",
  "4.34.0" => "Zelda",
  "4.35.0" => "Zelda",
  "4.36.0" => "Zelda",
  "4.37.0" => "Lana",
  "4.38.0" => "Lana",
  "4.39.0" => "Midna",
  "4.40.0" => "Lana",
  "4.41.0" => "Lana",
  "4.42.0" => "Lana",
  "4.43.0" => "Zelda",
  "4.44.0" => "Lana",
  "4.45.0" => "Lana",
  "4.46.0" => "Lana",
  "4.47.0" => "(?)",
  "4.48.0" => "Cya",
  "4.49.0" => "(?)",
  "4.50.0" => "(?)",
  "4.51.0" => "Cya",
  "4.52.0" => "Ganondorf",
  "4.53.0" => "Cya",
  "4.54.0" => "Ganondorf",
  "4.55.0" => "Ganondorf",
  "4.56.0" => "Ganondorf",
  "4.57.0" => "Ganondorf",
  "4.58.0" => "Cya",
  "4.59.0" => "Cya",
  "4.60.0" => "Ganondorf",
  "4.61.0" => "Ganondorf",
  "4.62.0" => "Cya",
  "4.63.0" => "Ganondorf",
  "4.64.0" => "Cya",
  "4.65.0" => "Cya",
  "5.0.0" => "Cya...",
  "5.1.0" => "He visto cómo acabará todo... Y las dos sabemos
que vas tras la persona equivocada.",
  "5.2.0" => "¿Cómo puedes dejarte la piel por él
sabiendo que no servirá de nada?",
  "5.3.0" => "En ocasiones las personas no acaban con quien
quieren estar... Y creo que es mejor aceptarlo.",
  "5.4.0" => "Bueno... tú siempre has sido mi otra mitad...",
  "5.5.0" => "A partir de ahora todo depende de vosotros.",
  "5.6.0" => "Devolvamos la luz a Hyrule.",
  "5.7.0" => "Con esto todo debería solucionarse.",
  "5.8.0" => "Y ahora debo irme.",
  "5.9.0" => "Lana...",
  "5.10.0" => "¿Volveremos a vernos?",
  "5.11.0" => "Adiós...",
  "5.12.0" => "Lana",
  "5.13.0" => "Cya",
  "5.14.0" => "Cya",
  "5.15.0" => "Lana",
  "5.16.0" => "Cya",
  "5.17.0" => "Midna",
  "5.18.0" => "Zelda",
  "5.19.0" => "Lana",
  "5.20.0" => "Lana",
  "5.21.0" => "Zelda",
  "5.22.0" => "Zelda",
  "5.23.0" => "Lana",
  "6.0.0" => "Ya está.",
  "6.1.0" => "Ahora solo resta devolver la Espada Maestra
al lugar que le corresponde y todo habrá terminado.",
  "6.2.0" => "Pero ese no es mi cometido.",
  "6.3.0" => "Habéis devuelto la paz a Hyrule una vez más.",
  "6.4.0" => "Adiós, Link...",
  "6.5.0" => "Es hora...",
  "6.6.0" => "Lana",
  "6.7.0" => "Lana",
  "6.8.0" => "Lana",
  "6.9.0" => "Lana",
  "6.10.0" => "Lana",
  "6.11.0" => "Zelda",
  "43.0.0" => "Hum...",
  "43.1.0" => "¡Oye, Linkle!",
  "43.2.0" => "Nos acabamos de enterar de que hay hordas
de monstruos atacando el Castillo de Hyrule.",
  "43.3.0" => "¿Cómo? ¡¿En serio?!",
  "43.4.0" => "Dicen que hasta la princesa Zelda en persona
ha salido a luchar. Si los monstruos llegan aquí...",
  "43.5.0" => "Pero ¿adónde vas con esa ropa?",
  "43.6.0" => "¿Tú qué crees? ¡Me voy a luchar
contra esos monstruos!",
  "43.7.0" => "Mi abuela siempre me dijo que yo era
el héroe del que habla la leyenda.",
  "43.8.0" => "Pero todas las abuelas dicen lo mismo...",
  "43.9.0" => "¡Mirad!",
  "43.10.0" => "¿Veis esta brújula? Me la dio mi abuela,
y es mágica. ¡Eso prueba que soy yo!",
  "43.11.0" => "Y ahora, si me disculpáis, tengo
que ir a defender el castillo.",
  "43.12.0" => "Linkle",
  "43.13.0" => "Aldeano",
  "43.14.0" => "Aldeano",
  "43.15.0" => "Linkle",
  "43.16.0" => "Aldeano",
  "43.17.0" => "Aldeano",
  "43.18.0" => "Linkle",
  "43.19.0" => "Linkle",
  "43.20.0" => "Aldeano",
  "43.21.0" => "Linkle",
  "43.22.0" => "Linkle",
  "43.23.0" => "Linkle",
  "44.4.0" => "Has luchado bien.",
  "44.5.0" => "¡No es necesario que me des las gracias!
Ha sido un placer cumplir con mi deber.",
  "44.6.0" => "Seguro que la abuela estaría
orgullosa de mí.",
  "44.7.0" => "Sí, seguro que sí.",
  "44.12.0" => "Impa",
  "44.13.0" => "Linkle",
  "44.14.0" => "Linkle",
  "44.15.0" => "Impa",
  "45.0.0" => "Noto otra alteración en las eras del tiempo.
Debemos averiguar qué ocurre cuanto antes.",
  "45.1.0" => "Yo también iré.",
  "45.2.0" => "Os necesitan aquí, princesa.
Y a mí también.",
  "45.3.0" => "Link, debemos encomendarte a ti la misión.",
  "45.4.0" => "Pero ¿qué narices está pasando?",
  "45.5.0" => "Impa",
  "45.6.0" => "Zelda",
  "45.7.0" => "Impa",
  "45.8.0" => "Impa",
  "45.9.0" => "Tetra",
  "46.0.0" => "Ahora la paz reinará sobre esta tierra.
La luz ha vuelto a iluminarnos.",
  "46.1.0" => "Espero que volvamos a
encontrarnos algún día.",
  "46.2.0" => "Debemos irnos. Tenemos que devolver
todo a su estado original.",
  "46.3.0" => "Rey de Hyrule",
  "46.4.0" => "Tetra",
  "46.5.0" => "Lana",
  "49.0.0" => "Linkle dejó la aldea con la promesa
de devolver la paz a Hyrule.",
  "49.1.0" => "En una mano aferraba la brújula de su abuela.",
  "49.2.0" => "Mas un travieso duende no tardó en
robar tan preciado objeto.",
  "49.3.0" => "Linkle se vio forzada a perseguir al duende
para intentar recuperar la brújula.",
  "49.4.0" => "Y fue entonces cuando algo extraño ocurrió...",
  "49.5.0" => "Como si detectase su angustia, la brújula
comenzó a emitir una misteriosa luz.",
  "49.6.0" => "Era como si la reconociese... Linkle la recuperó,
se la colgó del cuello y juró no volver a perderla.",
  "49.7.0" => "La luz que emitía la brújula le parecía todo un misterio.",
  "49.8.0" => "Desconocía qué clase de poder oculto albergaba.",
  "49.9.0" => "En cualquier caso, estaba segura de que se trataba de
una señal de su condición de heroína de la leyenda.",
  "49.10.0" => "Si lograse hacer uso de ese poder, quizás
podría cumplir su destino y salvar Hyrule.",
  "49.11.0" => "Con renovadas esperanzas, Linkle reanudó su viaje.",
  "50.0.0" => "Midna y Linkle habían acudido al Palacio del Crepúsculo
para salvar a Zelda y poner freno a la magia oscura.",
  "50.1.0" => "Aunque habían ganado la batalla, la magia del Crepúsculo
seguía destruyendo todo cuanto encontraba a su paso.",
  "50.2.0" => "Apremiada por las circunstancias, Midna decidió destruir
el cristal mágico que habían encontrado en el palacio.",
  "50.3.0" => "Creía que al hacerlo lograría liberar una poderosa
energía que contuviese la magia oscura.",
  "50.4.0" => "Mas el plan de Midna implicaba un riesgo,
pues supondría renunciar a su forma real.",
  "50.5.0" => "A pesar de que pagaría un precio muy alto, Midna
no dudó: sabía que debía salvar a la princesa Zelda.",
  "50.6.0" => "Linkle estaba impresionada por
la determinación de Midna.",
  "50.7.0" => "Así que, con más ímpetu si cabe,
puso rumbo al Castillo de Hyrule.",
  "51.0.0" => "En el nuevo mundo Link conoció a Tetra, la líder
de los piratas, con quien luchó codo con codo.",
  "51.1.0" => "No obstante, su enemigo parecía más fuerte
y astuto de lo que habían imaginado...",
  "51.2.0" => "Tras alzarse con la victoria, Link descubrió
un aterrador pájaro atravesando los cielos.",
  "51.3.0" => "Al fijarse mejor pudo apreciar que el
pájaro transportaba algo en las garras.",
  "51.4.0" => "No era algo... sino alguien.
¡Se trataba de Tetra!",
  "51.5.0" => "Si Link no actuaba cuanto antes,
el pájaro se la llevaría para siempre.",
  "51.6.0" => "Se lanzó a rescatarla sin dudarlo.",
  "52.0.0" => "Lana y Link rescataron a Tetra y cerraron
todos los portales de las almas.",
  "52.1.0" => "Mas todo apuntaba a que los cambios que
había sufrido Hyrule eran irreversibles.",
  "52.2.0" => "A Lana, Link y Tetra no se les ocurría
nada que pudiese remediar la situación.",
  "52.3.0" => "Pero justo entonces, cuando más necesitaban
ayuda, una legendaria figura se presentó ante ellos.",
  "52.4.0" => "Se trataba del rey Daphness Nohansen Hyrule,
el Mascarón Rojo en persona.",
  "52.5.0" => "En el mundo de Tetra, el rey de Hyrule había sido
el monarca de un antiguo reino que desapareció.",
  "52.6.0" => "Por mandato divino, se presentó ante ellos con la
esperanza de salvar un mundo sumido en combate.",
  "52.7.0" => "Les explicó que la causa de todos los conflictos era
una presencia maligna en el mundo de Tetra.",
  "52.8.0" => "Ahora que tenían una pista concreta, los héroes
sabían adónde tenían que dirigirse.",
  "52.9.0" => "Se embarcaron en un nuevo viaje, sabiendo que
la batalla que los aguardaba no sería fácil.",
  "53.0.0" => "Y así fue como la paz retornó a Hyrule.",
  "53.1.0" => "Lana y Cya se despidieron de Link y los demás para
retomar sus labores de hechiceras en el valle.",
  "53.2.0" => "Poder, sabiduría...",
  "53.3.0" => "y valor.",
  "53.4.0" => "Juntas, Lana y Cya seguirían velando por el
equilibrio de la Trifuerza, en paz y armonía.",
  "54.0.0" => "La Trifuerza es la armoniosa unión
del poder, la sabiduría y el valor.",
  "54.1.0" => "Ha sido objeto de numerosas disputas
entre las fuerzas de la luz y la oscuridad.",
  "54.2.0" => "Y cada vez que ha caído en manos de las fuerzas
del mal, Hyrule ha encontrado la desgracia.",
  "54.3.0" => "Pero en cada época, un héroe vestido de verde
ha devuelto la paz a todos los rincones del reino.",
  "54.4.0" => "Tras una de sus batallas, el héroe legendario
quebró el espíritu oscuro en cuatro fragmentos.",
  "54.5.0" => "Y posteriormente los selló para acabar
al fin con el ciclo de destrucción.",
  "54.6.0" => "Tres de los fragmentos se esparcieron
en el tiempo y en el espacio.",
  "54.7.0" => "El último fue sellado en un templo construido
en suelo sagrado, bajo la custodia de la espada
destructora del Mal.",
  "55.0.0" => "Durante generaciones, las gentes de Hyrule
han contado la historia de la Guerra de las Eras.",
  "55.1.0" => "Así fue como empezó todo...",
  "55.2.0" => "En lo más profundo de los bosques, lejos de ojos mortales,
una gran hechicera velaba por el equilibrio de la Trifuerza.",
  "55.4.0" => "Gracias a su magia, podía ver a través
de las eras y conocer el destino de todo
ser viviente, siempre sin intervenir.",
  "55.6.0" => "Hasta que una de aquellas almas
que observaba llamó su atención...",
  "55.7.0" => "Era la del héroe legendario, que renacía
una y otra vez siempre que Hyrule
necesitaba su ayuda.",
  "55.9.0" => "Su magia tendría que haberle dejado ver
que el alma del héroe estaba unida a
la de una princesa...",
  "55.10.0" => "Mas solo alcanzaba a ver un alma
distinta a todas las demás.",
  "55.11.0" => "Y aprovechando la distracción de la hechicera...",
  "55.12.0" => "Un fragmento de oscuridad que yacía
en una antigua prisión vio que se
le presentaba una oportunidad.",
  "55.13.0" => "Empezó a susurrarle malévolos planes.",
  "55.14.0" => "Hasta que alejó la luz de su corazón...",
  "55.15.0" => "Y convirtió su curiosidad inicial en
un imperioso deseo de poseer
el alma del héroe legendario.",
  "55.16.0" => "Pero este mal tenía sus propios y oscuros planes...",
  "55.17.0" => "Quería usar la Trifuerza para resucitar
y volver a conquistar Hyrule.",
  "55.18.0" => "La oscuridad desterró la luz del
corazón de la hechicera...",
  "55.19.0" => "Y la convenció para abrir el Portal de las Almas,
una puerta de acceso al tiempo.",
  "55.20.0" => "Monstruos de otras eras surgieron del portal
y trajeron de nuevo la destrucción a Hyrule.",
  "56.0.0" => "Impa... He vuelto a tener la misma pesadilla.",
  "56.1.0" => "Quizá es premonición de horas oscuras para Hyrule...",
  "56.2.0" => "¿Horas... oscuras?",
  "56.3.0" => "Si es cierto, debemos encontrarlo sin dilación.",
  "56.4.0" => "Debemos encontrar al héroe digno
de los ropajes legendarios.",
  "56.5.0" => "Aquí no vamos a encontrar a ningún héroe.",
  "56.6.0" => "Sería más prudente buscar en otros lugares.",
  "56.7.0" => "¡Alteza!",
  "56.8.0" => "¡Han avistado una horda de monstruos
que se dirige hacia Hyrule!",
  "56.9.0" => "Debemos prepararnos para la batalla.",
  "56.10.0" => "¿No es esa la princesa?",
  "56.11.0" => "¿Qué estará haciendo aquí?",
  "56.12.0" => "Parece que la princesa está en apuros.",
  "56.13.0" => "¡Oye, Link!",
  "56.14.0" => "¿Para qué quieres esa espada?",
  "56.15.0" => "Zelda",
  "56.16.0" => "Impa",
  "56.17.0" => "Zelda",
  "56.18.0" => "Impa",
  "56.19.0" => "Impa",
  "56.20.0" => "Impa",
  "56.21.0" => "Impa",
  "56.22.0" => "Soldado",
  "56.23.0" => "Soldado",
  "56.24.0" => "Zelda",
  "56.25.0" => "Soldado en prácticas",
  "56.26.0" => "Soldado en prácticas",
  "56.27.0" => "Soldado en prácticas",
  "56.28.0" => "Soldado en prácticas",
  "56.29.0" => "Soldado en prácticas",
  "57.0.0" => "¡Rápido, venid aquí!",
  "57.1.0" => "¡Portal de las Almas, escucha mi súplica y ábrete!",
  "57.2.0" => "¡Así mi alma será liberada!",
  "57.3.0" => "¡Ja!",
  "57.4.0" => "Perfecto.",
  "57.5.0" => "Tres fragmentos de mi alma han regresado.",
  "57.6.0" => "La única barrera que me queda por franquear
es la que protege la Espada Maestra.",
  "57.7.0" => "Lana",
  "57.8.0" => "(?)",
  "57.9.0" => "(?)",
  "57.10.0" => "Cya",
  "57.11.0" => "(?)",
  "57.12.0" => "(?)",
  "57.13.0" => "(?)",
  "58.0.0" => "Perdonad por no haber dicho nada.",
  "58.1.0" => "Debía ocultar mi identidad a nuestros enemigos.",
  "58.2.0" => "Link, tu valor es extraordinario.",
  "58.3.0" => "Supe que eras especial cuando te vi por primera vez.",
  "58.4.0" => "Hemos cerrado todos los portales, logrando
así restaurar el tiempo y el espacio.",
  "58.5.0" => "Ahora debemos...",
  "58.6.0" => "¡Un momento! ¿No crees que nos debes una explicación?",
  "58.7.0" => "Sí... Tienes razón.",
  "58.8.0" => "En realidad Cya y yo no pertenecemos
al mismo clan.",
  "58.9.0" => "La verdad es que somos la misma persona.",
  "58.10.0" => "¿Cómo es posible?",
  "58.11.0" => "Algo poseyó a Cya y succionó toda la luz de su espíritu.",
  "58.12.0" => "Yo soy esa luz. Soy lo que resultó de esa posesión.",
  "58.13.0" => "Y el monstruo responsable de todo esto...",
  "58.14.0" => "Mujer inútil...",
  "58.15.0" => "¿Quién eres?",
  "58.16.0" => "Ya es suficiente. Tengo tres fragmentos de mi alma.",
  "58.17.0" => "Mi poder está incompleto todavía,
pero mi cuerpo ha vuelto.",
  "58.18.0" => "¡Tú!",
  "58.19.0" => "Cya, has sido mi marioneta favorita.",
  "58.20.0" => "¿Cómo? ¡No soy un simple juguete
al que puedas manejar impunemente!",
  "58.21.0" => "Eso forma parte del pasado. ¡Al fin puedo
romper la última barrera sin ayuda de nadie!",
  "58.22.0" => "Aun así... este cuerpo todavía no
puede usar todo su potencial.",
  "58.23.0" => "Pero con la ayuda de las diosas todopoderosas...",
  "58.24.0" => "¡podré recuperar mi poder y conquistar esta tierra!",
  "58.25.0" => "La Trifuerza...",
  "58.26.0" => "¡será mía!",
  "58.27.0" => "¡¿Qué?!",
  "58.28.0" => "¡Insensata!",
  "58.29.0" => "La Trifuerza del Valor y la Trifuerza
de la Sabiduría se han perdido...",
  "58.30.0" => "¡AAAH!",
  "58.31.0" => "Recuperaré la Trifuerza, ¡y será solo mía!",
  "58.32.0" => "Y también lo será el héroe.",
  "58.33.0" => "Zelda",
  "58.34.0" => "Zelda",
  "58.35.0" => "Zelda",
  "58.36.0" => "Zelda",
  "58.37.0" => "Lana",
  "58.38.0" => "Lana",
  "58.39.0" => "Midna",
  "58.40.0" => "Lana",
  "58.41.0" => "Lana",
  "58.42.0" => "Lana",
  "58.43.0" => "Zelda",
  "58.44.0" => "Lana",
  "58.45.0" => "Lana",
  "58.46.0" => "Lana",
  "58.47.0" => "(?)",
  "58.48.0" => "Cya",
  "58.49.0" => "(?)",
  "58.50.0" => "(?)",
  "58.51.0" => "Cya",
  "58.52.0" => "Ganondorf",
  "58.53.0" => "Cya",
  "58.54.0" => "Ganondorf",
  "58.55.0" => "Ganondorf",
  "58.56.0" => "Ganondorf",
  "58.57.0" => "Ganondorf",
  "58.58.0" => "Cya",
  "58.59.0" => "Cya",
  "58.60.0" => "Ganondorf",
  "58.61.0" => "Ganondorf",
  "58.62.0" => "Cya",
  "58.63.0" => "Ganondorf",
  "58.64.0" => "Cya",
  "58.65.0" => "Cya",
  "59.0.0" => "Cya...",
  "59.1.0" => "He visto cómo acabará todo... Y las dos sabemos
que vas tras la persona equivocada.",
  "59.2.0" => "¿Cómo puedes dejarte la piel por él
sabiendo que no servirá de nada?",
  "59.3.0" => "En ocasiones las personas no acaban con quien
quieren estar... Y creo que es mejor aceptarlo.",
  "59.4.0" => "Bueno... tú siempre has sido mi otra mitad...",
  "59.5.0" => "A partir de ahora todo depende de vosotros.",
  "59.6.0" => "Devolvamos la luz a Hyrule.",
  "59.7.0" => "Con esto todo debería solucionarse.",
  "59.8.0" => "Y ahora debo irme.",
  "59.9.0" => "Lana...",
  "59.10.0" => "¿Volveremos a vernos?",
  "59.11.0" => "Adiós...",
  "59.12.0" => "Lana",
  "59.13.0" => "Cya",
  "59.14.0" => "Cya",
  "59.15.0" => "Lana",
  "59.16.0" => "Cya",
  "59.17.0" => "Midna",
  "59.18.0" => "Zelda",
  "59.19.0" => "Lana",
  "59.20.0" => "Lana",
  "59.21.0" => "Zelda",
  "59.22.0" => "Zelda",
  "59.23.0" => "Lana",
  "60.0.0" => "Ya está.",
  "60.1.0" => "Ahora solo resta devolver la Espada Maestra
al lugar que le corresponde y todo habrá terminado.",
  "60.2.0" => "Pero ese no es mi cometido.",
  "60.3.0" => "Habéis devuelto la paz a Hyrule una vez más.",
  "60.4.0" => "Adiós, Link...",
  "60.5.0" => "Es hora...",
  "60.6.0" => "Lana",
  "60.7.0" => "Lana",
  "60.8.0" => "Lana",
  "60.9.0" => "Lana",
  "60.10.0" => "Lana",
  "60.11.0" => "Zelda",
  "97.0.0" => "Hum...",
  "97.1.0" => "¡Oye, Linkle!",
  "97.2.0" => "Nos acabamos de enterar de que hay hordas
de monstruos atacando el Castillo de Hyrule.",
  "97.3.0" => "¿Cómo? ¡¿En serio?!",
  "97.4.0" => "Dicen que hasta la princesa Zelda en persona
ha salido a luchar. Si los monstruos llegan aquí...",
  "97.5.0" => "Pero ¿adónde vas con esa ropa?",
  "97.6.0" => "¿Tú qué crees? ¡Me voy a luchar
contra esos monstruos!",
  "97.7.0" => "Mi abuela siempre me dijo que yo era
el héroe del que habla la leyenda.",
  "97.8.0" => "Pero todas las abuelas dicen lo mismo...",
  "97.9.0" => "¡Mirad!",
  "97.10.0" => "¿Veis esta brújula? Me la dio mi abuela,
y es mágica. ¡Eso prueba que soy yo!",
  "97.11.0" => "Y ahora, si me disculpáis, tengo
que ir a defender el castillo.",
  "97.12.0" => "Linkle",
  "97.13.0" => "Aldeano",
  "97.14.0" => "Aldeano",
  "97.15.0" => "Linkle",
  "97.16.0" => "Aldeano",
  "97.17.0" => "Aldeano",
  "97.18.0" => "Linkle",
  "97.19.0" => "Linkle",
  "97.20.0" => "Aldeano",
  "97.21.0" => "Linkle",
  "97.22.0" => "Linkle",
  "97.23.0" => "Linkle",
  "98.4.0" => "Has luchado bien.",
  "98.5.0" => "¡No es necesario que me des las gracias!
Ha sido un placer cumplir con mi deber.",
  "98.6.0" => "Seguro que la abuela estaría
orgullosa de mí.",
  "98.7.0" => "Sí, seguro que sí.",
  "98.12.0" => "Impa",
  "98.13.0" => "Linkle",
  "98.14.0" => "Linkle",
  "98.15.0" => "Impa",
  "99.0.0" => "Noto otra alteración en las eras del tiempo.
Debemos averiguar qué ocurre cuanto antes.",
  "99.1.0" => "Yo también iré.",
  "99.2.0" => "Os necesitan aquí, princesa.
Y a mí también.",
  "99.3.0" => "Link, debemos encomendarte a ti la misión.",
  "99.4.0" => "Pero ¿qué narices está pasando?",
  "99.5.0" => "Impa",
  "99.6.0" => "Zelda",
  "99.7.0" => "Impa",
  "99.8.0" => "Impa",
  "99.9.0" => "Tetra",
  "100.0.0" => "Ahora la paz reinará sobre esta tierra.
La luz ha vuelto a iluminarnos.",
  "100.1.0" => "Espero que volvamos a
encontrarnos algún día.",
  "100.2.0" => "Debemos irnos. Tenemos que devolver
todo a su estado original.",
  "100.3.0" => "Rey de Hyrule",
  "100.4.0" => "Tetra",
  "100.5.0" => "Lana",
  "103.0.0" => "Linkle dejó la aldea con la promesa
de devolver la paz a Hyrule.",
  "103.1.0" => "En una mano aferraba la brújula de su abuela.",
  "103.2.0" => "Mas un travieso duende no tardó en
robar tan preciado objeto.",
  "103.3.0" => "Linkle se vio forzada a perseguir al duende
para intentar recuperar la brújula.",
  "103.4.0" => "Y fue entonces cuando algo extraño ocurrió...",
  "103.5.0" => "Como si detectase su angustia, la brújula
comenzó a emitir una misteriosa luz.",
  "103.6.0" => "Era como si la reconociese... Linkle la recuperó,
se la colgó del cuello y juró no volver a perderla.",
  "103.7.0" => "La luz que emitía la brújula le parecía todo un misterio.",
  "103.8.0" => "Desconocía qué clase de poder oculto albergaba.",
  "103.9.0" => "En cualquier caso, estaba segura de que se trataba de
una señal de su condición de heroína de la leyenda.",
  "103.10.0" => "Si lograse hacer uso de ese poder, quizás
podría cumplir su destino y salvar Hyrule.",
  "103.11.0" => "Con renovadas esperanzas, Linkle reanudó su viaje.",
  "104.0.0" => "Midna y Linkle habían acudido al Palacio del Crepúsculo
para salvar a Zelda y poner freno a la magia oscura.",
  "104.1.0" => "Aunque habían ganado la batalla, la magia del Crepúsculo
seguía destruyendo todo cuanto encontraba a su paso.",
  "104.2.0" => "Apremiada por las circunstancias, Midna decidió destruir
el cristal mágico que habían encontrado en el palacio.",
  "104.3.0" => "Creía que al hacerlo lograría liberar una poderosa
energía que contuviese la magia oscura.",
  "104.4.0" => "Mas el plan de Midna implicaba un riesgo,
pues supondría renunciar a su forma real.",
  "104.5.0" => "A pesar de que pagaría un precio muy alto, Midna
no dudó: sabía que debía salvar a la princesa Zelda.",
  "104.6.0" => "Linkle estaba impresionada por
la determinación de Midna.",
  "104.7.0" => "Así que, con más ímpetu si cabe,
puso rumbo al Castillo de Hyrule.",
  "105.0.0" => "En el nuevo mundo Link conoció a Tetra, la líder
de los piratas, con quien luchó codo con codo.",
  "105.1.0" => "No obstante, su enemigo parecía más fuerte
y astuto de lo que habían imaginado...",
  "105.2.0" => "Tras alzarse con la victoria, Link descubrió
un aterrador pájaro atravesando los cielos.",
  "105.3.0" => "Al fijarse mejor pudo apreciar que el
pájaro transportaba algo en las garras.",
  "105.4.0" => "No era algo... sino alguien.
¡Se trataba de Tetra!",
  "105.5.0" => "Si Link no actuaba cuanto antes,
el pájaro se la llevaría para siempre.",
  "105.6.0" => "Se lanzó a rescatarla sin dudarlo.",
  "106.0.0" => "Lana y Link rescataron a Tetra y cerraron
todos los portales de las almas.",
  "106.1.0" => "Mas todo apuntaba a que los cambios que
había sufrido Hyrule eran irreversibles.",
  "106.2.0" => "A Lana, Link y Tetra no se les ocurría
nada que pudiese remediar la situación.",
  "106.3.0" => "Pero justo entonces, cuando más necesitaban
ayuda, una legendaria figura se presentó ante ellos.",
  "106.4.0" => "Se trataba del rey Daphness Nohansen Hyrule,
el Mascarón Rojo en persona.",
  "106.5.0" => "En el mundo de Tetra, el rey de Hyrule había sido
el monarca de un antiguo reino que desapareció.",
  "106.6.0" => "Por mandato divino, se presentó ante ellos con la
esperanza de salvar un mundo sumido en combate.",
  "106.7.0" => "Les explicó que la causa de todos los conflictos era
una presencia maligna en el mundo de Tetra.",
  "106.8.0" => "Ahora que tenían una pista concreta, los héroes
sabían adónde tenían que dirigirse.",
  "106.9.0" => "Se embarcaron en un nuevo viaje, sabiendo que
la batalla que los aguardaba no sería fácil.",
  "107.0.0" => "Y así fue como la paz retornó a Hyrule.",
  "107.1.0" => "Lana y Cya se despidieron de Link y los demás para
retomar sus labores de hechiceras en el valle.",
  "107.2.0" => "Poder, sabiduría...",
  "107.3.0" => "y valor.",
  "107.4.0" => "Juntas, Lana y Cya seguirían velando por el
equilibrio de la Trifuerza, en paz y armonía.",
}