Map {
  "0.0.0" => "A0%1sF0R is in trouble!",
  "0.1.0" => "The C2%1sF2R has been captured!",
  "0.2.0" => "A0%1sF0R is fleeing!",
  "0.3.0" => "A0%1sF0R and A0%2sF4R have been defeated!",
  "0.4.0" => "A0%1sF0R has appeared!",
  "0.5.0" => "The gates connecting the A6desertR and A6Sacred GroundsR are closed!",
  "0.6.0" => "A0%1sF0R's morale has fallen!",
  "0.7.0" => "A0%1sF0R is advancing toward the A0%2sF6R!",
  "0.8.0" => "The A6%1sF0R has closed to stop A2ZantR from advancing!",
  "0.9.0" => "A0%1sF1R have defeated A0%2sF2R!",
  "0.10.0" => "A6%1sF0R is open!",
  "0.11.0" => "You met up with A0%1sF4R!",
  "0.12.0" => "A0%1sF0R, A0%2sF0R, and A0%3sF0R have appeared!",
  "0.13.0" => "A0%1sF0R's morale has improved!",
  "0.14.0" => "A0%1sF1R have received reinforcements!",
  "0.15.0" => "A0%1sF1R are advancing toward the A0%2sF6R!",
  "0.16.0" => "Both the C5%1sF0R and C5%2sF0R are open!",
  "0.17.0" => "Repel A0%1sF5R!",
  "0.18.0" => "A0%1sF1R started attacking!",
  "0.19.0" => "A0%1sF1R have begun a massive attack on the A0%2sF6R!",
  "0.20.0" => "You discovered A0%1sF0R and A0%2sF0R!",
  "0.21.0" => "You defeated A0%1sF4R!",
  "0.22.0" => "The A0%1sF0R needs immediate defense!",
  "0.23.0" => "The A0%1sF0R needs immediate defense! Don't let it fall!",
  "0.24.0" => "A0%1sF0R is in trouble!",
  "0.25.0" => "A0%1sF0R is in danger and needs immediate help!",
  "0.26.0" => "A0%1sF5R have won the battle!",
  "0.27.0" => "A0%2sF0R has fled from A0%1sF5R!",
  "0.28.0" => "A0%1sF1R have lost the battle!",
  "0.29.0" => "The C1%1sF0R has fallen to A0%2sF5R!",
  "0.30.0" => "A2ZantR has closed the A6%1sF0R!",
  "0.31.0" => "Keep A0%1sF4R safe!",
  "0.32.0" => "Defeat A0%1sF2R immediately!",
  "0.33.0" => "A0%1sF0R has reappeared!",
  "0.34.0" => "Rendezvous with A0%1sF6R immediately!",
  "0.35.0" => "A0%1sF0R has teleported away!",
  "0.36.0" => "The gates connecting the A6desertR and A6Sacred GroundsR are open!",
  "0.37.0" => "The A6%1sF0R is open!",
  "0.38.0" => "Search the keeps and find the real A0%1sF4R and A0%2sF4R!",
  "0.39.0" => "Defeat A0%1sF4R and A0%2sF4R immediately!",
  "0.40.0" => "A0%1sF0R is advancing toward the A0%2sF6R!",
  "0.41.0" => "The A6%1sF0R is open!",
  "0.42.0" => "A2Ganondorf's ForcesR have opened the A6%1sF0R!",
  "0.43.0" => "A2ZantR has partially closed the A0%1sF0R!",
  "0.44.0" => "The A2desert heatR has reduced A0%1sF0R's health!",
  "0.45.0" => "Keep A0%1sF4R and A0%2sF4R safe!",
  "0.46.0" => "A A6Gold SkulltulaR has appeared on the battlefield!",
  "0.47.0" => "Find the A6Gold SkulltulaR!",
  "0.48.0" => "You defeated a A6Gold SkulltulaR!",
  "0.49.0" => "The A6Gold SkulltulaR is about to flee!",
  "0.50.0" => "The A6Gold SkulltulaR has fled!",
  "0.51.0" => "Defeat A0%1sF2R immediately!",
  "0.52.0" => "Defeat A0%1sF2R!",
  "0.53.0" => "Pursue A0%1sF2R!",
  "0.54.0" => "A0%1sF5R in the south are safe from the desert heat!",
  "0.55.0" => "A0%1sF5R in the north are safe from the desert heat!",
  "0.56.0" => "A0%1sF0R has escaped!",
  "0.57.0" => "A0%1sF0R is advancing toward A0%2sF6R!",
  "0.58.0" => "The A0%1sF4R is partially open!",
  "0.59.0" => "The Southern Desert heat is sapping soldiers' health!",
  "0.60.0" => "The Northern Desert heat is sapping soldiers' health!",
  "0.61.0" => "A0%1sF0R has defeated A0%2sF4R!",
  "0.62.0" => "Rendezvous with A0%1sF6R!",
  "0.63.0" => "You can now play as A0%1sF0R, A0%2sF0R, and A0%3sF0R!",
  "0.64.0" => "A0%1sF1R appeared in the A0%2sF0R and the A0%3sF0R!",
  "0.65.0" => "A0%1sF0R is advancing toward the A0%2sF6R and the A0%3sF6R!",
  "0.66.0" => "All A0%1sF7R are defeated!",
  "0.67.0" => "A0%1sF0R and A0%2sF6R have appeared!",
  "0.68.0" => "A0%1sF0R is acting strangely!",
  "0.69.0" => "A0%1sF0R and A0%2sF4R are both defeated!",
  "0.70.0" => "A0%1sF1R have improved their morale!",
  "0.71.0" => "A0%1sF1R have occupied the A0%2sF6R and the A0%3sF6R!",
  "0.72.0" => "A0%1sF0R encouraged A0%2sF1R, improving their morale!",
  "0.73.0" => "A0%1sF0R summoned a powerful A0%2sF4R!",
  "0.74.0" => "The A0%1sF0R is advancing toward A0%2sF4R!",
  "0.75.0" => "A0%2sF5R caused A0%1sF0R to flee!",
  "0.76.0" => "A0%1sF1R are defeated!",
  "0.77.0" => "A0%1sF0R appeared and is advancing toward the C2%2sF6R!",
  "0.78.0" => "The C2%1sF6R is captured!",
  "0.79.0" => "Gather near A0%1sF2R!",
  "0.80.0" => "A0%1sF0R are fighting with A0%2sF2R!",
  "0.81.0" => "A0%1sF0R appeared and is advancing toward the C2%2sF6R!",
  "0.82.0" => "Treasure may be located in the A0%1sF0R!",
  "0.83.0" => "A0%1sF4R is advancing on A0%2sF1R' keeps!",
  "0.84.0" => "Don't let A0%1sF1R' keeps fall!",
  "0.85.0" => "A0%1sF0R invaded the A0%2sF6R!",
  "0.86.0" => "You must defeat A0%1sF2R quickly!",
  "0.87.0" => "A0%1sF1R have occupied the A0%2sF6R!",
  "0.88.0" => "A powerful A0%1sF0R is advancing toward A0%2sF4R!",
  "0.89.0" => "A0%1sF0R's defeat caused some forces to withdraw!",
  "1.0.0" => "Allied Base",
  "1.0.1" => "Allied Base",
  "1.0.2" => "Allied Base",
  "1.0.3" => "Allied Base",
  "1.0.4" => "Allied Base",
  "1.0.5" => "Allied Base",
  "1.0.6" => "Allied Base",
  "1.0.7" => "Allied Base",
  "1.0.8" => "Allied Base",
  "1.1.0" => "N. Settlement",
  "1.1.1" => "N. Settlement",
  "1.1.2" => "Riverside Keep",
  "1.1.3" => "N. Settlement",
  "1.1.4" => "Riverside Keep",
  "1.1.5" => "N. Settlement",
  "1.1.6" => "Riverside Keep",
  "1.1.7" => "N. Settlement",
  "1.1.8" => "Riverside Keep",
  "1.2.0" => "S. Desert Keep",
  "1.2.1" => "S. Desert Keep",
  "1.2.2" => "S. Desert Keep",
  "1.2.3" => "S. Desert Keep",
  "1.2.4" => "S. Desert Keep",
  "1.2.5" => "S. Desert Keep",
  "1.2.6" => "S. Desert Keep",
  "1.2.7" => "S. Desert Keep",
  "1.2.8" => "S. Desert Keep",
  "1.3.0" => "South Oasis",
  "1.3.1" => "South Oasis",
  "1.3.2" => "South Oasis",
  "1.3.3" => "South Oasis",
  "1.3.4" => "South Oasis",
  "1.3.5" => "South Oasis",
  "1.3.6" => "South Oasis",
  "1.3.7" => "South Oasis",
  "1.3.8" => "South Oasis",
  "1.4.0" => "Clifftop Keep",
  "1.4.1" => "Clifftop Keep",
  "1.4.2" => "Clifftop Keep",
  "1.4.3" => "Clifftop Keep",
  "1.4.4" => "Clifftop Keep",
  "1.4.5" => "Clifftop Keep",
  "1.4.6" => "Clifftop Keep",
  "1.4.7" => "Clifftop Keep",
  "1.4.8" => "Clifftop Keep",
  "1.5.0" => "North Oasis",
  "1.5.1" => "North Oasis",
  "1.5.2" => "North Oasis",
  "1.5.3" => "North Oasis",
  "1.5.4" => "North Oasis",
  "1.5.5" => "North Oasis",
  "1.5.6" => "North Oasis",
  "1.5.7" => "North Oasis",
  "1.5.8" => "North Oasis",
  "1.6.0" => "Central Keep",
  "1.6.1" => "Central Keep",
  "1.6.2" => "Central Keep",
  "1.6.3" => "Central Keep",
  "1.6.4" => "Central Keep",
  "1.6.5" => "Central Keep",
  "1.6.6" => "Central Keep",
  "1.6.7" => "Central Keep",
  "1.6.8" => "Central Keep",
  "1.7.0" => "Rockface Keep",
  "1.7.1" => "Rockface Keep",
  "1.7.2" => "Rockface Keep",
  "1.7.3" => "Rockface Keep",
  "1.7.4" => "Rockface Keep",
  "1.7.5" => "Rockface Keep",
  "1.7.6" => "Rockface Keep",
  "1.7.7" => "Rockface Keep",
  "1.7.8" => "Rockface Keep",
  "1.8.0" => "Arbiter's Keep",
  "1.8.1" => "Arbiter's Keep",
  "1.8.2" => "Arbiter's Keep",
  "1.8.3" => "Arbiter's Keep",
  "1.8.4" => "Arbiter's Keep",
  "1.8.5" => "Arbiter's Keep",
  "1.8.6" => "Arbiter's Keep",
  "1.8.7" => "Arbiter's Keep",
  "1.8.8" => "Arbiter's Keep",
  "1.9.0" => "Sacred Grounds",
  "1.9.1" => "Sacred Grounds",
  "1.9.2" => "Sacred Grounds",
  "1.9.3" => "Sacred Grounds",
  "1.9.4" => "Sacred Grounds",
  "1.9.5" => "Sacred Grounds",
  "1.9.6" => "Sacred Grounds",
  "1.9.7" => "Sacred Grounds",
  "1.9.8" => "Sacred Grounds",
  "1.40.0" => "Castle Keep",
  "1.41.0" => "Abandoned Fort",
  "1.42.0" => "W. Rockface Keep",
  "1.43.0" => "Central Keep",
  "1.44.0" => "West Field Keep",
  "1.45.0" => "North Field Keep",
  "1.46.0" => "East Field Keep",
  "1.47.0" => "South Field Keep",
  "1.48.0" => "Fairy Fountain",
  "1.49.0" => "Mountain Keep",
  "2.0.0" => "Allied Base gate",
  "2.0.1" => "Allied Base gate",
  "2.0.2" => "Allied Base gate",
  "2.0.3" => "Allied Base gate",
  "2.0.4" => "Allied Base gate",
  "2.0.5" => "Allied Base gate",
  "2.0.6" => "Allied Base gate",
  "2.0.7" => "Allied Base gate",
  "2.0.8" => "Allied Base gate",
  "2.1.0" => "Allied Base gate",
  "2.1.1" => "Allied Base gate",
  "2.1.2" => "Allied Base gate",
  "2.1.3" => "Allied Base gate",
  "2.1.4" => "Allied Base gate",
  "2.1.5" => "Allied Base gate",
  "2.1.6" => "Allied Base gate",
  "2.1.7" => "Allied Base gate",
  "2.1.8" => "Allied Base gate",
  "2.2.0" => "N. Settlement gate",
  "2.2.1" => "N. Settlement gate",
  "2.2.2" => "Riverside Keep gate",
  "2.2.3" => "N. Settlement gate",
  "2.2.4" => "Riverside Keep gate",
  "2.2.5" => "N. Settlement gate",
  "2.2.6" => "Riverside Keep gate",
  "2.2.7" => "N. Settlement gate",
  "2.2.8" => "Riverside Keep gate",
  "2.3.0" => "N. Settlement gate",
  "2.3.1" => "N. Settlement gate",
  "2.3.2" => "Riverside Keep gate",
  "2.3.3" => "N. Settlement gate",
  "2.3.4" => "Riverside Keep gate",
  "2.3.5" => "N. Settlement gate",
  "2.3.6" => "Riverside Keep gate",
  "2.3.7" => "N. Settlement gate",
  "2.3.8" => "Riverside Keep gate",
  "2.4.0" => "N. Settlement gate",
  "2.4.1" => "N. Settlement gate",
  "2.4.2" => "Riverside Keep gate",
  "2.4.3" => "N. Settlement gate",
  "2.4.4" => "Riverside Keep gate",
  "2.4.5" => "N. Settlement gate",
  "2.4.6" => "Riverside Keep gate",
  "2.4.7" => "N. Settlement gate",
  "2.4.8" => "Riverside Keep gate",
  "2.5.0" => "N. Settlement gate",
  "2.5.1" => "N. Settlement gate",
  "2.5.2" => "Riverside Keep gate",
  "2.5.3" => "N. Settlement gate",
  "2.5.4" => "Riverside Keep gate",
  "2.5.5" => "N. Settlement gate",
  "2.5.6" => "Riverside Keep gate",
  "2.5.7" => "N. Settlement gate",
  "2.5.8" => "Riverside Keep gate",
  "2.6.0" => "S. Desert Keep gate",
  "2.6.1" => "S. Desert Keep gate",
  "2.6.2" => "S. Desert Keep gate",
  "2.6.3" => "S. Desert Keep gate",
  "2.6.4" => "S. Desert Keep gate",
  "2.6.5" => "S. Desert Keep gate",
  "2.6.6" => "S. Desert Keep gate",
  "2.6.7" => "S. Desert Keep gate",
  "2.6.8" => "S. Desert Keep gate",
  "2.7.0" => "S. Desert Keep gate",
  "2.7.1" => "S. Desert Keep gate",
  "2.7.2" => "S. Desert Keep gate",
  "2.7.3" => "S. Desert Keep gate",
  "2.7.4" => "S. Desert Keep gate",
  "2.7.5" => "S. Desert Keep gate",
  "2.7.6" => "S. Desert Keep gate",
  "2.7.7" => "S. Desert Keep gate",
  "2.7.8" => "S. Desert Keep gate",
  "2.8.0" => "South Oasis gate",
  "2.8.1" => "South Oasis gate",
  "2.8.2" => "South Oasis gate",
  "2.8.3" => "South Oasis gate",
  "2.8.4" => "South Oasis gate",
  "2.8.5" => "South Oasis gate",
  "2.8.6" => "South Oasis gate",
  "2.8.7" => "South Oasis gate",
  "2.8.8" => "South Oasis gate",
  "2.9.0" => "South Oasis gate",
  "2.9.1" => "South Oasis gate",
  "2.9.2" => "South Oasis gate",
  "2.9.3" => "South Oasis gate",
  "2.9.4" => "South Oasis gate",
  "2.9.5" => "South Oasis gate",
  "2.9.6" => "South Oasis gate",
  "2.9.7" => "South Oasis gate",
  "2.9.8" => "South Oasis gate",
  "2.10.0" => "South Oasis gate",
  "2.10.1" => "South Oasis gate",
  "2.10.2" => "South Oasis gate",
  "2.10.3" => "South Oasis gate",
  "2.10.4" => "South Oasis gate",
  "2.10.5" => "South Oasis gate",
  "2.10.6" => "South Oasis gate",
  "2.10.7" => "South Oasis gate",
  "2.10.8" => "South Oasis gate",
  "2.11.0" => "Clifftop Keep gate",
  "2.11.1" => "Clifftop Keep gate",
  "2.11.2" => "Clifftop Keep gate",
  "2.11.3" => "Clifftop Keep gate",
  "2.11.4" => "Clifftop Keep gate",
  "2.11.5" => "Clifftop Keep gate",
  "2.11.6" => "Clifftop Keep gate",
  "2.11.7" => "Clifftop Keep gate",
  "2.11.8" => "Clifftop Keep gate",
  "2.12.0" => "Clifftop Keep gate",
  "2.12.1" => "Clifftop Keep gate",
  "2.12.2" => "Clifftop Keep gate",
  "2.12.3" => "Clifftop Keep gate",
  "2.12.4" => "Clifftop Keep gate",
  "2.12.5" => "Clifftop Keep gate",
  "2.12.6" => "Clifftop Keep gate",
  "2.12.7" => "Clifftop Keep gate",
  "2.12.8" => "Clifftop Keep gate",
  "2.13.0" => "Clifftop Keep gate",
  "2.13.1" => "Clifftop Keep gate",
  "2.13.2" => "Clifftop Keep gate",
  "2.13.3" => "Clifftop Keep gate",
  "2.13.4" => "Clifftop Keep gate",
  "2.13.5" => "Clifftop Keep gate",
  "2.13.6" => "Clifftop Keep gate",
  "2.13.7" => "Clifftop Keep gate",
  "2.13.8" => "Clifftop Keep gate",
  "2.14.0" => "North Oasis gate",
  "2.14.1" => "North Oasis gate",
  "2.14.2" => "North Oasis gate",
  "2.14.3" => "North Oasis gate",
  "2.14.4" => "North Oasis gate",
  "2.14.5" => "North Oasis gate",
  "2.14.6" => "North Oasis gate",
  "2.14.7" => "North Oasis gate",
  "2.14.8" => "North Oasis gate",
  "2.15.0" => "North Oasis gate",
  "2.15.1" => "North Oasis gate",
  "2.15.2" => "North Oasis gate",
  "2.15.3" => "North Oasis gate",
  "2.15.4" => "North Oasis gate",
  "2.15.5" => "North Oasis gate",
  "2.15.6" => "North Oasis gate",
  "2.15.7" => "North Oasis gate",
  "2.15.8" => "North Oasis gate",
  "2.16.0" => "Central Keep gate",
  "2.16.1" => "Central Keep gate",
  "2.16.2" => "Central Keep gate",
  "2.16.3" => "Central Keep gate",
  "2.16.4" => "Central Keep gate",
  "2.16.5" => "Central Keep gate",
  "2.16.6" => "Central Keep gate",
  "2.16.7" => "Central Keep gate",
  "2.16.8" => "Central Keep gate",
  "2.17.0" => "Rockface Keep gate",
  "2.17.1" => "Rockface Keep gate",
  "2.17.2" => "Rockface Keep gate",
  "2.17.3" => "Rockface Keep gate",
  "2.17.4" => "Rockface Keep gate",
  "2.17.5" => "Rockface Keep gate",
  "2.17.6" => "Rockface Keep gate",
  "2.17.7" => "Rockface Keep gate",
  "2.17.8" => "Rockface Keep gate",
  "2.18.0" => "Rockface Keep gate",
  "2.18.1" => "Rockface Keep gate",
  "2.18.2" => "Rockface Keep gate",
  "2.18.3" => "Rockface Keep gate",
  "2.18.4" => "Rockface Keep gate",
  "2.18.5" => "Rockface Keep gate",
  "2.18.6" => "Rockface Keep gate",
  "2.18.7" => "Rockface Keep gate",
  "2.18.8" => "Rockface Keep gate",
  "2.19.0" => "Rockface Keep gate",
  "2.19.1" => "Rockface Keep gate",
  "2.19.2" => "Rockface Keep gate",
  "2.19.3" => "Rockface Keep gate",
  "2.19.4" => "Rockface Keep gate",
  "2.19.5" => "Rockface Keep gate",
  "2.19.6" => "Rockface Keep gate",
  "2.19.7" => "Rockface Keep gate",
  "2.19.8" => "Rockface Keep gate",
  "2.20.0" => "Arbiter's Keep gate",
  "2.20.1" => "Arbiter's Keep gate",
  "2.20.2" => "Arbiter's Keep gate",
  "2.20.3" => "Arbiter's Keep gate",
  "2.20.4" => "Arbiter's Keep gate",
  "2.20.5" => "Arbiter's Keep gate",
  "2.20.6" => "Arbiter's Keep gate",
  "2.20.7" => "Arbiter's Keep gate",
  "2.20.8" => "Arbiter's Keep gate",
  "2.21.0" => "Arbiter's Keep gate",
  "2.21.1" => "Arbiter's Keep gate",
  "2.21.2" => "Arbiter's Keep gate",
  "2.21.3" => "Arbiter's Keep gate",
  "2.21.4" => "Arbiter's Keep gate",
  "2.21.5" => "Arbiter's Keep gate",
  "2.21.6" => "Arbiter's Keep gate",
  "2.21.7" => "Arbiter's Keep gate",
  "2.21.8" => "Arbiter's Keep gate",
  "2.22.0" => "Arbiter's Keep gate",
  "2.22.1" => "Arbiter's Keep gate",
  "2.22.2" => "Arbiter's Keep gate",
  "2.22.3" => "Arbiter's Keep gate",
  "2.22.4" => "Arbiter's Keep gate",
  "2.22.5" => "Arbiter's Keep gate",
  "2.22.6" => "Arbiter's Keep gate",
  "2.22.7" => "Arbiter's Keep gate",
  "2.22.8" => "Arbiter's Keep gate",
  "2.23.0" => "Arbiter's Keep gate",
  "2.23.1" => "Arbiter's Keep gate",
  "2.23.2" => "Arbiter's Keep gate",
  "2.23.3" => "Arbiter's Keep gate",
  "2.23.4" => "Arbiter's Keep gate",
  "2.23.5" => "Arbiter's Keep gate",
  "2.23.6" => "Arbiter's Keep gate",
  "2.23.7" => "Arbiter's Keep gate",
  "2.23.8" => "Arbiter's Keep gate",
  "2.24.0" => "Sacred Grounds gate",
  "2.24.1" => "Sacred Grounds gate",
  "2.24.2" => "Sacred Grounds gate",
  "2.24.3" => "Sacred Grounds gate",
  "2.24.4" => "Sacred Grounds gate",
  "2.24.5" => "Sacred Grounds gate",
  "2.24.6" => "Sacred Grounds gate",
  "2.24.7" => "Sacred Grounds gate",
  "2.24.8" => "Sacred Grounds gate",
  "2.25.0" => "Sacred Grounds gate",
  "2.25.1" => "Sacred Grounds gate",
  "2.25.2" => "Sacred Grounds gate",
  "2.25.3" => "Sacred Grounds gate",
  "2.25.4" => "Sacred Grounds gate",
  "2.25.5" => "Sacred Grounds gate",
  "2.25.6" => "Sacred Grounds gate",
  "2.25.7" => "Sacred Grounds gate",
  "2.25.8" => "Sacred Grounds gate",
  "2.26.0" => "Settlement gate",
  "2.26.1" => "Settlement gate",
  "2.26.2" => "Settlement gate",
  "2.26.3" => "Settlement gate",
  "2.26.4" => "Settlement gate",
  "2.26.5" => "Settlement gate",
  "2.26.6" => "Settlement gate",
  "2.26.7" => "Settlement gate",
  "2.26.8" => "Settlement gate",
  "2.27.0" => "Settlement gate",
  "2.27.1" => "Settlement gate",
  "2.27.2" => "Settlement gate",
  "2.27.3" => "Settlement gate",
  "2.27.4" => "Settlement gate",
  "2.27.5" => "Settlement gate",
  "2.27.6" => "Settlement gate",
  "2.27.7" => "Settlement gate",
  "2.27.8" => "Settlement gate",
  "2.28.0" => "South Prison",
  "2.28.1" => "South Prison",
  "2.28.2" => "South Prison",
  "2.28.3" => "South Prison",
  "2.28.4" => "South Prison",
  "2.28.5" => "South Prison",
  "2.28.6" => "South Prison",
  "2.28.7" => "South Prison",
  "2.28.8" => "South Prison",
  "2.29.0" => "East Prison",
  "2.29.1" => "East Prison",
  "2.29.2" => "East Prison",
  "2.29.3" => "East Prison",
  "2.29.4" => "East Prison",
  "2.29.5" => "East Prison",
  "2.29.6" => "East Prison",
  "2.29.7" => "East Prison",
  "2.29.8" => "East Prison",
  "2.30.0" => "North Prison",
  "2.30.1" => "North Prison",
  "2.30.2" => "North Prison",
  "2.30.3" => "North Prison",
  "2.30.4" => "North Prison",
  "2.30.5" => "North Prison",
  "2.30.6" => "North Prison",
  "2.30.7" => "North Prison",
  "2.30.8" => "North Prison",
  "2.31.0" => "Prison East Path gate",
  "2.31.1" => "Prison East Path gate",
  "2.31.2" => "Prison East Path gate",
  "2.31.3" => "Prison East Path gate",
  "2.31.4" => "Prison East Path gate",
  "2.31.5" => "Prison East Path gate",
  "2.31.6" => "Prison East Path gate",
  "2.31.7" => "Prison East Path gate",
  "2.31.8" => "Prison East Path gate",
  "2.32.0" => "Prison South Path gate",
  "2.32.1" => "Prison South Path gate",
  "2.32.2" => "Prison South Path gate",
  "2.32.3" => "Prison South Path gate",
  "2.32.4" => "Prison South Path gate",
  "2.32.5" => "Prison South Path gate",
  "2.32.6" => "Prison South Path gate",
  "2.32.7" => "Prison South Path gate",
  "2.32.8" => "Prison South Path gate",
  "2.33.0" => "Central Desert gate",
  "2.33.1" => "Central Desert gate",
  "2.33.2" => "Central Desert gate",
  "2.33.3" => "Central Desert gate",
  "2.33.4" => "Central Desert gate",
  "2.33.5" => "Central Desert gate",
  "2.33.6" => "Central Desert gate",
  "2.33.7" => "Central Desert gate",
  "2.33.8" => "Central Desert gate",
  "2.34.0" => "North Desert gate",
  "2.34.1" => "North Desert gate",
  "2.34.2" => "North Desert gate",
  "2.34.3" => "North Desert gate",
  "2.34.4" => "North Desert gate",
  "2.34.5" => "North Desert gate",
  "2.34.6" => "North Desert gate",
  "2.34.7" => "North Desert gate",
  "2.34.8" => "North Desert gate",
  "2.40.0" => "Castle Keep gate",
  "2.41.0" => "Castle Keep gate",
  "2.42.0" => "Abandoned Fort gate",
  "2.43.0" => "Abandoned Fort gate",
  "2.44.0" => "W. Rockface Keep gate",
  "2.45.0" => "W. Rockface Keep gate",
  "2.46.0" => "W. Rockface Keep gate",
  "2.47.0" => "Central Keep gate",
  "2.48.0" => "Central Keep gate",
  "2.49.0" => "Central Keep gate",
  "2.50.0" => "West Field Keep gate",
  "2.51.0" => "West Field Keep gate",
  "2.52.0" => "West Field Keep gate",
  "2.53.0" => "North Field Keep gate",
  "2.54.0" => "North Field Keep gate",
  "2.55.0" => "East Field Keep gate",
  "2.56.0" => "East Field Keep gate",
  "2.57.0" => "South Field Keep gate",
  "2.58.0" => "South Field Keep gate",
  "2.59.0" => "Fairy Fountain gate",
  "2.60.0" => "Mountain Keep gate",
  "2.61.0" => "Castle Keep door",
  "2.62.0" => "South Bridge gate",
  "2.63.0" => "W. Rockface Keep gate",
  "2.64.0" => "North Bridge gate",
  "2.80.0" => "Deku Tree gate",
  "2.81.0" => "Deku Tree gate",
  "2.82.0" => "Deku Tree gate",
  "2.83.0" => "Deku Tree gate",
  "2.84.0" => "South Square gate",
  "2.85.0" => "South Square gate",
  "2.86.0" => "South Square gate",
  "2.87.0" => "West Square gate",
  "2.88.0" => "West Square gate",
  "2.89.0" => "West Square gate",
  "2.90.0" => "Southern Tree gate",
  "2.91.0" => "Southern Tree gate",
  "2.92.0" => "Southern Tree gate",
  "2.93.0" => "Southeast Tree gate",
  "2.94.0" => "Southeast Tree gate",
  "2.95.0" => "Southeast Tree gate",
  "2.96.0" => "Western Tree gate",
  "2.97.0" => "Western Tree gate",
  "2.98.0" => "Western Tree gate",
  "2.99.0" => "Eastern Tree gate",
  "2.100.0" => "Eastern Tree gate",
  "2.101.0" => "Eastern Tree gate",
  "2.102.0" => "Eastern Tree gate",
  "2.103.0" => "Fairy Fountain gate",
  "2.104.0" => "North Square gate",
  "2.105.0" => "North Square gate",
  "2.106.0" => "Enemy Base gate",
  "2.107.0" => "Western gate",
  "2.108.0" => "Northern gate",
  "2.109.0" => "Bridge gate",
  "2.110.0" => "Hidden Room gate",
  "3.0.0" => "Defeat A2GhirahimR!",
  "3.1.0" => "Rendezvous with
A0%1sF6R!",
  "3.2.0" => "Hunt down A2GhirahimR
and A2ZantR!",
  "3.3.0" => "Rendezvous with
A1LinkR!",
  "3.4.0" => "Defeat all
A2Keep SaboteursR!",
  "3.5.0" => "Defeat the A2Rally CaptainR and
A2Skilled SummonerR!",
  "3.6.0" => "Capture the
A2Central Desert KeepR!",
}