Map {
  "0.0.0" => "Defeat A0%1sF2R!",
  "0.1.0" => "Capture A2Central SquareR or A2S. Rockface KeepR!",
  "0.2.0" => "You have captured C2%1sF4R!",
  "0.3.0" => "A0%1sF0R is open!",
  "0.4.0" => "A0%1sF1R have allied with A0%2sF7R!",
  "0.5.0" => "Defeat conditions have changed!",
  "0.6.0" => "Don't let A0%1sF4R flee!",
  "0.7.0" => "A0%1sF0R is advancing toward A0%2sF6R!",
  "0.8.0" => "C2%1sF0R and C2%2sF0R are open!",
  "0.9.0" => "Watch out! A0%2sF6R is heading toward A0%1sF6R!",
  "0.10.0" => "Don't let A0%1sF6R fall!",
  "0.11.0" => "You have defeated A0%1sF4R!",
  "0.12.0" => "Defeat A0%1sF2R!",
  "0.13.0" => "A0%1sF1R have lost the battle!",
  "0.14.0" => "You defeated A0%1sF4R and A0%2sF4R!",
  "0.15.0" => "A0%1sF0R has reappeared!",
  "0.16.0" => "A0%1sF1R have allied with A0%2sF7R!",
  "0.17.0" => "A0%1sF1R have become hostile to A0%2sF7R!",
  "0.18.0" => "Don't let A0%1sF4R flee or the A0%2sF6R fall!",
  "0.19.0" => "Defeat A0%1sF2R!",
  "0.20.0" => "A0%1sF0R has become stronger!",
  "0.21.0" => "A5Skyloft ForcesR' keeps are open!",
  "0.22.0" => "Reinforcements for A5Skyloft ForcesR have appeared!",
  "0.23.0" => "Capture keeps controlled by A0%1sF5R to stop incoming reinforcements!",
  "0.24.0" => "A0%1sF5R have stopped receiving reinforcements!",
  "0.25.0" => "A0%1sF1R have lost morale!",
  "0.26.0" => "C1%1sF0R has fallen to A0%2sF7R!",
  "0.27.0" => "Victory conditions have changed!",
  "0.28.0" => "A0%1sF4R has become weaker!",
  "0.29.0" => "A0%1sF1R have gained morale!",
  "0.30.0" => "You have captured A6Statue KeepR!",
  "0.31.0" => "You have captured the A6Fairy FountainR!",
  "0.32.0" => "You have captured C2%1sF0R!",
  "0.33.0" => "Not Used",
  "0.34.0" => "A0%1sF0R has temporarily retreated!",
  "0.35.0" => "A0%1sF0R has reappeared!",
  "0.36.0" => "A A6Gold SkulltulaR has appeared on the battlefield!",
  "0.37.0" => "Find the A6Gold SkulltulaR!",
  "0.38.0" => "You defeated a A6Gold SkulltulaR!",
  "0.39.0" => "The A6Gold SkulltulaR is about to flee!",
  "0.40.0" => "The A6Gold SkulltulaR has fled!",
  "0.41.0" => "A0%1sF0R is open!",
  "0.42.0" => "A0%1sF0R is open!",
  "0.43.0" => "A0%1sF0R has fled!",
  "0.44.0" => "A0%1sF1R have made contact with A0%2sF7R!",
  "0.45.0" => "Capture the remaining A5Statue KeepsR!",
  "0.46.0" => "Capture the remaining A5Fairy FountainsR!",
  "0.47.0" => "A0%1sF0R has retreated to A0%2sF6R!",
  "0.48.0" => "A0%1sF1R are advancing toward A0%2sF6R!",
  "0.49.0" => "A0%1sF0R is advancing toward A0%2sF6R!",
  "0.50.0" => "A0%1sF0R and A0%2sF2R are fighting!",
  "0.51.0" => "Defeat A0%1sF2R immediately!",
  "0.52.0" => "A0%1sF1R improved their morale and are advancing toward A0%2sF6R!",
  "0.53.0" => "A5Powerful enemy troopsR appeared and are advancing toward A0%1sF6R!",
  "0.54.0" => "A0%1sF1R appeared!",
  "0.55.0" => "A0%1sF0R is advancing!",
  "0.56.0" => "Capture the keeps belonging to A0%1sF5R immediately!",
  "0.57.0" => "You defeated all the A0%1sF5R!",
  "0.58.0" => "A0%1sF0R appeared and is advancing toward A0%2sF6R!",
  "0.59.0" => "A faction of A0%1sF1R is advancing toward A0%2sF6R!",
  "0.60.0" => "A0%1sF4R safely reached the destination!",
  "0.61.0" => "A0%1sF0R placed a A6Magic JarR on the battlefield and then retreated!",
  "0.62.0" => "A5Skyloft ForcesR caused A0%1sF0R to flee!",
  "0.63.0" => "Capture the remaining keeps!",
  "0.64.0" => "You captured the A6three vital keepsR!",
  "0.65.0" => "You captured A0%1sF2R!",
  "0.66.0" => "Capture A0%1sF2R next!",
  "0.67.0" => "A0%1sF0R are advancing!",
  "0.68.0" => "You captured C4%1sF4R!",
  "0.69.0" => "Gather near A0%1sF2R!",
  "0.70.0" => "A0%1sF0R retreated to the A5Other Forces' BaseR!",
  "0.71.0" => "Don't let A0%1sF6R fall!",
  "0.72.0" => "A5Town Center KeepR was captured!",
  "1.0.0" => "Other Forces' Base",
  "1.0.1" => "Other Forces' Base",
  "1.0.2" => "Other Forces' Base",
  "1.0.3" => "Other Forces' Base",
  "1.0.4" => "Other Forces' Base",
  "1.0.5" => "Other Forces' Base",
  "1.0.6" => "Other Forces' Base",
  "1.0.7" => "Other Forces' Base",
  "1.0.8" => "Other Forces' Base",
  "1.1.0" => "Town Center Keep",
  "1.1.1" => "Town Center Keep",
  "1.1.2" => "Town Center Keep",
  "1.1.3" => "Town Center Keep",
  "1.1.4" => "Town Center Keep",
  "1.1.5" => "Town Center Keep",
  "1.1.6" => "Town Center Keep",
  "1.1.7" => "Town Center Keep",
  "1.1.8" => "Town Center Keep",
  "1.2.0" => "Statue Keep",
  "1.2.1" => "Statue Keep",
  "1.2.2" => "Statue Keep",
  "1.2.3" => "Statue Keep",
  "1.2.4" => "Statue Keep",
  "1.2.5" => "Statue Keep",
  "1.2.6" => "Statue Keep",
  "1.2.7" => "Statue Keep",
  "1.2.8" => "Statue Keep",
  "1.3.0" => "Academy Keep",
  "1.3.1" => "Academy Keep",
  "1.3.2" => "Academy Keep",
  "1.3.3" => "Academy Keep",
  "1.3.4" => "Academy Keep",
  "1.3.5" => "Academy Keep",
  "1.3.6" => "Academy Keep",
  "1.3.7" => "Academy Keep",
  "1.3.8" => "Academy Keep",
  "1.4.0" => "West Town Keep",
  "1.4.1" => "West Town Keep",
  "1.4.2" => "West Town Keep",
  "1.4.3" => "West Town Keep",
  "1.4.4" => "West Town Keep",
  "1.4.5" => "West Town Keep",
  "1.4.6" => "West Town Keep",
  "1.4.7" => "West Town Keep",
  "1.4.8" => "West Town Keep",
  "1.5.0" => "Central Square",
  "1.5.1" => "Central Square",
  "1.5.2" => "Central Square",
  "1.5.3" => "Central Square",
  "1.5.4" => "Central Square",
  "1.5.5" => "Central Square",
  "1.5.6" => "Central Square",
  "1.5.7" => "Central Square",
  "1.5.8" => "Central Square",
  "1.6.0" => "S. Rockface Keep",
  "1.6.1" => "S. Rockface Keep",
  "1.6.2" => "S. Rockface Keep",
  "1.6.3" => "S. Rockface Keep",
  "1.6.4" => "S. Rockface Keep",
  "1.6.5" => "S. Rockface Keep",
  "1.6.6" => "S. Rockface Keep",
  "1.6.7" => "S. Rockface Keep",
  "1.6.8" => "S. Rockface Keep",
  "1.7.0" => "N. Rockface Keep",
  "1.7.1" => "N. Rockface Keep",
  "1.7.2" => "N. Rockface Keep",
  "1.7.3" => "N. Rockface Keep",
  "1.7.4" => "N. Rockface Keep",
  "1.7.5" => "N. Rockface Keep",
  "1.7.6" => "N. Rockface Keep",
  "1.7.7" => "N. Rockface Keep",
  "1.7.8" => "N. Rockface Keep",
  "1.8.0" => "Fairy Fountain",
  "1.8.1" => "Fairy Fountain",
  "1.8.2" => "Fairy Fountain",
  "1.8.3" => "Fairy Fountain",
  "1.8.4" => "Fairy Fountain",
  "1.8.5" => "Fairy Fountain",
  "1.8.6" => "Fairy Fountain",
  "1.8.7" => "Fairy Fountain",
  "1.8.8" => "Fairy Fountain",
  "1.9.0" => "Allied Base",
  "1.9.1" => "Allied Base",
  "1.9.2" => "Allied Base",
  "1.9.3" => "Allied Base",
  "1.9.4" => "Allied Base",
  "1.9.5" => "Allied Base",
  "1.9.6" => "Allied Base",
  "1.9.7" => "Allied Base",
  "1.9.8" => "Allied Base",
  "1.40.0" => "Enemy Base",
  "1.41.0" => "East Temple",
  "1.42.0" => "West Ruins",
  "1.43.0" => "West Keep",
  "1.44.0" => "East Keep",
  "1.45.0" => "West Temple",
  "1.46.0" => "Western Room",
  "1.47.0" => "Eastern Room",
  "1.48.0" => "Allied Base",
  "1.49.0" => "Fairy Fountain",
  "2.0.0" => "Other Base gate",
  "2.0.1" => "Other Base gate",
  "2.0.2" => "Other Base gate",
  "2.0.3" => "Other Base gate",
  "2.0.4" => "Other Base gate",
  "2.0.5" => "Other Base gate",
  "2.0.6" => "Other Base gate",
  "2.0.7" => "Other Base gate",
  "2.0.8" => "Other Base gate",
  "2.1.0" => "Other Base gate",
  "2.1.1" => "Other Base gate",
  "2.1.2" => "Other Base gate",
  "2.1.3" => "Other Base gate",
  "2.1.4" => "Other Base gate",
  "2.1.5" => "Other Base gate",
  "2.1.6" => "Other Base gate",
  "2.1.7" => "Other Base gate",
  "2.1.8" => "Other Base gate",
  "2.2.0" => "Town Center Keep gate",
  "2.2.1" => "Town Center Keep gate",
  "2.2.2" => "Town Center Keep gate",
  "2.2.3" => "Town Center Keep gate",
  "2.2.4" => "Town Center Keep gate",
  "2.2.5" => "Town Center Keep gate",
  "2.2.6" => "Town Center Keep gate",
  "2.2.7" => "Town Center Keep gate",
  "2.2.8" => "Town Center Keep gate",
  "2.3.0" => "Town Center Keep gate",
  "2.3.1" => "Town Center Keep gate",
  "2.3.2" => "Town Center Keep gate",
  "2.3.3" => "Town Center Keep gate",
  "2.3.4" => "Town Center Keep gate",
  "2.3.5" => "Town Center Keep gate",
  "2.3.6" => "Town Center Keep gate",
  "2.3.7" => "Town Center Keep gate",
  "2.3.8" => "Town Center Keep gate",
  "2.4.0" => "Statue Keep gate",
  "2.4.1" => "Statue Keep gate",
  "2.4.2" => "Statue Keep gate",
  "2.4.3" => "Statue Keep gate",
  "2.4.4" => "Statue Keep gate",
  "2.4.5" => "Statue Keep gate",
  "2.4.6" => "Statue Keep gate",
  "2.4.7" => "Statue Keep gate",
  "2.4.8" => "Statue Keep gate",
  "2.5.0" => "Academy Keep gate",
  "2.5.1" => "Academy Keep gate",
  "2.5.2" => "Academy Keep gate",
  "2.5.3" => "Academy Keep gate",
  "2.5.4" => "Academy Keep gate",
  "2.5.5" => "Academy Keep gate",
  "2.5.6" => "Academy Keep gate",
  "2.5.7" => "Academy Keep gate",
  "2.5.8" => "Academy Keep gate",
  "2.6.0" => "Academy Keep gate",
  "2.6.1" => "Academy Keep gate",
  "2.6.2" => "Academy Keep gate",
  "2.6.3" => "Academy Keep gate",
  "2.6.4" => "Academy Keep gate",
  "2.6.5" => "Academy Keep gate",
  "2.6.6" => "Academy Keep gate",
  "2.6.7" => "Academy Keep gate",
  "2.6.8" => "Academy Keep gate",
  "2.7.0" => "Academy Keep gate",
  "2.7.1" => "Academy Keep gate",
  "2.7.2" => "Academy Keep gate",
  "2.7.3" => "Academy Keep gate",
  "2.7.4" => "Academy Keep gate",
  "2.7.5" => "Academy Keep gate",
  "2.7.6" => "Academy Keep gate",
  "2.7.7" => "Academy Keep gate",
  "2.7.8" => "Academy Keep gate",
  "2.8.0" => "West Town Keep gate",
  "2.8.1" => "West Town Keep gate",
  "2.8.2" => "West Town Keep gate",
  "2.8.3" => "West Town Keep gate",
  "2.8.4" => "West Town Keep gate",
  "2.8.5" => "West Town Keep gate",
  "2.8.6" => "West Town Keep gate",
  "2.8.7" => "West Town Keep gate",
  "2.8.8" => "West Town Keep gate",
  "2.9.0" => "West Town Keep gate",
  "2.9.1" => "West Town Keep gate",
  "2.9.2" => "West Town Keep gate",
  "2.9.3" => "West Town Keep gate",
  "2.9.4" => "West Town Keep gate",
  "2.9.5" => "West Town Keep gate",
  "2.9.6" => "West Town Keep gate",
  "2.9.7" => "West Town Keep gate",
  "2.9.8" => "West Town Keep gate",
  "2.10.0" => "Central Square gate",
  "2.10.1" => "Central Square gate",
  "2.10.2" => "Central Square gate",
  "2.10.3" => "Central Square gate",
  "2.10.4" => "Central Square gate",
  "2.10.5" => "Central Square gate",
  "2.10.6" => "Central Square gate",
  "2.10.7" => "Central Square gate",
  "2.10.8" => "Central Square gate",
  "2.11.0" => "Central Square gate",
  "2.11.1" => "Central Square gate",
  "2.11.2" => "Central Square gate",
  "2.11.3" => "Central Square gate",
  "2.11.4" => "Central Square gate",
  "2.11.5" => "Central Square gate",
  "2.11.6" => "Central Square gate",
  "2.11.7" => "Central Square gate",
  "2.11.8" => "Central Square gate",
  "2.12.0" => "Central Square gate",
  "2.12.1" => "Central Square gate",
  "2.12.2" => "Central Square gate",
  "2.12.3" => "Central Square gate",
  "2.12.4" => "Central Square gate",
  "2.12.5" => "Central Square gate",
  "2.12.6" => "Central Square gate",
  "2.12.7" => "Central Square gate",
  "2.12.8" => "Central Square gate",
  "2.13.0" => "S. Rockface Keep gate",
  "2.13.1" => "S. Rockface Keep gate",
  "2.13.2" => "S. Rockface Keep gate",
  "2.13.3" => "S. Rockface Keep gate",
  "2.13.4" => "S. Rockface Keep gate",
  "2.13.5" => "S. Rockface Keep gate",
  "2.13.6" => "S. Rockface Keep gate",
  "2.13.7" => "S. Rockface Keep gate",
  "2.13.8" => "S. Rockface Keep gate",
  "2.14.0" => "S. Rockface Keep gate",
  "2.14.1" => "S. Rockface Keep gate",
  "2.14.2" => "S. Rockface Keep gate",
  "2.14.3" => "S. Rockface Keep gate",
  "2.14.4" => "S. Rockface Keep gate",
  "2.14.5" => "S. Rockface Keep gate",
  "2.14.6" => "S. Rockface Keep gate",
  "2.14.7" => "S. Rockface Keep gate",
  "2.14.8" => "S. Rockface Keep gate",
  "2.15.0" => "N. Rockface Keep gate",
  "2.15.1" => "N. Rockface Keep gate",
  "2.15.2" => "N. Rockface Keep gate",
  "2.15.3" => "N. Rockface Keep gate",
  "2.15.4" => "N. Rockface Keep gate",
  "2.15.5" => "N. Rockface Keep gate",
  "2.15.6" => "N. Rockface Keep gate",
  "2.15.7" => "N. Rockface Keep gate",
  "2.15.8" => "N. Rockface Keep gate",
  "2.16.0" => "N. Rockface Keep gate",
  "2.16.1" => "N. Rockface Keep gate",
  "2.16.2" => "N. Rockface Keep gate",
  "2.16.3" => "N. Rockface Keep gate",
  "2.16.4" => "N. Rockface Keep gate",
  "2.16.5" => "N. Rockface Keep gate",
  "2.16.6" => "N. Rockface Keep gate",
  "2.16.7" => "N. Rockface Keep gate",
  "2.16.8" => "N. Rockface Keep gate",
  "2.17.0" => "Fairy Fountain gate",
  "2.17.1" => "Fairy Fountain gate",
  "2.17.2" => "Fairy Fountain gate",
  "2.17.3" => "Fairy Fountain gate",
  "2.17.4" => "Fairy Fountain gate",
  "2.17.5" => "Fairy Fountain gate",
  "2.17.6" => "Fairy Fountain gate",
  "2.17.7" => "Fairy Fountain gate",
  "2.17.8" => "Fairy Fountain gate",
  "2.18.0" => "Allied Base gate",
  "2.18.1" => "Allied Base gate",
  "2.18.2" => "Allied Base gate",
  "2.18.3" => "Allied Base gate",
  "2.18.4" => "Allied Base gate",
  "2.18.5" => "Allied Base gate",
  "2.18.6" => "Allied Base gate",
  "2.18.7" => "Allied Base gate",
  "2.18.8" => "Allied Base gate",
  "2.19.0" => "Allied Base gate",
  "2.19.1" => "Allied Base gate",
  "2.19.2" => "Allied Base gate",
  "2.19.3" => "Allied Base gate",
  "2.19.4" => "Allied Base gate",
  "2.19.5" => "Allied Base gate",
  "2.19.6" => "Allied Base gate",
  "2.19.7" => "Allied Base gate",
  "2.19.8" => "Allied Base gate",
  "2.40.0" => "Enemy Base gate",
  "2.41.0" => "Enemy Base gate",
  "2.42.0" => "Enemy Base gate",
  "2.43.0" => "Unused",
  "2.44.0" => "East Temple gate",
  "2.45.0" => "East Temple gate",
  "2.46.0" => "East Temple gate",
  "2.47.0" => "West Ruins gate",
  "2.48.0" => "West Ruins gate",
  "2.49.0" => "West Ruins gate",
  "2.50.0" => "West Keep gate",
  "2.51.0" => "West Keep gate",
  "2.52.0" => "West Keep gate",
  "2.53.0" => "East Keep gate",
  "2.54.0" => "East Keep gate",
  "2.55.0" => "West Temple gate",
  "2.56.0" => "West Temple gate",
  "2.57.0" => "Western Room gate",
  "2.58.0" => "Western Room gate",
  "2.59.0" => "Western Room gate",
  "2.60.0" => "Eastern Room gate",
  "2.61.0" => "Eastern Room gate",
  "2.62.0" => "Eastern Room gate",
  "2.63.0" => "Allied Base gate",
  "2.64.0" => "Fairy Fountain gate",
  "2.65.0" => "East Bridge gate",
  "2.66.0" => "West Bridge gate",
  "2.67.0" => "Ruined gate",
  "2.105.0" => "North Square gate",
  "2.106.0" => "Dark Forest Keep gate",
  "2.107.0" => "Western gate",
  "2.108.0" => "Northern gate",
  "2.109.0" => "Bridge gate",
  "2.110.0" => "Hidden Room gate",
  "3.0.0" => "Defeat A2The ImprisonedR!",
  "3.1.0" => "Defeat A5FiR!",
  "3.2.0" => "Defeat A2GhirahimR!",
  "3.3.0" => "Capture the A6three keepsR!",
  "3.4.0" => "Defeat all
A5Keep SaboteursR!",
  "3.5.0" => "Escort A1Supply TroopR to
the A6Academy KeepR!",
}