Map {
  "0.0.0" => "Capture C2%1sF2R!",
  "0.1.0" => "A0%1sF0R changed route!",
  "0.3.0" => "A0%1sF0R is battling with A0%2sF2R!",
  "0.4.0" => "A0%1sF0R is losing a battle with A0%2sF2R!",
  "0.5.0" => "Protect A0%1sF2R!",
  "0.6.0" => "A0%1sF0R fled from the battlefield!",
  "0.7.0" => "A0%2sF2R's retreat has improved A0%1sF0R's morale!",
  "0.8.0" => "You rescued A0%1sF4R!",
  "0.9.0" => "A0%1sF4R's rescue was unsuccessful!",
  "0.10.0" => "A0%1sF1R have captured C2%2sF2R!",
  "0.12.0" => "Recapture C2%2sF2R from A0%1sF7R!",
  "0.13.0" => "A0%1sF1R have recaptured C2%2sF2R!",
  "0.17.0" => "You captured A6both keepsR!",
  "0.18.0" => "A0%1sF1R are advancing!",
  "0.19.0" => "A0%1sF1R are fighting A6in front of the ruinsR!",
  "0.20.0" => "A0%1sF0R is advancing to the A6East Ruins BridgeR!",
  "0.21.0" => "A6%1sF0R is open!",
  "0.22.0" => "A0%1sF5R are advancing toward the A1Allied BaseR!",
  "0.23.0" => "A0%1sF0R is advancing to attack A0%2sF3R in the west!",
  "0.24.0" => "A0%1sF5R are advancing toward the A0%2sF2R!",
  "0.25.0" => "The A1engineerR is in trouble! Aid is required!",
  "0.26.0" => "The A1engineerR is in severe trouble! Immediate aid is required!",
  "0.27.0" => "The A0%1sF4R is safe and has lowered the A6East Ruins BridgeR!",
  "0.28.0" => "Cross the A6East Ruins BridgeR and enter the A6Ruins InteriorR!",
  "0.29.0" => "You failed to guard the A0%1sF4R!",
  "0.30.0" => "The plan has failed! A0%1sF5R have suffered a loss of morale!",
  "0.31.0" => "A0%1sF7R have lowered the A6East Ruins BridgeR!",
  "0.32.0" => "A0%2sF4R has fled! A0%1sF5R have improved their morale!",
  "0.33.0" => "Head toward C2%1sF6R!",
  "0.36.0" => "Break through the A6vine wallR and head toward C2%1sF6R!",
  "0.37.0" => "A0%1sF0R has appeared!",
  "0.38.0" => "Victory conditions have changed!",
  "0.39.0" => "Defeat A0%1sF4R to win!",
  "0.40.0" => "A0%1sF0R has temporarily retreated underground!",
  "0.41.0" => "A0%1sF1R have appeared in multiple locations!",
  "0.42.0" => "Defeat the A0%1sF3R while searching for the real A0%2sF4R!",
  "0.43.0" => "A0%1sF1R are advancing after A0%2sF2R's defeat!",
  "0.44.0" => "A0%1sF0R has mounted a A2seed attackR on the A1Allied BaseR!",
  "0.45.0" => "Defeat A0%1sF2R!",
  "0.46.0" => "Defeat A0%1sF2R quickly!",
  "0.47.0" => "A0%1sF2R has been defeated!",
  "0.48.0" => "Defeating the A0%2sF2R has revealed the real A0%1sF4R!",
  "0.49.0" => "You've utterly defeated A0%1sF4R!",
  "0.50.0" => "A0%1sF1R have won the battle!",
  "0.51.0" => "A0%1sF0R has fled!",
  "0.52.0" => "A0%1sF1R were defeated!",
  "0.53.0" => "C1%1sF0R has fallen to A0%2sF7R!",
  "0.54.0" => "A0%1sF1R are advancing toward A0%2sF6R!",
  "0.55.0" => "The A6%1sF0R is open!",
  "0.56.0" => "A0%1sF0R is open! A0%2sF0R is advancing!",
  "0.57.0" => "A0%1sF1R have captured C1%2sF2R!",
  "0.58.0" => "Do not let the A1Allied BaseR fall!",
  "0.59.0" => "A0%1sF1R are advancing toward A0%2sF7R!",
  "0.60.0" => "Continue and capture C2%1sF2R!",
  "0.61.0" => "A0%1sF0R has left the battlefield!",
  "0.62.0" => "You arrived at C2%1sF6R!",
  "0.63.0" => "A A6Gold SkulltulaR has appeared on the battlefield!",
  "0.64.0" => "Find the A6Gold SkulltulaR!",
  "0.65.0" => "You defeated a A6Gold SkulltulaR!",
  "0.66.0" => "The A6Gold SkulltulaR is about to flee!",
  "0.67.0" => "The A6Gold SkulltulaR has fled!",
  "0.68.0" => "A0%1sF0R is advancing toward the A6East Ruins BridgeR!",
  "0.69.0" => "A A6chestR has appeared at A0%1sF6R!",
  "0.70.0" => "A0%1sF0R's morale has improved!",
  "0.71.0" => "A0%1sF0R has appeared!",
  "0.72.0" => "A0%1sF1R have captured C2%2sF2R!",
  "0.73.0" => "A0%1sF0R has begun attacking!",
  "0.74.0" => "A0%1sF5R have received reinforcements!",
  "0.75.0" => "A0%1sF0R has appeared at the A1Allied BaseR!",
  "0.76.0" => "The A0%1sF0R is closed!",
  "0.77.0" => "The A0%1sF0R is open!",
  "0.78.0" => "A0%1sF1R appeared!",
  "0.79.0" => "A0%1sF0R is preparing to summon A2powerful monstersR!",
  "0.80.0" => "A0%1sF0R is preparing to summon backup again!",
  "0.81.0" => "Don't let the A0%1sF0R summon backup!",
  "0.82.0" => "A0%1sF4R and A0%2sF4R are advancing toward A0%3sF7R!",
  "0.83.0" => "You defeated A0%1sF4R and A0%2sF4R!",
  "0.84.0" => "You defeated all the A0%1sF5R!",
  "0.85.0" => "A0%1sF0R summoned A2powerful monstersR!",
  "0.86.0" => "A0%1sF0R summoned A2powerful monstersR again!",
  "0.87.0" => "A0%1sF0R is fighting with A0%2sF2R!",
  "0.88.0" => "A0%1sF1R are advancing toward the A1Allied BaseR!",
  "0.89.0" => "You stopped the A0%1sF5R from invading the A1Allied BaseR!",
  "0.90.0" => "A0%1sF0R invaded the A1Allied BaseR!",
  "0.91.0" => "A0%1sF0R gained morale from the success!",
  "0.92.0" => "You discovered the real A0%1sF4R!",
  "0.93.0" => "A0%1sF0R's defeat caused some forces to withdraw!",
  "0.94.0" => "You can now control A0%1sF2R!",
  "0.95.0" => "A0%1sF0R appeared and is advancing toward C2%2sF6R!",
  "0.96.0" => "You captured C2%1sF6R!",
  "0.97.0" => "Gather near A0%1sF2R!",
  "0.98.0" => "A0%1sF0R are fighting with A0%2sF2R!",
  "0.99.0" => "A0%2sF6R weakened the C1%1sF0R!",
  "0.100.0" => "All A0%1sF1R have left the battlefield!",
  "0.101.0" => "Treasure may be located in A0%1sF6R!",
  "0.102.0" => "A0%1sF1R have invaded C1%2sF0R!",
  "1.0.0" => "Allied Base",
  "1.0.1" => "Allied Base",
  "1.0.2" => "Allied Base",
  "1.0.3" => "Allied Base",
  "1.0.4" => "Allied Base",
  "1.0.5" => "Allied Base",
  "1.0.6" => "Allied Base",
  "1.0.7" => "Allied Base",
  "1.0.8" => "Allied Base",
  "1.1.0" => "East Temple",
  "1.1.1" => "East Temple",
  "1.1.2" => "East Temple",
  "1.1.3" => "East Temple",
  "1.1.4" => "East Temple",
  "1.1.5" => "East Temple",
  "1.1.6" => "East Temple",
  "1.1.7" => "East Temple",
  "1.1.8" => "East Temple",
  "1.2.0" => "West Ruins",
  "1.2.1" => "West Ruins",
  "1.2.2" => "West Ruins",
  "1.2.3" => "West Ruins",
  "1.2.4" => "West Ruins",
  "1.2.5" => "West Ruins",
  "1.2.6" => "West Ruins",
  "1.2.7" => "West Ruins",
  "1.2.8" => "West Ruins",
  "1.3.0" => "West Keep",
  "1.3.1" => "West Keep",
  "1.3.2" => "West Keep",
  "1.3.3" => "West Keep",
  "1.3.4" => "West Keep",
  "1.3.5" => "West Keep",
  "1.3.6" => "West Keep",
  "1.3.7" => "West Keep",
  "1.3.8" => "West Keep",
  "1.4.0" => "East Keep",
  "1.4.1" => "East Keep",
  "1.4.2" => "East Keep",
  "1.4.3" => "East Keep",
  "1.4.4" => "East Keep",
  "1.4.5" => "East Keep",
  "1.4.6" => "East Keep",
  "1.4.7" => "East Keep",
  "1.4.8" => "East Keep",
  "1.5.0" => "West Temple",
  "1.5.1" => "West Temple",
  "1.5.2" => "West Temple",
  "1.5.3" => "West Temple",
  "1.5.4" => "West Temple",
  "1.5.5" => "West Temple",
  "1.5.6" => "West Temple",
  "1.5.7" => "West Temple",
  "1.5.8" => "West Temple",
  "1.6.0" => "Western Room",
  "1.6.1" => "Western Room",
  "1.6.2" => "Western Room",
  "1.6.3" => "Western Room",
  "1.6.4" => "Western Room",
  "1.6.5" => "Western Room",
  "1.6.6" => "Western Room",
  "1.6.7" => "Western Room",
  "1.6.8" => "Western Room",
  "1.7.0" => "Eastern Room",
  "1.7.1" => "Eastern Room",
  "1.7.2" => "Eastern Room",
  "1.7.3" => "Eastern Room",
  "1.7.4" => "Eastern Room",
  "1.7.5" => "Eastern Room",
  "1.7.6" => "Eastern Room",
  "1.7.7" => "Eastern Room",
  "1.7.8" => "Eastern Room",
  "1.8.0" => "Ruins Summit",
  "1.8.1" => "Ruins Summit",
  "1.8.2" => "Ruins Summit",
  "1.8.3" => "Ruins Summit",
  "1.8.4" => "Ruins Summit",
  "1.8.5" => "Ruins Summit",
  "1.8.6" => "Ruins Summit",
  "1.8.7" => "Ruins Summit",
  "1.8.8" => "Ruins Summit",
  "1.9.0" => "Fairy Fountain",
  "1.9.1" => "Fairy Fountain",
  "1.9.2" => "Fairy Fountain",
  "1.9.3" => "Fairy Fountain",
  "1.9.4" => "Fairy Fountain",
  "1.9.5" => "Fairy Fountain",
  "1.9.6" => "Fairy Fountain",
  "1.9.7" => "Fairy Fountain",
  "1.9.8" => "Fairy Fountain",
  "1.40.0" => "Allied Base",
  "1.41.0" => "W. Mountain Keep",
  "1.42.0" => "E. Mountain Keep",
  "1.43.0" => "West Keep",
  "1.44.0" => "East Keep",
  "1.45.0" => "W. Boulder Keep",
  "1.46.0" => "E. Boulder Keep",
  "1.47.0" => "West Goron Keep",
  "1.48.0" => "East Goron Keep",
  "1.49.0" => "Enemy Base",
  "2.0.0" => "Allied Base gate",
  "2.0.1" => "Allied Base gate",
  "2.0.2" => "Allied Base gate",
  "2.0.3" => "Allied Base gate",
  "2.0.4" => "Allied Base gate",
  "2.0.5" => "Allied Base gate",
  "2.0.6" => "Allied Base gate",
  "2.0.7" => "Allied Base gate",
  "2.0.8" => "Allied Base gate",
  "2.1.0" => "Allied Base gate",
  "2.1.1" => "Allied Base gate",
  "2.1.2" => "Allied Base gate",
  "2.1.3" => "Allied Base gate",
  "2.1.4" => "Allied Base gate",
  "2.1.5" => "Allied Base gate",
  "2.1.6" => "Allied Base gate",
  "2.1.7" => "Allied Base gate",
  "2.1.8" => "Allied Base gate",
  "2.2.0" => "Allied Base gate",
  "2.2.1" => "Allied Base gate",
  "2.2.2" => "Allied Base gate",
  "2.2.3" => "Allied Base gate",
  "2.2.4" => "Allied Base gate",
  "2.2.5" => "Allied Base gate",
  "2.2.6" => "Allied Base gate",
  "2.2.7" => "Allied Base gate",
  "2.2.8" => "Allied Base gate",
  "2.4.0" => "East Temple gate",
  "2.4.1" => "East Temple gate",
  "2.4.2" => "East Temple gate",
  "2.4.3" => "East Temple gate",
  "2.4.4" => "East Temple gate",
  "2.4.5" => "East Temple gate",
  "2.4.6" => "East Temple gate",
  "2.4.7" => "East Temple gate",
  "2.4.8" => "East Temple gate",
  "2.5.0" => "East Temple gate",
  "2.5.1" => "East Temple gate",
  "2.5.2" => "East Temple gate",
  "2.5.3" => "East Temple gate",
  "2.5.4" => "East Temple gate",
  "2.5.5" => "East Temple gate",
  "2.5.6" => "East Temple gate",
  "2.5.7" => "East Temple gate",
  "2.5.8" => "East Temple gate",
  "2.6.0" => "East Temple gate",
  "2.6.1" => "East Temple gate",
  "2.6.2" => "East Temple gate",
  "2.6.3" => "East Temple gate",
  "2.6.4" => "East Temple gate",
  "2.6.5" => "East Temple gate",
  "2.6.6" => "East Temple gate",
  "2.6.7" => "East Temple gate",
  "2.6.8" => "East Temple gate",
  "2.7.0" => "West Ruins gate",
  "2.7.1" => "West Ruins gate",
  "2.7.2" => "West Ruins gate",
  "2.7.3" => "West Ruins gate",
  "2.7.4" => "West Ruins gate",
  "2.7.5" => "West Ruins gate",
  "2.7.6" => "West Ruins gate",
  "2.7.7" => "West Ruins gate",
  "2.7.8" => "West Ruins gate",
  "2.8.0" => "West Ruins gate",
  "2.8.1" => "West Ruins gate",
  "2.8.2" => "West Ruins gate",
  "2.8.3" => "West Ruins gate",
  "2.8.4" => "West Ruins gate",
  "2.8.5" => "West Ruins gate",
  "2.8.6" => "West Ruins gate",
  "2.8.7" => "West Ruins gate",
  "2.8.8" => "West Ruins gate",
  "2.9.0" => "West Ruins gate",
  "2.9.1" => "West Ruins gate",
  "2.9.2" => "West Ruins gate",
  "2.9.3" => "West Ruins gate",
  "2.9.4" => "West Ruins gate",
  "2.9.5" => "West Ruins gate",
  "2.9.6" => "West Ruins gate",
  "2.9.7" => "West Ruins gate",
  "2.9.8" => "West Ruins gate",
  "2.10.0" => "West Keep gate",
  "2.10.1" => "West Keep gate",
  "2.10.2" => "West Keep gate",
  "2.10.3" => "West Keep gate",
  "2.10.4" => "West Keep gate",
  "2.10.5" => "West Keep gate",
  "2.10.6" => "West Keep gate",
  "2.10.7" => "West Keep gate",
  "2.10.8" => "West Keep gate",
  "2.11.0" => "West Keep gate",
  "2.11.1" => "West Keep gate",
  "2.11.2" => "West Keep gate",
  "2.11.3" => "West Keep gate",
  "2.11.4" => "West Keep gate",
  "2.11.5" => "West Keep gate",
  "2.11.6" => "West Keep gate",
  "2.11.7" => "West Keep gate",
  "2.11.8" => "West Keep gate",
  "2.12.0" => "West Keep gate",
  "2.12.1" => "West Keep gate",
  "2.12.2" => "West Keep gate",
  "2.12.3" => "West Keep gate",
  "2.12.4" => "West Keep gate",
  "2.12.5" => "West Keep gate",
  "2.12.6" => "West Keep gate",
  "2.12.7" => "West Keep gate",
  "2.12.8" => "West Keep gate",
  "2.13.0" => "East Keep gate",
  "2.13.1" => "East Keep gate",
  "2.13.2" => "East Keep gate",
  "2.13.3" => "East Keep gate",
  "2.13.4" => "East Keep gate",
  "2.13.5" => "East Keep gate",
  "2.13.6" => "East Keep gate",
  "2.13.7" => "East Keep gate",
  "2.13.8" => "East Keep gate",
  "2.14.0" => "East Keep gate",
  "2.14.1" => "East Keep gate",
  "2.14.2" => "East Keep gate",
  "2.14.3" => "East Keep gate",
  "2.14.4" => "East Keep gate",
  "2.14.5" => "East Keep gate",
  "2.14.6" => "East Keep gate",
  "2.14.7" => "East Keep gate",
  "2.14.8" => "East Keep gate",
  "2.15.0" => "West Temple gate",
  "2.15.1" => "West Temple gate",
  "2.15.2" => "West Temple gate",
  "2.15.3" => "West Temple gate",
  "2.15.4" => "West Temple gate",
  "2.15.5" => "West Temple gate",
  "2.15.6" => "West Temple gate",
  "2.15.7" => "West Temple gate",
  "2.15.8" => "West Temple gate",
  "2.16.0" => "West Temple gate",
  "2.16.1" => "West Temple gate",
  "2.16.2" => "West Temple gate",
  "2.16.3" => "West Temple gate",
  "2.16.4" => "West Temple gate",
  "2.16.5" => "West Temple gate",
  "2.16.6" => "West Temple gate",
  "2.16.7" => "West Temple gate",
  "2.16.8" => "West Temple gate",
  "2.17.0" => "Western Room gate",
  "2.17.1" => "Western Room gate",
  "2.17.2" => "Western Room gate",
  "2.17.3" => "Western Room gate",
  "2.17.4" => "Western Room gate",
  "2.17.5" => "Western Room gate",
  "2.17.6" => "Western Room gate",
  "2.17.7" => "Western Room gate",
  "2.17.8" => "Western Room gate",
  "2.18.0" => "Western Room gate",
  "2.18.1" => "Western Room gate",
  "2.18.2" => "Western Room gate",
  "2.18.3" => "Western Room gate",
  "2.18.4" => "Western Room gate",
  "2.18.5" => "Western Room gate",
  "2.18.6" => "Western Room gate",
  "2.18.7" => "Western Room gate",
  "2.18.8" => "Western Room gate",
  "2.19.0" => "Western Room gate",
  "2.19.1" => "Western Room gate",
  "2.19.2" => "Western Room gate",
  "2.19.3" => "Western Room gate",
  "2.19.4" => "Western Room gate",
  "2.19.5" => "Western Room gate",
  "2.19.6" => "Western Room gate",
  "2.19.7" => "Western Room gate",
  "2.19.8" => "Western Room gate",
  "2.20.0" => "Eastern Room gate",
  "2.20.1" => "Eastern Room gate",
  "2.20.2" => "Eastern Room gate",
  "2.20.3" => "Eastern Room gate",
  "2.20.4" => "Eastern Room gate",
  "2.20.5" => "Eastern Room gate",
  "2.20.6" => "Eastern Room gate",
  "2.20.7" => "Eastern Room gate",
  "2.20.8" => "Eastern Room gate",
  "2.21.0" => "Eastern Room gate",
  "2.21.1" => "Eastern Room gate",
  "2.21.2" => "Eastern Room gate",
  "2.21.3" => "Eastern Room gate",
  "2.21.4" => "Eastern Room gate",
  "2.21.5" => "Eastern Room gate",
  "2.21.6" => "Eastern Room gate",
  "2.21.7" => "Eastern Room gate",
  "2.21.8" => "Eastern Room gate",
  "2.22.0" => "Eastern Room gate",
  "2.22.1" => "Eastern Room gate",
  "2.22.2" => "Eastern Room gate",
  "2.22.3" => "Eastern Room gate",
  "2.22.4" => "Eastern Room gate",
  "2.22.5" => "Eastern Room gate",
  "2.22.6" => "Eastern Room gate",
  "2.22.7" => "Eastern Room gate",
  "2.22.8" => "Eastern Room gate",
  "2.23.0" => "Ruins Summit gate",
  "2.23.1" => "Ruins Summit gate",
  "2.23.2" => "Ruins Summit gate",
  "2.23.3" => "Ruins Summit gate",
  "2.23.4" => "Ruins Summit gate",
  "2.23.5" => "Ruins Summit gate",
  "2.23.6" => "Ruins Summit gate",
  "2.23.7" => "Ruins Summit gate",
  "2.23.8" => "Ruins Summit gate",
  "2.24.0" => "Fairy Fountain gate",
  "2.24.1" => "Fairy Fountain gate",
  "2.24.2" => "Fairy Fountain gate",
  "2.24.3" => "Fairy Fountain gate",
  "2.24.4" => "Fairy Fountain gate",
  "2.24.5" => "Fairy Fountain gate",
  "2.24.6" => "Fairy Fountain gate",
  "2.24.7" => "Fairy Fountain gate",
  "2.24.8" => "Fairy Fountain gate",
  "2.25.0" => "East Bridge gate",
  "2.25.1" => "East Bridge gate",
  "2.25.2" => "East Bridge gate",
  "2.25.3" => "East Bridge gate",
  "2.25.4" => "East Bridge gate",
  "2.25.5" => "East Bridge gate",
  "2.25.6" => "East Bridge gate",
  "2.25.7" => "East Bridge gate",
  "2.25.8" => "East Bridge gate",
  "2.26.0" => "West Bridge gate",
  "2.26.1" => "West Bridge gate",
  "2.26.2" => "West Bridge gate",
  "2.26.3" => "West Bridge gate",
  "2.26.4" => "West Bridge gate",
  "2.26.5" => "West Bridge gate",
  "2.26.6" => "West Bridge gate",
  "2.26.7" => "West Bridge gate",
  "2.26.8" => "West Bridge gate",
  "2.27.0" => "Ruined gate",
  "2.27.1" => "Ruined gate",
  "2.27.2" => "Ruined gate",
  "2.27.3" => "Ruined gate",
  "2.27.4" => "Ruined gate",
  "2.27.5" => "Ruined gate",
  "2.27.6" => "Ruined gate",
  "2.27.7" => "Ruined gate",
  "2.27.8" => "Ruined gate",
  "2.40.0" => "Allied Base gate",
  "2.41.0" => "Allied Base gate",
  "2.42.0" => "Allied Base gate",
  "2.43.0" => "W. Mountain Keep gate",
  "2.44.0" => "W. Mountain Keep gate",
  "2.45.0" => "W. Mountain Keep gate",
  "2.46.0" => "E. Mountain Keep gate",
  "2.47.0" => "E. Mountain Keep gate",
  "2.48.0" => "E. Mountain Keep gate",
  "2.49.0" => "West Keep gate",
  "2.50.0" => "West Keep gate",
  "2.51.0" => "East Keep gate",
  "2.52.0" => "East Keep gate",
  "2.53.0" => "W. Boulder Keep gate",
  "2.54.0" => "W. Boulder Keep gate",
  "2.55.0" => "E. Boulder Keep gate",
  "2.56.0" => "E. Boulder Keep gate",
  "2.57.0" => "West Goron Keep gate",
  "2.58.0" => "West Goron Keep gate",
  "2.59.0" => "East Goron Keep gate",
  "2.60.0" => "East Goron Keep gate",
  "2.61.0" => "Enemy Base gate",
  "2.62.0" => "Enemy Base gate",
  "2.63.0" => "Enemy Base gate",
  "2.64.0" => "Connecting gate",
  "2.65.0" => "Connecting gate",
  "2.80.0" => "King's Hall gate",
  "2.81.0" => "King's Hall gate",
  "2.82.0" => "Cliffside Keep gate",
  "2.83.0" => "Cliffside Keep gate",
  "2.84.0" => "Lakeside Keep gate",
  "2.85.0" => "Temple Face Keep gate",
  "2.86.0" => "Temple Face Keep gate",
  "2.87.0" => "Temple Face Keep gate",
  "2.88.0" => "SW Room gate",
  "2.89.0" => "SW Room gate",
  "2.90.0" => "West Room gate",
  "2.91.0" => "SE Room gate",
  "2.92.0" => "SE Room gate",
  "2.93.0" => "East Room gate",
  "2.94.0" => "Central Hall gate",
  "2.95.0" => "Central Hall gate",
  "2.96.0" => "Central Hall gate",
  "2.97.0" => "Central Hall gate",
  "2.98.0" => "Enemy Base gate",
  "2.99.0" => "Enemy Base gate",
  "2.100.0" => "Enemy Base gate",
  "2.101.0" => "Temple Main gate",
  "2.102.0" => "Temple East gate",
  "2.103.0" => "SW Passage gate",
  "2.104.0" => "NW Passage gate",
  "2.105.0" => "SE Passage gate",
  "2.106.0" => "NE Passage gate",
  "3.0.0" => "Capture the A6twoR
A6vital keepsR!",
  "3.1.0" => "Escort the A1engineerR
to the A6bridgeR!",
  "3.2.0" => "Cut down the A6vine wallR,
and go to the A6summitR!",
  "3.3.0" => "Defeat A2ManhandlaR!",
  "3.4.0" => "Defeat the A2LizalfosR and
A2Dinolfos ChieftansR!",
  "3.5.0" => "Defeat all the
A2Keep SaboteursR!",
  "3.6.0" => "Defeat A2VolgaR!",
  "3.7.0" => "Stop the
A2Assault TroopsR!",
  "3.8.0" => "Defeat the A2tentaclesR
to reveal A2ManhandlaR!",
  "3.9.0" => "Capture the
A2Ruins SummitR!",
}